Archive member included to satisfy reference by file (symbol)

/home/ukim/st/stm32cubeide_1.19.0/plugins/com.st.stm32cube.ide.mcu.externaltools.gnu-tools-for-stm32.13.3.rel1.linux64_1.0.0.202410170706/tools/bin/../lib/gcc/arm-none-eabi/13.3.1/../../../../arm-none-eabi/lib/thumb/v7e-m+fp/hard/libc_nano.a(libc_a-exit.o)
                              /home/ukim/st/stm32cubeide_1.19.0/plugins/com.st.stm32cube.ide.mcu.externaltools.gnu-tools-for-stm32.13.3.rel1.linux64_1.0.0.202410170706/tools/bin/../lib/gcc/arm-none-eabi/13.3.1/../../../../arm-none-eabi/lib/thumb/v7e-m+fp/hard/crt0.o (exit)
/home/ukim/st/stm32cubeide_1.19.0/plugins/com.st.stm32cube.ide.mcu.externaltools.gnu-tools-for-stm32.13.3.rel1.linux64_1.0.0.202410170706/tools/bin/../lib/gcc/arm-none-eabi/13.3.1/../../../../arm-none-eabi/lib/thumb/v7e-m+fp/hard/libc_nano.a(libc_a-findfp.o)
                              /home/ukim/st/stm32cubeide_1.19.0/plugins/com.st.stm32cube.ide.mcu.externaltools.gnu-tools-for-stm32.13.3.rel1.linux64_1.0.0.202410170706/tools/bin/../lib/gcc/arm-none-eabi/13.3.1/../../../../arm-none-eabi/lib/thumb/v7e-m+fp/hard/libc_nano.a(libc_a-exit.o) (__stdio_exit_handler)
/home/ukim/st/stm32cubeide_1.19.0/plugins/com.st.stm32cube.ide.mcu.externaltools.gnu-tools-for-stm32.13.3.rel1.linux64_1.0.0.202410170706/tools/bin/../lib/gcc/arm-none-eabi/13.3.1/../../../../arm-none-eabi/lib/thumb/v7e-m+fp/hard/libc_nano.a(libc_a-fwalk.o)
                              /home/ukim/st/stm32cubeide_1.19.0/plugins/com.st.stm32cube.ide.mcu.externaltools.gnu-tools-for-stm32.13.3.rel1.linux64_1.0.0.202410170706/tools/bin/../lib/gcc/arm-none-eabi/13.3.1/../../../../arm-none-eabi/lib/thumb/v7e-m+fp/hard/libc_nano.a(libc_a-findfp.o) (_fwalk_sglue)
/home/ukim/st/stm32cubeide_1.19.0/plugins/com.st.stm32cube.ide.mcu.externaltools.gnu-tools-for-stm32.13.3.rel1.linux64_1.0.0.202410170706/tools/bin/../lib/gcc/arm-none-eabi/13.3.1/../../../../arm-none-eabi/lib/thumb/v7e-m+fp/hard/libc_nano.a(libc_a-stdio.o)
                              /home/ukim/st/stm32cubeide_1.19.0/plugins/com.st.stm32cube.ide.mcu.externaltools.gnu-tools-for-stm32.13.3.rel1.linux64_1.0.0.202410170706/tools/bin/../lib/gcc/arm-none-eabi/13.3.1/../../../../arm-none-eabi/lib/thumb/v7e-m+fp/hard/libc_nano.a(libc_a-findfp.o) (__sread)
/home/ukim/st/stm32cubeide_1.19.0/plugins/com.st.stm32cube.ide.mcu.externaltools.gnu-tools-for-stm32.13.3.rel1.linux64_1.0.0.202410170706/tools/bin/../lib/gcc/arm-none-eabi/13.3.1/../../../../arm-none-eabi/lib/thumb/v7e-m+fp/hard/libc_nano.a(libc_a-memset.o)
                              /home/ukim/st/stm32cubeide_1.19.0/plugins/com.st.stm32cube.ide.mcu.externaltools.gnu-tools-for-stm32.13.3.rel1.linux64_1.0.0.202410170706/tools/bin/../lib/gcc/arm-none-eabi/13.3.1/../../../../arm-none-eabi/lib/thumb/v7e-m+fp/hard/crt0.o (memset)
/home/ukim/st/stm32cubeide_1.19.0/plugins/com.st.stm32cube.ide.mcu.externaltools.gnu-tools-for-stm32.13.3.rel1.linux64_1.0.0.202410170706/tools/bin/../lib/gcc/arm-none-eabi/13.3.1/../../../../arm-none-eabi/lib/thumb/v7e-m+fp/hard/libc_nano.a(libc_a-closer.o)
                              /home/ukim/st/stm32cubeide_1.19.0/plugins/com.st.stm32cube.ide.mcu.externaltools.gnu-tools-for-stm32.13.3.rel1.linux64_1.0.0.202410170706/tools/bin/../lib/gcc/arm-none-eabi/13.3.1/../../../../arm-none-eabi/lib/thumb/v7e-m+fp/hard/libc_nano.a(libc_a-stdio.o) (_close_r)
/home/ukim/st/stm32cubeide_1.19.0/plugins/com.st.stm32cube.ide.mcu.externaltools.gnu-tools-for-stm32.13.3.rel1.linux64_1.0.0.202410170706/tools/bin/../lib/gcc/arm-none-eabi/13.3.1/../../../../arm-none-eabi/lib/thumb/v7e-m+fp/hard/libc_nano.a(libc_a-reent.o)
                              /home/ukim/st/stm32cubeide_1.19.0/plugins/com.st.stm32cube.ide.mcu.externaltools.gnu-tools-for-stm32.13.3.rel1.linux64_1.0.0.202410170706/tools/bin/../lib/gcc/arm-none-eabi/13.3.1/../../../../arm-none-eabi/lib/thumb/v7e-m+fp/hard/libc_nano.a(libc_a-closer.o) (errno)
/home/ukim/st/stm32cubeide_1.19.0/plugins/com.st.stm32cube.ide.mcu.externaltools.gnu-tools-for-stm32.13.3.rel1.linux64_1.0.0.202410170706/tools/bin/../lib/gcc/arm-none-eabi/13.3.1/../../../../arm-none-eabi/lib/thumb/v7e-m+fp/hard/libc_nano.a(libc_a-impure.o)
                              /home/ukim/st/stm32cubeide_1.19.0/plugins/com.st.stm32cube.ide.mcu.externaltools.gnu-tools-for-stm32.13.3.rel1.linux64_1.0.0.202410170706/tools/bin/../lib/gcc/arm-none-eabi/13.3.1/../../../../arm-none-eabi/lib/thumb/v7e-m+fp/hard/libc_nano.a(libc_a-reent.o) (_impure_ptr)
/home/ukim/st/stm32cubeide_1.19.0/plugins/com.st.stm32cube.ide.mcu.externaltools.gnu-tools-for-stm32.13.3.rel1.linux64_1.0.0.202410170706/tools/bin/../lib/gcc/arm-none-eabi/13.3.1/../../../../arm-none-eabi/lib/thumb/v7e-m+fp/hard/libc_nano.a(libc_a-lseekr.o)
[...]
Memory Configuration

Name             Origin             Length             Attributes
RAM              0x20000000         0x00020000         xrw
FLASH            0x08000000         0x00080000         xr
*default*        0x00000000         0xffffffff

Linker script and memory map

LOAD /home/ukim/st/stm32cubeide_1.19.0/plugins/com.st.stm32cube.ide.mcu.externaltools.gnu-tools-for-stm32.13.3.rel1.linux64_1.0.0.202410170706/tools/bin/../lib/gcc/arm-none-eabi/13.3.1/thumb/v7e-m+fp/hard/crti.o
LOAD /home/ukim/st/stm32cubeide_1.19.0/plugins/com.st.stm32cube.ide.mcu.externaltools.gnu-tools-for-stm32.13.3.rel1.linux64_1.0.0.202410170706/tools/bin/../lib/gcc/arm-none-eabi/13.3.1/thumb/v7e-m+fp/hard/crtbegin.o
LOAD /home/ukim/st/stm32cubeide_1.19.0/plugins/com.st.stm32cube.ide.mcu.externaltools.gnu-tools-for-stm32.13.3.rel1.linux64_1.0.0.202410170706/tools/bin/../lib/gcc/arm-none-eabi/13.3.1/../../../../arm-none-eabi/lib/thumb/v7e-m+fp/hard/crt0.o
LOAD ./Core/Src/dma.o
LOAD ./Core/Src/gpio.o
LOAD ./Core/Src/hid_queue.o
LOAD ./Core/Src/i2c.o
LOAD ./Core/Src/main.o
LOAD ./Core/Src/pwm.o
LOAD ./Core/Src/stm32f4xx_hal_msp.o
LOAD ./Core/Src/stm32f4xx_it.o
LOAD ./Core/Src/syscalls.o
LOAD ./Core/Src/sysmem.o
LOAD ./Core/Src/system_stm32f4xx.o
LOAD ./Core/Src/tim.o
LOAD ./Core/Src/usart.o
LOAD ./Core/Startup/startup_stm32f446retx.o
LOAD ./Drivers/STM32F4xx_HAL_Driver/Src/stm32f4xx_hal.o
LOAD ./Drivers/STM32F4xx_HAL_Driver/Src/stm32f4xx_hal_cortex.o
LOAD ./Drivers/STM32F4xx_HAL_Driver/Src/stm32f4xx_hal_dma.o
LOAD ./Drivers/STM32F4xx_HAL_Driver/Src/stm32f4xx_hal_dma_ex.o
LOAD ./Drivers/STM32F4xx_HAL_Driver/Src/stm32f4xx_hal_exti.o
LOAD ./Drivers/STM32F4xx_HAL_Driver/Src/stm32f4xx_hal_flash.o
LOAD ./Drivers/STM32F4xx_HAL_Driver/Src/stm32f4xx_hal_flash_ex.o
LOAD ./Drivers/STM32F4xx_HAL_Driver/Src/stm32f4xx_hal_flash_ramfunc.o
LOAD ./Drivers/STM32F4xx_HAL_Driver/Src/stm32f4xx_hal_gpio.o
LOAD ./Drivers/STM32F4xx_HAL_Driver/Src/stm32f4xx_hal_i2c.o
LOAD ./Drivers/STM32F4xx_HAL_Driver/Src/stm32f4xx_hal_i2c_ex.o
LOAD ./Drivers/STM32F4xx_HAL_Driver/Src/stm32f4xx_hal_pcd.o
LOAD ./Drivers/STM32F4xx_HAL_Driver/Src/stm32f4xx_hal_pcd_ex.o
LOAD ./Drivers/STM32F4xx_HAL_Driver/Src/stm32f4xx_hal_pwr.o
LOAD ./Drivers/STM32F4xx_HAL_Driver/Src/stm32f4xx_hal_pwr_ex.o
LOAD ./Drivers/STM32F4xx_HAL_Driver/Src/stm32f4xx_hal_rcc.o
LOAD ./Drivers/STM32F4xx_HAL_Driver/Src/stm32f4xx_hal_rcc_ex.o
LOAD ./Drivers/STM32F4xx_HAL_Driver/Src/stm32f4xx_hal_tim.o
LOAD ./Drivers/STM32F4xx_HAL_Driver/Src/stm32f4xx_hal_tim_ex.o
LOAD ./Drivers/STM32F4xx_HAL_Driver/Src/stm32f4xx_hal_uart.o
LOAD ./Drivers/STM32F4xx_HAL_Driver/Src/stm32f4xx_ll_usb.o
LOAD ./Middlewares/ST/STM32_USB_Device_Library/Class/HID/Src/usbd_hid.o
LOAD ./Middlewares/ST/STM32_USB_Device_Library/Core/Src/usbd_core.o
LOAD ./Middlewares/ST/STM32_USB_Device_Library/Core/Src/usbd_ctlreq.o
LOAD ./Middlewares/ST/STM32_USB_Device_Library/Core/Src/usbd_ioreq.o
LOAD ./USB_DEVICE/App/usb_device.o
LOAD ./USB_DEVICE/App/usbd_desc.o
LOAD ./USB_DEVICE/Target/usbd_conf.o
START GROUP
LOAD /home/ukim/st/stm32cubeide_1.19.0/plugins/com.st.stm32cube.ide.mcu.externaltools.gnu-tools-for-stm32.13.3.rel1.linux64_1.0.0.202410170706/tools/bin/../lib/gcc/arm-none-eabi/13.3.1/../../../../arm-none-eabi/lib/thumb/v7e-m+fp/hard/libc_nano.a
LOAD /home/ukim/st/stm32cubeide_1.19.0/plugins/com.st.stm32cube.ide.mcu.externaltools.gnu-tools-for-stm32.13.3.rel1.linux64_1.0.0.202410170706/tools/bin/../lib/gcc/arm-none-eabi/13.3.1/../../../../arm-none-eabi/lib/thumb/v7e-m+fp/hard/libm.a
END GROUP
START GROUP
LOAD /home/ukim/st/stm32cubeide_1.19.0/plugins/com.st.stm32cube.ide.mcu.externaltools.gnu-tools-for-stm32.13.3.rel1.linux64_1.0.0.202410170706/tools/bin/../lib/gcc/arm-none-eabi/13.3.1/thumb/v7e-m+fp/hard/libgcc.a
LOAD /home/ukim/st/stm32cubeide_1.19.0/plugins/com.st.stm32cube.ide.mcu.externaltools.gnu-tools-for-stm32.13.3.rel1.linux64_1.0.0.202410170706/tools/bin/../lib/gcc/arm-none-eabi/13.3.1/../../../../arm-none-eabi/lib/thumb/v7e-m+fp/hard/libc_nano.a
END GROUP
START GROUP
LOAD /home/ukim/st/stm32cubeide_1.19.0/plugins/com.st.stm32cube.ide.mcu.externaltools.gnu-tools-for-stm32.13.3.rel1.linux64_1.0.0.202410170706/tools/bin/../lib/gcc/arm-none-eabi/13.3.1/thumb/v7e-m+fp/hard/libgcc.a
LOAD /home/ukim/st/stm32cubeide_1.19.0/plugins/com.st.stm32cube.ide.mcu.externaltools.gnu-tools-for-stm32.13.3.rel1.linux64_1.0.0.202410170706/tools/bin/../lib/gcc/arm-none-eabi/13.3.1/../../../../arm-none-eabi/lib/thumb/v7e-m+fp/hard/libc_nano.a
LOAD /home/ukim/st/stm32cubeide_1.19.0/plugins/com.st.stm32cube.ide.mcu.externaltools.gnu-tools-for-stm32.13.3.rel1.linux64_1.0.0.202410170706/tools/bin/../lib/gcc/arm-none-eabi/13.3.1/../../../../arm-none-eabi/lib/thumb/v7e-m+fp/hard/libnosys.a
END GROUP
START GROUP
LOAD /home/ukim/st/stm32cubeide_1.19.0/plugins/com.st.stm32cube.ide.mcu.externaltools.gnu-tools-for-stm32.13.3.rel1.linux64_1.0.0.202410170706/tools/bin/../lib/gcc/arm-none-eabi/13.3.1/thumb/v7e-m+fp/hard/libgcc.a
LOAD /home/ukim/st/stm32cubeide_1.19.0/plugins/com.st.stm32cube.ide.mcu.externaltools.gnu-tools-for-stm32.13.3.rel1.linux64_1.0.0.202410170706/tools/bin/../lib/gcc/arm-none-eabi/13.3.1/../../../../arm-none-eabi/lib/thumb/v7e-m+fp/hard/libc_nano.a
LOAD /home/ukim/st/stm32cubeide_1.19.0/plugins/com.st.stm32cube.ide.mcu.externaltools.gnu-tools-for-stm32.13.3.rel1.linux64_1.0.0.202410170706/tools/bin/../lib/gcc/arm-none-eabi/13.3.1/../../../../arm-none-eabi/lib/thumb/v7e-m+fp/hard/libnosys.a
END GROUP
LOAD /home/ukim/st/stm32cubeide_1.19.0/plugins/com.st.stm32cube.ide.mcu.externaltools.gnu-tools-for-stm32.13.3.rel1.linux64_1.0.0.202410170706/tools/bin/../lib/gcc/arm-none-eabi/13.3.1/thumb/v7e-m+fp/hard/crtend.o
LOAD /home/ukim/st/stm32cubeide_1.19.0/plugins/com.st.stm32cube.ide.mcu.externaltools.gnu-tools-for-stm32.13.3.rel1.linux64_1.0.0.202410170706/tools/bin/../lib/gcc/arm-none-eabi/13.3.1/thumb/v7e-m+fp/hard/crtn.o
                0x20020000                        _estack = (ORIGIN (RAM) + LENGTH (RAM))
                0x00000200                        _Min_Heap_Size = 0x200
                0x00000400                        _Min_Stack_Size = 0x400

.isr_vector     0x08000000      0x1c4
                0x08000000                        . = ALIGN (0x4)
 *(.isr_vector)
 .isr_vector    0x08000000      0x1c4 ./Core/Startup/startup_stm32f446retx.o
                0x08000000                g_pfnVectors
                0x080001c4                        . = ALIGN (0x4)

.text           0x080001c4     0xb218
                0x080001c4                        . = ALIGN (0x4)
 *(.text)
 .text          0x080001c4       0x40 /home/ukim/st/stm32cubeide_1.19.0/plugins/com.st.stm32cube.ide.mcu.externaltools.gnu-tools-for-stm32.13.3.rel1.linux64_1.0.0.202410170706/tools/bin/../lib/gcc/arm-none-eabi/13.3.1/thumb/v7e-m+fp/hard/crtbegin.o
 .text          0x08000204       0x30 /home/ukim/st/stm32cubeide_1.19.0/plugins/com.st.stm32cube.ide.mcu.externaltools.gnu-tools-for-stm32.13.3.rel1.linux64_1.0.0.202410170706/tools/bin/../lib/gcc/arm-none-eabi/13.3.1/thumb/v7e-m+fp/hard/libgcc.a(_aeabi_uldivmod.o)
                0x08000204                __aeabi_uldivmod
 .text          0x08000234      0x2f8 /home/ukim/st/stm32cubeide_1.19.0/plugins/com.st.stm32cube.ide.mcu.externaltools.gnu-tools-for-stm32.13.3.rel1.linux64_1.0.0.202410170706/tools/bin/../lib/gcc/arm-none-eabi/13.3.1/thumb/v7e-m+fp/hard/libgcc.a(_udivmoddi4.o)
                0x08000234                __udivmoddi4
 .text          0x0800052c        0x4 /home/ukim/st/stm32cubeide_1.19.0/plugins/com.st.stm32cube.ide.mcu.externaltools.gnu-tools-for-stm32.13.3.rel1.linux64_1.0.0.202410170706/tools/bin/../lib/gcc/arm-none-eabi/13.3.1/thumb/v7e-m+fp/hard/libgcc.a(_dvmd_tls.o)
                0x0800052c                __aeabi_ldiv0
                0x0800052c                __aeabi_idiv0
 *(.text*)
 .text.MX_DMA_Init
                0x08000530       0xcc ./Core/Src/dma.o
                0x08000530                MX_DMA_Init
 .text.MX_GPIO_Init
                0x080005fc      0x140 ./Core/Src/gpio.o
                0x080005fc                MX_GPIO_Init
 .text.MX_I2C1_Init
                0x0800073c       0x5c ./Core/Src/i2c.o
                0x0800073c                MX_I2C1_Init
 .text.HAL_I2C_MspInit
                0x08000798       0x90 ./Core/Src/i2c.o
                0x08000798                HAL_I2C_MspInit
 .text.pq_init  0x08000828       0x2c ./Core/Src/main.o
                0x08000828                pq_init
 .text.pq_push  0x08000854       0x68 ./Core/Src/main.o
                0x08000854                pq_push
 .text.pq_pop   0x080008bc       0x6c ./Core/Src/main.o
                0x080008bc                pq_pop
 .text.main     0x08000928      0x1fc ./Core/Src/main.o
                0x08000928                main
 .text.mergeChild
                0x08000b24      0x108 ./Core/Src/main.o
                0x08000b24                mergeChild
 .text.SystemClock_Config
                0x08000c2c       0xd8 ./Core/Src/main.o
                0x08000c2c                SystemClock_Config
 .text.HAL_UART_RxCpltCallback
                0x08000d04       0xb8 ./Core/Src/main.o
                0x08000d04                HAL_UART_RxCpltCallback
 .text.HAL_UART_ErrorCallback
                0x08000dbc       0x98 ./Core/Src/main.o
                0x08000dbc                HAL_UART_ErrorCallback
 .text.findBestParent
                0x08000e54       0x84 ./Core/Src/main.o
                0x08000e54                findBestParent
 .text.handleUARTMessages
                0x08000ed8      0x144 ./Core/Src/main.o
                0x08000ed8                handleUARTMessages
 .text.addUSBReport
                0x0800101c       0x68 ./Core/Src/main.o
                0x0800101c                addUSBReport
 .text.matrixScan
                0x08001084       0xf0 ./Core/Src/main.o
                0x08001084                matrixScan
 .text.encoderProcess
                0x08001174       0xbc ./Core/Src/main.o
                0x08001174                encoderProcess
 .text.resetReport
                0x08001230       0x18 ./Core/Src/main.o
                0x08001230                resetReport
 .text.Error_Handler
                0x08001248        0xc ./Core/Src/main.o
                0x08001248                Error_Handler
 .text.MX_PWM_Init
                0x08001254       0x5c ./Core/Src/pwm.o
                0x08001254                MX_PWM_Init
 .text.PWM_Start
                0x080012b0       0x14 ./Core/Src/pwm.o
                0x080012b0                PWM_Start
 .text.HAL_MspInit
                0x080012c4       0x50 ./Core/Src/stm32f4xx_hal_msp.o
                0x080012c4                HAL_MspInit
 .text.NMI_Handler
                0x08001314        0x8 ./Core/Src/stm32f4xx_it.o
                0x08001314                NMI_Handler
 .text.HardFault_Handler
                0x0800131c        0x8 ./Core/Src/stm32f4xx_it.o
                0x0800131c                HardFault_Handler
 .text.MemManage_Handler
                0x08001324        0x8 ./Core/Src/stm32f4xx_it.o
                0x08001324                MemManage_Handler
 .text.BusFault_Handler
                0x0800132c        0x8 ./Core/Src/stm32f4xx_it.o
                0x0800132c                BusFault_Handler
 .text.UsageFault_Handler
                0x08001334        0x8 ./Core/Src/stm32f4xx_it.o
                0x08001334                UsageFault_Handler
 .text.SVC_Handler
                0x0800133c        0xe ./Core/Src/stm32f4xx_it.o
                0x0800133c                SVC_Handler
 .text.DebugMon_Handler
                0x0800134a        0xe ./Core/Src/stm32f4xx_it.o
                0x0800134a                DebugMon_Handler
 .text.PendSV_Handler
                0x08001358        0xe ./Core/Src/stm32f4xx_it.o
                0x08001358                PendSV_Handler
 .text.SysTick_Handler
                0x08001366        0xc ./Core/Src/stm32f4xx_it.o
                0x08001366                SysTick_Handler
 *fill*         0x08001372        0x2 
 .text.DMA1_Stream0_IRQHandler
                0x08001374       0x14 ./Core/Src/stm32f4xx_it.o
                0x08001374                DMA1_Stream0_IRQHandler
 .text.DMA1_Stream2_IRQHandler
                0x08001388       0x14 ./Core/Src/stm32f4xx_it.o
                0x08001388                DMA1_Stream2_IRQHandler
 .text.DMA1_Stream4_IRQHandler
                0x0800139c       0x14 ./Core/Src/stm32f4xx_it.o
                0x0800139c                DMA1_Stream4_IRQHandler
 .text.DMA1_Stream5_IRQHandler
                0x080013b0       0x14 ./Core/Src/stm32f4xx_it.o
                0x080013b0                DMA1_Stream5_IRQHandler
 .text.DMA1_Stream6_IRQHandler
                0x080013c4       0x14 ./Core/Src/stm32f4xx_it.o
                0x080013c4                DMA1_Stream6_IRQHandler
 .text.USART1_IRQHandler
                0x080013d8       0x14 ./Core/Src/stm32f4xx_it.o
                0x080013d8                USART1_IRQHandler
 .text.USART2_IRQHandler
                0x080013ec       0x14 ./Core/Src/stm32f4xx_it.o
                0x080013ec                USART2_IRQHandler
 .text.DMA1_Stream7_IRQHandler
                0x08001400       0x14 ./Core/Src/stm32f4xx_it.o
                0x08001400                DMA1_Stream7_IRQHandler
 .text.UART4_IRQHandler
                0x08001414       0x14 ./Core/Src/stm32f4xx_it.o
                0x08001414                UART4_IRQHandler
 .text.UART5_IRQHandler
                0x08001428       0x14 ./Core/Src/stm32f4xx_it.o
                0x08001428                UART5_IRQHandler
 .text.DMA2_Stream2_IRQHandler
                0x0800143c       0x14 ./Core/Src/stm32f4xx_it.o
                0x0800143c                DMA2_Stream2_IRQHandler
 .text.OTG_FS_IRQHandler
                0x08001450       0x14 ./Core/Src/stm32f4xx_it.o
                0x08001450                OTG_FS_IRQHandler
 .text.DMA2_Stream7_IRQHandler
                0x08001464       0x14 ./Core/Src/stm32f4xx_it.o
                0x08001464                DMA2_Stream7_IRQHandler
 .text.SystemInit
                0x08001478       0x24 ./Core/Src/system_stm32f4xx.o
                0x08001478                SystemInit
 .text.MX_TIM2_Init
                0x0800149c       0xb0 ./Core/Src/tim.o
                0x0800149c                MX_TIM2_Init
 .text.MX_TIM3_Init
                0x0800154c       0xa8 ./Core/Src/tim.o
                0x0800154c                MX_TIM3_Init
 .text.HAL_TIM_OC_MspInit
                0x080015f4       0x40 ./Core/Src/tim.o
                0x080015f4                HAL_TIM_OC_MspInit
 .text.HAL_TIM_Encoder_MspInit
                0x08001634       0x90 ./Core/Src/tim.o
                0x08001634                HAL_TIM_Encoder_MspInit
 .text.HAL_TIM_MspPostInit
                0x080016c4       0x70 ./Core/Src/tim.o
                0x080016c4                HAL_TIM_MspPostInit
 .text.MX_UART4_Init
                0x08001734       0x54 ./Core/Src/usart.o
                0x08001734                MX_UART4_Init
 .text.MX_UART5_Init
                0x08001788       0x54 ./Core/Src/usart.o
                0x08001788                MX_UART5_Init
 .text.MX_USART1_UART_Init
                0x080017dc       0x54 ./Core/Src/usart.o
                0x080017dc                MX_USART1_UART_Init
 .text.MX_USART2_UART_Init
                0x08001830       0x54 ./Core/Src/usart.o
                0x08001830                MX_USART2_UART_Init
 .text.HAL_UART_MspInit
                0x08001884      0x584 ./Core/Src/usart.o
                0x08001884                HAL_UART_MspInit
 .text.Reset_Handler
                0x08001e08       0x50 ./Core/Startup/startup_stm32f446retx.o
                0x08001e08                Reset_Handler
 .text.Default_Handler
                0x08001e58        0x2 ./Core/Startup/startup_stm32f446retx.o
                0x08001e58                RTC_Alarm_IRQHandler
                0x08001e58                EXTI2_IRQHandler
                0x08001e58                TIM8_CC_IRQHandler
                0x08001e58                FMPI2C1_EV_IRQHandler
                0x08001e58                SPI4_IRQHandler
                0x08001e58                TIM1_CC_IRQHandler
                0x08001e58                DMA2_Stream5_IRQHandler
                0x08001e58                PVD_IRQHandler
                0x08001e58                SDIO_IRQHandler
                0x08001e58                TAMP_STAMP_IRQHandler
                0x08001e58                CAN2_RX1_IRQHandler
                0x08001e58                EXTI3_IRQHandler
                0x08001e58                TIM8_TRG_COM_TIM14_IRQHandler
                0x08001e58                TIM1_UP_TIM10_IRQHandler
                0x08001e58                TIM8_UP_TIM13_IRQHandler
                0x08001e58                I2C3_ER_IRQHandler
                0x08001e58                EXTI0_IRQHandler
                0x08001e58                I2C2_EV_IRQHandler
                0x08001e58                CAN1_RX0_IRQHandler
                0x08001e58                FPU_IRQHandler
                0x08001e58                OTG_HS_WKUP_IRQHandler
                0x08001e58                CAN2_SCE_IRQHandler
                0x08001e58                SPI1_IRQHandler
                0x08001e58                TIM6_DAC_IRQHandler
                0x08001e58                TIM1_BRK_TIM9_IRQHandler
                0x08001e58                DCMI_IRQHandler
                0x08001e58                CAN2_RX0_IRQHandler
                0x08001e58                DMA2_Stream3_IRQHandler
                0x08001e58                SAI2_IRQHandler
                0x08001e58                USART6_IRQHandler
                0x08001e58                USART3_IRQHandler
                0x08001e58                CAN1_RX1_IRQHandler
                0x08001e58                DMA2_Stream0_IRQHandler
                0x08001e58                TIM4_IRQHandler
                0x08001e58                QUADSPI_IRQHandler
                0x08001e58                I2C1_EV_IRQHandler
                0x08001e58                DMA1_Stream1_IRQHandler
                0x08001e58                TIM3_IRQHandler
                0x08001e58                RCC_IRQHandler
                0x08001e58                TIM8_BRK_TIM12_IRQHandler
                0x08001e58                Default_Handler
                0x08001e58                CEC_IRQHandler
                0x08001e58                EXTI15_10_IRQHandler
                0x08001e58                ADC_IRQHandler
                0x08001e58                TIM7_IRQHandler
                0x08001e58                CAN2_TX_IRQHandler
                0x08001e58                TIM5_IRQHandler
                0x08001e58                I2C3_EV_IRQHandler
                0x08001e58                EXTI9_5_IRQHandler
                0x08001e58                RTC_WKUP_IRQHandler
                0x08001e58                SPDIF_RX_IRQHandler
                0x08001e58                SPI2_IRQHandler
                0x08001e58                OTG_HS_EP1_IN_IRQHandler
                0x08001e58                CAN1_TX_IRQHandler
                0x08001e58                FMPI2C1_ER_IRQHandler
                0x08001e58                EXTI4_IRQHandler
                0x08001e58                OTG_HS_EP1_OUT_IRQHandler
                0x08001e58                WWDG_IRQHandler
                0x08001e58                TIM2_IRQHandler
                0x08001e58                OTG_FS_WKUP_IRQHandler
                0x08001e58                TIM1_TRG_COM_TIM11_IRQHandler
                0x08001e58                OTG_HS_IRQHandler
                0x08001e58                EXTI1_IRQHandler
                0x08001e58                I2C2_ER_IRQHandler
                0x08001e58                DMA2_Stream1_IRQHandler
                0x08001e58                CAN1_SCE_IRQHandler
                0x08001e58                FLASH_IRQHandler
                0x08001e58                DMA2_Stream4_IRQHandler
                0x08001e58                SPI3_IRQHandler
                0x08001e58                I2C1_ER_IRQHandler
                0x08001e58                FMC_IRQHandler
                0x08001e58                DMA2_Stream6_IRQHandler
                0x08001e58                SAI1_IRQHandler
                0x08001e58                DMA1_Stream3_IRQHandler
 *fill*         0x08001e5a        0x2 
 .text.HAL_Init
                0x08001e5c       0x44 ./Drivers/STM32F4xx_HAL_Driver/Src/stm32f4xx_hal.o
                0x08001e5c                HAL_Init
 .text.HAL_InitTick
                0x08001ea0       0x60 ./Drivers/STM32F4xx_HAL_Driver/Src/stm32f4xx_hal.o
                0x08001ea0                HAL_InitTick
 .text.HAL_IncTick
                0x08001f00       0x28 ./Drivers/STM32F4xx_HAL_Driver/Src/stm32f4xx_hal.o
                0x08001f00                HAL_IncTick
 .text.HAL_GetTick
                0x08001f28       0x18 ./Drivers/STM32F4xx_HAL_Driver/Src/stm32f4xx_hal.o
                0x08001f28                HAL_GetTick
 .text.HAL_Delay
                0x08001f40       0x48 ./Drivers/STM32F4xx_HAL_Driver/Src/stm32f4xx_hal.o
                0x08001f40                HAL_Delay
 .text.__NVIC_SetPriorityGrouping
                0x08001f88       0x48 ./Drivers/STM32F4xx_HAL_Driver/Src/stm32f4xx_hal_cortex.o
 .text.__NVIC_GetPriorityGrouping
                0x08001fd0       0x1c ./Drivers/STM32F4xx_HAL_Driver/Src/stm32f4xx_hal_cortex.o
 .text.__NVIC_EnableIRQ
                0x08001fec       0x3c ./Drivers/STM32F4xx_HAL_Driver/Src/stm32f4xx_hal_cortex.o
 .text.__NVIC_SetPriority
                0x08002028       0x54 ./Drivers/STM32F4xx_HAL_Driver/Src/stm32f4xx_hal_cortex.o
 .text.NVIC_EncodePriority
                0x0800207c       0x66 ./Drivers/STM32F4xx_HAL_Driver/Src/stm32f4xx_hal_cortex.o
 *fill*         0x080020e2        0x2 
 .text.SysTick_Config
                0x080020e4       0x44 ./Drivers/STM32F4xx_HAL_Driver/Src/stm32f4xx_hal_cortex.o
 .text.HAL_NVIC_SetPriorityGrouping
                0x08002128       0x16 ./Drivers/STM32F4xx_HAL_Driver/Src/stm32f4xx_hal_cortex.o
                0x08002128                HAL_NVIC_SetPriorityGrouping
 .text.HAL_NVIC_SetPriority
                0x0800213e       0x38 ./Drivers/STM32F4xx_HAL_Driver/Src/stm32f4xx_hal_cortex.o
                0x0800213e                HAL_NVIC_SetPriority
 .text.HAL_NVIC_EnableIRQ
                0x08002176       0x1c ./Drivers/STM32F4xx_HAL_Driver/Src/stm32f4xx_hal_cortex.o
                0x08002176                HAL_NVIC_EnableIRQ
 .text.HAL_SYSTICK_Config
                0x08002192       0x18 ./Drivers/STM32F4xx_HAL_Driver/Src/stm32f4xx_hal_cortex.o
                0x08002192                HAL_SYSTICK_Config
 *fill*         0x080021aa        0x2 
 .text.HAL_DMA_Init
                0x080021ac      0x15c ./Drivers/STM32F4xx_HAL_Driver/Src/stm32f4xx_hal_dma.o
                0x080021ac                HAL_DMA_Init
 .text.HAL_DMA_Start_IT
                0x08002308       0xb0 ./Drivers/STM32F4xx_HAL_Driver/Src/stm32f4xx_hal_dma.o
                0x08002308                HAL_DMA_Start_IT
 .text.HAL_DMA_Abort
                0x080023b8       0xe0 ./Drivers/STM32F4xx_HAL_Driver/Src/stm32f4xx_hal_dma.o
                0x080023b8                HAL_DMA_Abort
 .text.HAL_DMA_Abort_IT
                0x08002498       0x44 ./Drivers/STM32F4xx_HAL_Driver/Src/stm32f4xx_hal_dma.o
                0x08002498                HAL_DMA_Abort_IT
 .text.HAL_DMA_IRQHandler
                0x080024dc      0x314 ./Drivers/STM32F4xx_HAL_Driver/Src/stm32f4xx_hal_dma.o
                0x080024dc                HAL_DMA_IRQHandler
 .text.DMA_SetConfig
                0x080027f0       0x5c ./Drivers/STM32F4xx_HAL_Driver/Src/stm32f4xx_hal_dma.o
 .text.DMA_CalcBaseAndBitshift
                0x0800284c       0x6c ./Drivers/STM32F4xx_HAL_Driver/Src/stm32f4xx_hal_dma.o
 .text.DMA_CheckFifoParam
                0x080028b8       0xf8 ./Drivers/STM32F4xx_HAL_Driver/Src/stm32f4xx_hal_dma.o
 .text.HAL_GPIO_Init
                0x080029b0      0x328 ./Drivers/STM32F4xx_HAL_Driver/Src/stm32f4xx_hal_gpio.o
                0x080029b0                HAL_GPIO_Init
 .text.HAL_GPIO_ReadPin
                0x08002cd8       0x30 ./Drivers/STM32F4xx_HAL_Driver/Src/stm32f4xx_hal_gpio.o
                0x08002cd8                HAL_GPIO_ReadPin
 .text.HAL_GPIO_WritePin
                0x08002d08       0x32 ./Drivers/STM32F4xx_HAL_Driver/Src/stm32f4xx_hal_gpio.o
                0x08002d08                HAL_GPIO_WritePin
 *fill*         0x08002d3a        0x2 
 .text.HAL_I2C_Init
                0x08002d3c      0x288 ./Drivers/STM32F4xx_HAL_Driver/Src/stm32f4xx_hal_i2c.o
                0x08002d3c                HAL_I2C_Init
 .text.HAL_PCD_Init
                0x08002fc4      0x22c ./Drivers/STM32F4xx_HAL_Driver/Src/stm32f4xx_hal_pcd.o
                0x08002fc4                HAL_PCD_Init
 .text.HAL_PCD_Start
                0x080031f0       0x6a ./Drivers/STM32F4xx_HAL_Driver/Src/stm32f4xx_hal_pcd.o
                0x080031f0                HAL_PCD_Start
 .text.HAL_PCD_IRQHandler
                0x0800325a      0x99c ./Drivers/STM32F4xx_HAL_Driver/Src/stm32f4xx_hal_pcd.o
                0x0800325a                HAL_PCD_IRQHandler
 .text.HAL_PCD_SetAddress
                0x08003bf6       0x48 ./Drivers/STM32F4xx_HAL_Driver/Src/stm32f4xx_hal_pcd.o
                0x08003bf6                HAL_PCD_SetAddress
 .text.HAL_PCD_EP_Open
                0x08003c3e       0xd4 ./Drivers/STM32F4xx_HAL_Driver/Src/stm32f4xx_hal_pcd.o
                0x08003c3e                HAL_PCD_EP_Open
 .text.HAL_PCD_EP_Close
                0x08003d12       0x94 ./Drivers/STM32F4xx_HAL_Driver/Src/stm32f4xx_hal_pcd.o
                0x08003d12                HAL_PCD_EP_Close
 .text.HAL_PCD_EP_Receive
                0x08003da6       0x76 ./Drivers/STM32F4xx_HAL_Driver/Src/stm32f4xx_hal_pcd.o
                0x08003da6                HAL_PCD_EP_Receive
 .text.HAL_PCD_EP_Transmit
                0x08003e1c       0x74 ./Drivers/STM32F4xx_HAL_Driver/Src/stm32f4xx_hal_pcd.o
                0x08003e1c                HAL_PCD_EP_Transmit
 .text.HAL_PCD_EP_SetStall
                0x08003e90       0xc6 ./Drivers/STM32F4xx_HAL_Driver/Src/stm32f4xx_hal_pcd.o
                0x08003e90                HAL_PCD_EP_SetStall
 .text.HAL_PCD_EP_ClrStall
                0x08003f56       0xac ./Drivers/STM32F4xx_HAL_Driver/Src/stm32f4xx_hal_pcd.o
                0x08003f56                HAL_PCD_EP_ClrStall
 .text.HAL_PCD_EP_Abort
                0x08004002       0x62 ./Drivers/STM32F4xx_HAL_Driver/Src/stm32f4xx_hal_pcd.o
                0x08004002                HAL_PCD_EP_Abort
 .text.PCD_WriteEmptyTxFifo
                0x08004064      0x118 ./Drivers/STM32F4xx_HAL_Driver/Src/stm32f4xx_hal_pcd.o
 .text.PCD_EP_OutXfrComplete_int
                0x0800417c      0x1d0 ./Drivers/STM32F4xx_HAL_Driver/Src/stm32f4xx_hal_pcd.o
 .text.PCD_EP_OutSetupPacket_int
                0x0800434c       0x8c ./Drivers/STM32F4xx_HAL_Driver/Src/stm32f4xx_hal_pcd.o
 .text.HAL_PCDEx_SetTxFiFo
                0x080043d8       0x8e ./Drivers/STM32F4xx_HAL_Driver/Src/stm32f4xx_hal_pcd_ex.o
                0x080043d8                HAL_PCDEx_SetTxFiFo
 .text.HAL_PCDEx_SetRxFiFo
                0x08004466       0x22 ./Drivers/STM32F4xx_HAL_Driver/Src/stm32f4xx_hal_pcd_ex.o
                0x08004466                HAL_PCDEx_SetRxFiFo
 .text.HAL_PCDEx_ActivateLPM
                0x08004488       0x48 ./Drivers/STM32F4xx_HAL_Driver/Src/stm32f4xx_hal_pcd_ex.o
                0x08004488                HAL_PCDEx_ActivateLPM
 .text.HAL_RCC_ClockConfig
                0x080044d0      0x1cc ./Drivers/STM32F4xx_HAL_Driver/Src/stm32f4xx_hal_rcc.o
                0x080044d0                HAL_RCC_ClockConfig
 .text.HAL_RCC_GetHCLKFreq
                0x0800469c       0x18 ./Drivers/STM32F4xx_HAL_Driver/Src/stm32f4xx_hal_rcc.o
                0x0800469c                HAL_RCC_GetHCLKFreq
 .text.HAL_RCC_GetPCLK1Freq
                0x080046b4       0x28 ./Drivers/STM32F4xx_HAL_Driver/Src/stm32f4xx_hal_rcc.o
                0x080046b4                HAL_RCC_GetPCLK1Freq
 .text.HAL_RCC_GetPCLK2Freq
                0x080046dc       0x28 ./Drivers/STM32F4xx_HAL_Driver/Src/stm32f4xx_hal_rcc.o
                0x080046dc                HAL_RCC_GetPCLK2Freq
 .text.HAL_RCCEx_PeriphCLKConfig
                0x08004704      0x654 ./Drivers/STM32F4xx_HAL_Driver/Src/stm32f4xx_hal_rcc_ex.o
                0x08004704                HAL_RCCEx_PeriphCLKConfig
 .text.HAL_RCC_GetSysClockFreq
                0x08004d58      0x460 ./Drivers/STM32F4xx_HAL_Driver/Src/stm32f4xx_hal_rcc_ex.o
                0x08004d58                HAL_RCC_GetSysClockFreq
 .text.HAL_RCC_OscConfig
                0x080051b8      0x53c ./Drivers/STM32F4xx_HAL_Driver/Src/stm32f4xx_hal_rcc_ex.o
                0x080051b8                HAL_RCC_OscConfig
 .text.HAL_TIM_OC_Init
                0x080056f4       0x9e ./Drivers/STM32F4xx_HAL_Driver/Src/stm32f4xx_hal_tim.o
                0x080056f4                HAL_TIM_OC_Init
 .text.HAL_TIM_PWM_Init
                0x08005792       0x9e ./Drivers/STM32F4xx_HAL_Driver/Src/stm32f4xx_hal_tim.o
                0x08005792                HAL_TIM_PWM_Init
 .text.HAL_TIM_PWM_MspInit
                0x08005830       0x14 ./Drivers/STM32F4xx_HAL_Driver/Src/stm32f4xx_hal_tim.o
                0x08005830                HAL_TIM_PWM_MspInit
 .text.HAL_TIM_PWM_Start
                0x08005844      0x190 ./Drivers/STM32F4xx_HAL_Driver/Src/stm32f4xx_hal_tim.o
                0x08005844                HAL_TIM_PWM_Start
 .text.HAL_TIM_Encoder_Init
                0x080059d4      0x14c ./Drivers/STM32F4xx_HAL_Driver/Src/stm32f4xx_hal_tim.o
                0x080059d4                HAL_TIM_Encoder_Init
 .text.HAL_TIM_Encoder_Start
                0x08005b20      0x11c ./Drivers/STM32F4xx_HAL_Driver/Src/stm32f4xx_hal_tim.o
                0x08005b20                HAL_TIM_Encoder_Start
 .text.HAL_TIM_OC_ConfigChannel
                0x08005c3c       0xb8 ./Drivers/STM32F4xx_HAL_Driver/Src/stm32f4xx_hal_tim.o
                0x08005c3c                HAL_TIM_OC_ConfigChannel
 .text.HAL_TIM_PWM_ConfigChannel
                0x08005cf4      0x184 ./Drivers/STM32F4xx_HAL_Driver/Src/stm32f4xx_hal_tim.o
                0x08005cf4                HAL_TIM_PWM_ConfigChannel
 .text.TIM_Base_SetConfig
                0x08005e78      0x14c ./Drivers/STM32F4xx_HAL_Driver/Src/stm32f4xx_hal_tim.o
                0x08005e78                TIM_Base_SetConfig
 .text.TIM_OC1_SetConfig
                0x08005fc4       0xe0 ./Drivers/STM32F4xx_HAL_Driver/Src/stm32f4xx_hal_tim.o
 .text.TIM_OC2_SetConfig
                0x080060a4       0xec ./Drivers/STM32F4xx_HAL_Driver/Src/stm32f4xx_hal_tim.o
                0x080060a4                TIM_OC2_SetConfig
 .text.TIM_OC3_SetConfig
                0x08006190       0xe8 ./Drivers/STM32F4xx_HAL_Driver/Src/stm32f4xx_hal_tim.o
 .text.TIM_OC4_SetConfig
                0x08006278       0xac ./Drivers/STM32F4xx_HAL_Driver/Src/stm32f4xx_hal_tim.o
 .text.TIM_CCxChannelCmd
                0x08006324       0x4a ./Drivers/STM32F4xx_HAL_Driver/Src/stm32f4xx_hal_tim.o
                0x08006324                TIM_CCxChannelCmd
 *fill*         0x0800636e        0x2 
 .text.HAL_TIMEx_MasterConfigSynchronization
                0x08006370       0xf8 ./Drivers/STM32F4xx_HAL_Driver/Src/stm32f4xx_hal_tim_ex.o
                0x08006370                HAL_TIMEx_MasterConfigSynchronization
 .text.HAL_UART_Init
                0x08006468       0xa0 ./Drivers/STM32F4xx_HAL_Driver/Src/stm32f4xx_hal_uart.o
                0x08006468                HAL_UART_Init
 .text.HAL_UART_Transmit_DMA
                0x08006508       0xf8 ./Drivers/STM32F4xx_HAL_Driver/Src/stm32f4xx_hal_uart.o
                0x08006508                HAL_UART_Transmit_DMA
 .text.HAL_UART_Receive_DMA
                0x08006600       0x4a ./Drivers/STM32F4xx_HAL_Driver/Src/stm32f4xx_hal_uart.o
                0x08006600                HAL_UART_Receive_DMA
 *fill*         0x0800664a        0x2 
 .text.HAL_UART_IRQHandler
                0x0800664c      0x554 ./Drivers/STM32F4xx_HAL_Driver/Src/stm32f4xx_hal_uart.o
                0x0800664c                HAL_UART_IRQHandler
 .text.HAL_UART_TxCpltCallback
                0x08006ba0       0x14 ./Drivers/STM32F4xx_HAL_Driver/Src/stm32f4xx_hal_uart.o
                0x08006ba0                HAL_UART_TxCpltCallback
 .text.HAL_UART_TxHalfCpltCallback
                0x08006bb4       0x14 ./Drivers/STM32F4xx_HAL_Driver/Src/stm32f4xx_hal_uart.o
                0x08006bb4                HAL_UART_TxHalfCpltCallback
 .text.HAL_UART_RxHalfCpltCallback
                0x08006bc8       0x14 ./Drivers/STM32F4xx_HAL_Driver/Src/stm32f4xx_hal_uart.o
                0x08006bc8                HAL_UART_RxHalfCpltCallback
 .text.HAL_UARTEx_RxEventCallback
                0x08006bdc       0x18 ./Drivers/STM32F4xx_HAL_Driver/Src/stm32f4xx_hal_uart.o
                0x08006bdc                HAL_UARTEx_RxEventCallback
 .text.UART_DMATransmitCplt
                0x08006bf4       0x9a ./Drivers/STM32F4xx_HAL_Driver/Src/stm32f4xx_hal_uart.o
 .text.UART_DMATxHalfCplt
                0x08006c8e       0x1c ./Drivers/STM32F4xx_HAL_Driver/Src/stm32f4xx_hal_uart.o
 .text.UART_DMAReceiveCplt
                0x08006caa      0x12c ./Drivers/STM32F4xx_HAL_Driver/Src/stm32f4xx_hal_uart.o
 .text.UART_DMARxHalfCplt
                0x08006dd6       0x3c ./Drivers/STM32F4xx_HAL_Driver/Src/stm32f4xx_hal_uart.o
 .text.UART_DMAError
                0x08006e12       0x94 ./Drivers/STM32F4xx_HAL_Driver/Src/stm32f4xx_hal_uart.o
 *fill*         0x08006ea6        0x2 
 .text.UART_Start_Receive_DMA
                0x08006ea8      0x14c ./Drivers/STM32F4xx_HAL_Driver/Src/stm32f4xx_hal_uart.o
                0x08006ea8                UART_Start_Receive_DMA
 .text.UART_EndTxTransfer
                0x08006ff4       0x50 ./Drivers/STM32F4xx_HAL_Driver/Src/stm32f4xx_hal_uart.o
 .text.UART_EndRxTransfer
                0x08007044       0xc6 ./Drivers/STM32F4xx_HAL_Driver/Src/stm32f4xx_hal_uart.o
 .text.UART_DMAAbortOnError
                0x0800710a       0x22 ./Drivers/STM32F4xx_HAL_Driver/Src/stm32f4xx_hal_uart.o
 .text.UART_Transmit_IT
                0x0800712c       0xa0 ./Drivers/STM32F4xx_HAL_Driver/Src/stm32f4xx_hal_uart.o
 .text.UART_EndTransmit_IT
                0x080071cc       0x30 ./Drivers/STM32F4xx_HAL_Driver/Src/stm32f4xx_hal_uart.o
 .text.UART_Receive_IT
                0x080071fc      0x17c ./Drivers/STM32F4xx_HAL_Driver/Src/stm32f4xx_hal_uart.o
 .text.UART_SetConfig
                0x08007378      0x4e8 ./Drivers/STM32F4xx_HAL_Driver/Src/stm32f4xx_hal_uart.o
 .text.USB_CoreInit
                0x08007860       0xc8 ./Drivers/STM32F4xx_HAL_Driver/Src/stm32f4xx_ll_usb.o
                0x08007860                USB_CoreInit
 .text.USB_SetTurnaroundTime
                0x08007928      0x144 ./Drivers/STM32F4xx_HAL_Driver/Src/stm32f4xx_ll_usb.o
                0x08007928                USB_SetTurnaroundTime
 .text.USB_EnableGlobalInt
                0x08007a6c       0x22 ./Drivers/STM32F4xx_HAL_Driver/Src/stm32f4xx_ll_usb.o
                0x08007a6c                USB_EnableGlobalInt
 .text.USB_DisableGlobalInt
                0x08007a8e       0x22 ./Drivers/STM32F4xx_HAL_Driver/Src/stm32f4xx_ll_usb.o
                0x08007a8e                USB_DisableGlobalInt
 .text.USB_SetCurrentMode
                0x08007ab0       0x98 ./Drivers/STM32F4xx_HAL_Driver/Src/stm32f4xx_ll_usb.o
                0x08007ab0                USB_SetCurrentMode
 .text.USB_DevInit
                0x08007b48      0x2bc ./Drivers/STM32F4xx_HAL_Driver/Src/stm32f4xx_ll_usb.o
                0x08007b48                USB_DevInit
 .text.USB_FlushTxFifo
                0x08007e04       0x64 ./Drivers/STM32F4xx_HAL_Driver/Src/stm32f4xx_ll_usb.o
                0x08007e04                USB_FlushTxFifo
 .text.USB_FlushRxFifo
                0x08007e68       0x5c ./Drivers/STM32F4xx_HAL_Driver/Src/stm32f4xx_ll_usb.o
                0x08007e68                USB_FlushRxFifo
 .text.USB_SetDevSpeed
                0x08007ec4       0x32 ./Drivers/STM32F4xx_HAL_Driver/Src/stm32f4xx_ll_usb.o
                0x08007ec4                USB_SetDevSpeed
 .text.USB_GetDevSpeed
                0x08007ef6       0x4a ./Drivers/STM32F4xx_HAL_Driver/Src/stm32f4xx_ll_usb.o
                0x08007ef6                USB_GetDevSpeed
 .text.USB_ActivateEndpoint
                0x08007f40      0x10e ./Drivers/STM32F4xx_HAL_Driver/Src/stm32f4xx_ll_usb.o
                0x08007f40                USB_ActivateEndpoint
 *fill*         0x0800804e        0x2 
 .text.USB_DeactivateEndpoint
                0x08008050      0x1b8 ./Drivers/STM32F4xx_HAL_Driver/Src/stm32f4xx_ll_usb.o
                0x08008050                USB_DeactivateEndpoint
 .text.USB_EPStartXfer
                0x08008208      0x53c ./Drivers/STM32F4xx_HAL_Driver/Src/stm32f4xx_ll_usb.o
                0x08008208                USB_EPStartXfer
 .text.USB_EPStopXfer
                0x08008744      0x154 ./Drivers/STM32F4xx_HAL_Driver/Src/stm32f4xx_ll_usb.o
                0x08008744                USB_EPStopXfer
 .text.USB_WritePacket
                0x08008898       0x7c ./Drivers/STM32F4xx_HAL_Driver/Src/stm32f4xx_ll_usb.o
                0x08008898                USB_WritePacket
 .text.USB_ReadPacket
                0x08008914       0xb0 ./Drivers/STM32F4xx_HAL_Driver/Src/stm32f4xx_ll_usb.o
                0x08008914                USB_ReadPacket
 .text.USB_EPSetStall
                0x080089c4       0xdc ./Drivers/STM32F4xx_HAL_Driver/Src/stm32f4xx_ll_usb.o
                0x080089c4                USB_EPSetStall
 .text.USB_EPClearStall
                0x08008aa0       0xcc ./Drivers/STM32F4xx_HAL_Driver/Src/stm32f4xx_ll_usb.o
                0x08008aa0                USB_EPClearStall
 .text.USB_SetDevAddress
                0x08008b6c       0x4c ./Drivers/STM32F4xx_HAL_Driver/Src/stm32f4xx_ll_usb.o
                0x08008b6c                USB_SetDevAddress
 .text.USB_DevConnect
                0x08008bb8       0x42 ./Drivers/STM32F4xx_HAL_Driver/Src/stm32f4xx_ll_usb.o
                0x08008bb8                USB_DevConnect
 .text.USB_DevDisconnect
                0x08008bfa       0x42 ./Drivers/STM32F4xx_HAL_Driver/Src/stm32f4xx_ll_usb.o
                0x08008bfa                USB_DevDisconnect
 .text.USB_ReadInterrupts
                0x08008c3c       0x26 ./Drivers/STM32F4xx_HAL_Driver/Src/stm32f4xx_ll_usb.o
                0x08008c3c                USB_ReadInterrupts
 .text.USB_ReadDevAllOutEpInterrupt
                0x08008c62       0x34 ./Drivers/STM32F4xx_HAL_Driver/Src/stm32f4xx_ll_usb.o
                0x08008c62                USB_ReadDevAllOutEpInterrupt
 .text.USB_ReadDevAllInEpInterrupt
                0x08008c96       0x34 ./Drivers/STM32F4xx_HAL_Driver/Src/stm32f4xx_ll_usb.o
                0x08008c96                USB_ReadDevAllInEpInterrupt
 .text.USB_ReadDevOutEPInterrupt
                0x08008cca       0x3c ./Drivers/STM32F4xx_HAL_Driver/Src/stm32f4xx_ll_usb.o
                0x08008cca                USB_ReadDevOutEPInterrupt
 .text.USB_ReadDevInEPInterrupt
                0x08008d06       0x5c ./Drivers/STM32F4xx_HAL_Driver/Src/stm32f4xx_ll_usb.o
                0x08008d06                USB_ReadDevInEPInterrupt
 .text.USB_GetMode
                0x08008d62       0x1c ./Drivers/STM32F4xx_HAL_Driver/Src/stm32f4xx_ll_usb.o
                0x08008d62                USB_GetMode
 .text.USB_ActivateSetup
                0x08008d7e       0x46 ./Drivers/STM32F4xx_HAL_Driver/Src/stm32f4xx_ll_usb.o
                0x08008d7e                USB_ActivateSetup
 .text.USB_EP0_OutStart
                0x08008dc4       0xbc ./Drivers/STM32F4xx_HAL_Driver/Src/stm32f4xx_ll_usb.o
                0x08008dc4                USB_EP0_OutStart
 .text.USB_CoreReset
                0x08008e80       0x70 ./Drivers/STM32F4xx_HAL_Driver/Src/stm32f4xx_ll_usb.o
 .text.USBD_HID_Init
                0x08008ef0       0xcc ./Middlewares/ST/STM32_USB_Device_Library/Class/HID/Src/usbd_hid.o
 .text.USBD_HID_DeInit
                0x08008fbc       0x90 ./Middlewares/ST/STM32_USB_Device_Library/Class/HID/Src/usbd_hid.o
 .text.USBD_HID_Setup
                0x0800904c      0x210 ./Middlewares/ST/STM32_USB_Device_Library/Class/HID/Src/usbd_hid.o
 .text.USBD_HID_SendReport
                0x0800925c       0x60 ./Middlewares/ST/STM32_USB_Device_Library/Class/HID/Src/usbd_hid.o
                0x0800925c                USBD_HID_SendReport
 .text.USBD_HID_GetFSCfgDesc
                0x080092bc       0x34 ./Middlewares/ST/STM32_USB_Device_Library/Class/HID/Src/usbd_hid.o
 .text.USBD_HID_GetHSCfgDesc
                0x080092f0       0x34 ./Middlewares/ST/STM32_USB_Device_Library/Class/HID/Src/usbd_hid.o
 .text.USBD_HID_GetOtherSpeedCfgDesc
                0x08009324       0x34 ./Middlewares/ST/STM32_USB_Device_Library/Class/HID/Src/usbd_hid.o
 .text.USBD_HID_DataIn
                0x08009358       0x2c ./Middlewares/ST/STM32_USB_Device_Library/Class/HID/Src/usbd_hid.o
 .text.USBD_HID_GetDeviceQualifierDesc
                0x08009384       0x20 ./Middlewares/ST/STM32_USB_Device_Library/Class/HID/Src/usbd_hid.o
 .text.USBD_Init
                0x080093a4       0x60 ./Middlewares/ST/STM32_USB_Device_Library/Core/Src/usbd_core.o
                0x080093a4                USBD_Init
 .text.USBD_RegisterClass
                0x08009404       0x6c ./Middlewares/ST/STM32_USB_Device_Library/Core/Src/usbd_core.o
                0x08009404                USBD_RegisterClass
 .text.USBD_Start
                0x08009470       0x18 ./Middlewares/ST/STM32_USB_Device_Library/Core/Src/usbd_core.o
                0x08009470                USBD_Start
 .text.USBD_RunTestMode
                0x08009488       0x16 ./Middlewares/ST/STM32_USB_Device_Library/Core/Src/usbd_core.o
                0x08009488                USBD_RunTestMode
 .text.USBD_SetClassConfig
                0x0800949e       0x38 ./Middlewares/ST/STM32_USB_Device_Library/Core/Src/usbd_core.o
                0x0800949e                USBD_SetClassConfig
 .text.USBD_ClrClassConfig
                0x080094d6       0x34 ./Middlewares/ST/STM32_USB_Device_Library/Core/Src/usbd_core.o
                0x080094d6                USBD_ClrClassConfig
 .text.USBD_LL_SetupStage
                0x0800950a       0xaa ./Middlewares/ST/STM32_USB_Device_Library/Core/Src/usbd_core.o
                0x0800950a                USBD_LL_SetupStage
 .text.USBD_LL_DataOutStage
                0x080095b4      0x178 ./Middlewares/ST/STM32_USB_Device_Library/Core/Src/usbd_core.o
                0x080095b4                USBD_LL_DataOutStage
 .text.USBD_LL_DataInStage
                0x0800972c      0x176 ./Middlewares/ST/STM32_USB_Device_Library/Core/Src/usbd_core.o
                0x0800972c                USBD_LL_DataInStage
 .text.USBD_LL_Reset
                0x080098a2       0xa6 ./Middlewares/ST/STM32_USB_Device_Library/Core/Src/usbd_core.o
                0x080098a2                USBD_LL_Reset
 .text.USBD_LL_SetSpeed
                0x08009948       0x20 ./Middlewares/ST/STM32_USB_Device_Library/Core/Src/usbd_core.o
                0x08009948                USBD_LL_SetSpeed
 .text.USBD_LL_Suspend
                0x08009968       0x38 ./Middlewares/ST/STM32_USB_Device_Library/Core/Src/usbd_core.o
                0x08009968                USBD_LL_Suspend
 .text.USBD_LL_Resume
                0x080099a0       0x30 ./Middlewares/ST/STM32_USB_Device_Library/Core/Src/usbd_core.o
                0x080099a0                USBD_LL_Resume
 .text.USBD_LL_SOF
                0x080099d0       0x40 ./Middlewares/ST/STM32_USB_Device_Library/Core/Src/usbd_core.o
                0x080099d0                USBD_LL_SOF
 .text.USBD_LL_IsoINIncomplete
                0x08009a10       0x64 ./Middlewares/ST/STM32_USB_Device_Library/Core/Src/usbd_core.o
                0x08009a10                USBD_LL_IsoINIncomplete
 .text.USBD_LL_IsoOUTIncomplete
                0x08009a74       0x64 ./Middlewares/ST/STM32_USB_Device_Library/Core/Src/usbd_core.o
                0x08009a74                USBD_LL_IsoOUTIncomplete
 .text.USBD_LL_DevConnected
                0x08009ad8       0x16 ./Middlewares/ST/STM32_USB_Device_Library/Core/Src/usbd_core.o
                0x08009ad8                USBD_LL_DevConnected
 .text.USBD_LL_DevDisconnected
                0x08009aee       0x46 ./Middlewares/ST/STM32_USB_Device_Library/Core/Src/usbd_core.o
                0x08009aee                USBD_LL_DevDisconnected
 .text.USBD_CoreFindIF
                0x08009b34       0x1a ./Middlewares/ST/STM32_USB_Device_Library/Core/Src/usbd_core.o
                0x08009b34                USBD_CoreFindIF
 .text.USBD_CoreFindEP
                0x08009b4e       0x1a ./Middlewares/ST/STM32_USB_Device_Library/Core/Src/usbd_core.o
                0x08009b4e                USBD_CoreFindEP
 .text.USBD_GetEpDesc
                0x08009b68       0x70 ./Middlewares/ST/STM32_USB_Device_Library/Core/Src/usbd_core.o
                0x08009b68                USBD_GetEpDesc
 .text.USBD_GetNextDesc
                0x08009bd8       0x38 ./Middlewares/ST/STM32_USB_Device_Library/Core/Src/usbd_core.o
                0x08009bd8                USBD_GetNextDesc
 .text.SWAPBYTE
                0x08009c10       0x3e ./Middlewares/ST/STM32_USB_Device_Library/Core/Src/usbd_ctlreq.o
 *fill*         0x08009c4e        0x2 
 .text.USBD_StdDevReq
                0x08009c50       0xe4 ./Middlewares/ST/STM32_USB_Device_Library/Core/Src/usbd_ctlreq.o
                0x08009c50                USBD_StdDevReq
 .text.USBD_StdItfReq
                0x08009d34       0xd8 ./Middlewares/ST/STM32_USB_Device_Library/Core/Src/usbd_ctlreq.o
                0x08009d34                USBD_StdItfReq
 .text.USBD_StdEPReq
                0x08009e0c      0x33e ./Middlewares/ST/STM32_USB_Device_Library/Core/Src/usbd_ctlreq.o
                0x08009e0c                USBD_StdEPReq
 *fill*         0x0800a14a        0x2 
 .text.USBD_GetDescriptor
                0x0800a14c      0x328 ./Middlewares/ST/STM32_USB_Device_Library/Core/Src/usbd_ctlreq.o
 .text.USBD_SetAddress
                0x0800a474       0x88 ./Middlewares/ST/STM32_USB_Device_Library/Core/Src/usbd_ctlreq.o
 .text.USBD_SetConfig
                0x0800a4fc      0x154 ./Middlewares/ST/STM32_USB_Device_Library/Core/Src/usbd_ctlreq.o
 .text.USBD_GetConfig
                0x0800a650       0x6c ./Middlewares/ST/STM32_USB_Device_Library/Core/Src/usbd_ctlreq.o
 .text.USBD_GetStatus
                0x0800a6bc       0x68 ./Middlewares/ST/STM32_USB_Device_Library/Core/Src/usbd_ctlreq.o
 .text.USBD_SetFeature
                0x0800a724       0x52 ./Middlewares/ST/STM32_USB_Device_Library/Core/Src/usbd_ctlreq.o
 .text.USBD_ClrFeature
                0x0800a776       0x44 ./Middlewares/ST/STM32_USB_Device_Library/Core/Src/usbd_ctlreq.o
 .text.USBD_ParseSetupRequest
                0x0800a7ba       0x74 ./Middlewares/ST/STM32_USB_Device_Library/Core/Src/usbd_ctlreq.o
                0x0800a7ba                USBD_ParseSetupRequest
 .text.USBD_CtlError
                0x0800a82e       0x22 ./Middlewares/ST/STM32_USB_Device_Library/Core/Src/usbd_ctlreq.o
                0x0800a82e                USBD_CtlError
 .text.USBD_GetString
                0x0800a850       0xa4 ./Middlewares/ST/STM32_USB_Device_Library/Core/Src/usbd_ctlreq.o
                0x0800a850                USBD_GetString
 .text.USBD_GetLen
                0x0800a8f4       0x34 ./Middlewares/ST/STM32_USB_Device_Library/Core/Src/usbd_ctlreq.o
 .text.USBD_CtlSendData
                0x0800a928       0x3c ./Middlewares/ST/STM32_USB_Device_Library/Core/Src/usbd_ioreq.o
                0x0800a928                USBD_CtlSendData
 .text.USBD_CtlContinueSendData
                0x0800a964       0x22 ./Middlewares/ST/STM32_USB_Device_Library/Core/Src/usbd_ioreq.o
                0x0800a964                USBD_CtlContinueSendData
 .text.USBD_CtlContinueRx
                0x0800a986       0x22 ./Middlewares/ST/STM32_USB_Device_Library/Core/Src/usbd_ioreq.o
                0x0800a986                USBD_CtlContinueRx
 .text.USBD_CtlSendStatus
                0x0800a9a8       0x26 ./Middlewares/ST/STM32_USB_Device_Library/Core/Src/usbd_ioreq.o
                0x0800a9a8                USBD_CtlSendStatus
 .text.USBD_CtlReceiveStatus
                0x0800a9ce       0x26 ./Middlewares/ST/STM32_USB_Device_Library/Core/Src/usbd_ioreq.o
                0x0800a9ce                USBD_CtlReceiveStatus
 .text.MX_USB_DEVICE_Init
                0x0800a9f4       0x4c ./USB_DEVICE/App/usb_device.o
                0x0800a9f4                MX_USB_DEVICE_Init
 .text.USBD_FS_DeviceDescriptor
                0x0800aa40       0x24 ./USB_DEVICE/App/usbd_desc.o
                0x0800aa40                USBD_FS_DeviceDescriptor
 .text.USBD_FS_LangIDStrDescriptor
                0x0800aa64       0x24 ./USB_DEVICE/App/usbd_desc.o
                0x0800aa64                USBD_FS_LangIDStrDescriptor
 .text.USBD_FS_ProductStrDescriptor
                0x0800aa88       0x3c ./USB_DEVICE/App/usbd_desc.o
                0x0800aa88                USBD_FS_ProductStrDescriptor
 .text.USBD_FS_ManufacturerStrDescriptor
                0x0800aac4       0x28 ./USB_DEVICE/App/usbd_desc.o
                0x0800aac4                USBD_FS_ManufacturerStrDescriptor
 .text.USBD_FS_SerialStrDescriptor
                0x0800aaec       0x24 ./USB_DEVICE/App/usbd_desc.o
                0x0800aaec                USBD_FS_SerialStrDescriptor
 .text.USBD_FS_ConfigStrDescriptor
                0x0800ab10       0x3c ./USB_DEVICE/App/usbd_desc.o
                0x0800ab10                USBD_FS_ConfigStrDescriptor
 .text.USBD_FS_InterfaceStrDescriptor
                0x0800ab4c       0x3c ./USB_DEVICE/App/usbd_desc.o
                0x0800ab4c                USBD_FS_InterfaceStrDescriptor
 .text.USBD_FS_USR_BOSDescriptor
                0x0800ab88       0x24 ./USB_DEVICE/App/usbd_desc.o
                0x0800ab88                USBD_FS_USR_BOSDescriptor
 .text.Get_SerialNum
                0x0800abac       0x58 ./USB_DEVICE/App/usbd_desc.o
 .text.IntToUnicode
                0x0800ac04       0x7e ./USB_DEVICE/App/usbd_desc.o
 *fill*         0x0800ac82        0x2 
 .text.HAL_PCD_MspInit
                0x0800ac84       0xd4 ./USB_DEVICE/Target/usbd_conf.o
                0x0800ac84                HAL_PCD_MspInit
 .text.HAL_PCD_SetupStageCallback
                0x0800ad58       0x24 ./USB_DEVICE/Target/usbd_conf.o
                0x0800ad58                HAL_PCD_SetupStageCallback
 .text.HAL_PCD_DataOutStageCallback
                0x0800ad7c       0x36 ./USB_DEVICE/Target/usbd_conf.o
                0x0800ad7c                HAL_PCD_DataOutStageCallback
 .text.HAL_PCD_DataInStageCallback
                0x0800adb2       0x34 ./USB_DEVICE/Target/usbd_conf.o
                0x0800adb2                HAL_PCD_DataInStageCallback
 .text.HAL_PCD_SOFCallback
                0x0800ade6       0x1c ./USB_DEVICE/Target/usbd_conf.o
                0x0800ade6                HAL_PCD_SOFCallback
 .text.HAL_PCD_ResetCallback
                0x0800ae02       0x50 ./USB_DEVICE/Target/usbd_conf.o
                0x0800ae02                HAL_PCD_ResetCallback
 *fill*         0x0800ae52        0x2 
 .text.HAL_PCD_SuspendCallback
                0x0800ae54       0x4c ./USB_DEVICE/Target/usbd_conf.o
                0x0800ae54                HAL_PCD_SuspendCallback
 .text.HAL_PCD_ResumeCallback
                0x0800aea0       0x1c ./USB_DEVICE/Target/usbd_conf.o
                0x0800aea0                HAL_PCD_ResumeCallback
 .text.HAL_PCD_ISOOUTIncompleteCallback
                0x0800aebc       0x24 ./USB_DEVICE/Target/usbd_conf.o
                0x0800aebc                HAL_PCD_ISOOUTIncompleteCallback
 .text.HAL_PCD_ISOINIncompleteCallback
                0x0800aee0       0x24 ./USB_DEVICE/Target/usbd_conf.o
                0x0800aee0                HAL_PCD_ISOINIncompleteCallback
 .text.HAL_PCD_ConnectCallback
                0x0800af04       0x1c ./USB_DEVICE/Target/usbd_conf.o
                0x0800af04                HAL_PCD_ConnectCallback
 .text.HAL_PCD_DisconnectCallback
                0x0800af20       0x1c ./USB_DEVICE/Target/usbd_conf.o
                0x0800af20                HAL_PCD_DisconnectCallback
 .text.USBD_LL_Init
                0x0800af3c       0x98 ./USB_DEVICE/Target/usbd_conf.o
                0x0800af3c                USBD_LL_Init
 .text.USBD_LL_Start
                0x0800afd4       0x36 ./USB_DEVICE/Target/usbd_conf.o
                0x0800afd4                USBD_LL_Start
 .text.USBD_LL_OpenEP
                0x0800b00a       0x4c ./USB_DEVICE/Target/usbd_conf.o
                0x0800b00a                USBD_LL_OpenEP
 .text.USBD_LL_CloseEP
                0x0800b056       0x3e ./USB_DEVICE/Target/usbd_conf.o
                0x0800b056                USBD_LL_CloseEP
 .text.USBD_LL_StallEP
                0x0800b094       0x3e ./USB_DEVICE/Target/usbd_conf.o
                0x0800b094                USBD_LL_StallEP
 .text.USBD_LL_ClearStallEP
                0x0800b0d2       0x3e ./USB_DEVICE/Target/usbd_conf.o
                0x0800b0d2                USBD_LL_ClearStallEP
 .text.USBD_LL_IsStallEP
                0x0800b110       0x58 ./USB_DEVICE/Target/usbd_conf.o
                0x0800b110                USBD_LL_IsStallEP
 .text.USBD_LL_SetUSBAddress
                0x0800b168       0x3e ./USB_DEVICE/Target/usbd_conf.o
                0x0800b168                USBD_LL_SetUSBAddress
 .text.USBD_LL_Transmit
                0x0800b1a6       0x42 ./USB_DEVICE/Target/usbd_conf.o
                0x0800b1a6                USBD_LL_Transmit
 .text.USBD_LL_PrepareReceive
                0x0800b1e8       0x42 ./USB_DEVICE/Target/usbd_conf.o
                0x0800b1e8                USBD_LL_PrepareReceive
 *fill*         0x0800b22a        0x2 
 .text.HAL_PCDEx_LPM_Callback
                0x0800b22c       0x9c ./USB_DEVICE/Target/usbd_conf.o
                0x0800b22c                HAL_PCDEx_LPM_Callback
 .text.USBD_static_malloc
                0x0800b2c8       0x1c ./USB_DEVICE/Target/usbd_conf.o
                0x0800b2c8                USBD_static_malloc
 .text.USBD_static_free
                0x0800b2e4       0x14 ./USB_DEVICE/Target/usbd_conf.o
                0x0800b2e4                USBD_static_free
 .text.USBD_Get_USB_Status
                0x0800b2f8       0x58 ./USB_DEVICE/Target/usbd_conf.o
                0x0800b2f8                USBD_Get_USB_Status
 .text.memset   0x0800b350       0x10 /home/ukim/st/stm32cubeide_1.19.0/plugins/com.st.stm32cube.ide.mcu.externaltools.gnu-tools-for-stm32.13.3.rel1.linux64_1.0.0.202410170706/tools/bin/../lib/gcc/arm-none-eabi/13.3.1/../../../../arm-none-eabi/lib/thumb/v7e-m+fp/hard/libc_nano.a(libc_a-memset.o)
                0x0800b350                memset
 .text.__libc_init_array
                0x0800b360       0x48 /home/ukim/st/stm32cubeide_1.19.0/plugins/com.st.stm32cube.ide.mcu.externaltools.gnu-tools-for-stm32.13.3.rel1.linux64_1.0.0.202410170706/tools/bin/../lib/gcc/arm-none-eabi/13.3.1/../../../../arm-none-eabi/lib/thumb/v7e-m+fp/hard/libc_nano.a(libc_a-init.o)
                0x0800b360                __libc_init_array
 .text.memcpy   0x0800b3a8       0x1c /home/ukim/st/stm32cubeide_1.19.0/plugins/com.st.stm32cube.ide.mcu.externaltools.gnu-tools-for-stm32.13.3.rel1.linux64_1.0.0.202410170706/tools/bin/../lib/gcc/arm-none-eabi/13.3.1/../../../../arm-none-eabi/lib/thumb/v7e-m+fp/hard/libc_nano.a(libc_a-memcpy-stub.o)
                0x0800b3a8                memcpy
 *(.glue_7)
 .glue_7        0x0800b3c4        0x0 linker stubs
 *(.glue_7t)
 .glue_7t       0x0800b3c4        0x0 linker stubs
 *(.eh_frame)
 .eh_frame      0x0800b3c4        0x0 /home/ukim/st/stm32cubeide_1.19.0/plugins/com.st.stm32cube.ide.mcu.externaltools.gnu-tools-for-stm32.13.3.rel1.linux64_1.0.0.202410170706/tools/bin/../lib/gcc/arm-none-eabi/13.3.1/thumb/v7e-m+fp/hard/crtbegin.o
 *(.init)
 .init          0x0800b3c4        0x4 /home/ukim/st/stm32cubeide_1.19.0/plugins/com.st.stm32cube.ide.mcu.externaltools.gnu-tools-for-stm32.13.3.rel1.linux64_1.0.0.202410170706/tools/bin/../lib/gcc/arm-none-eabi/13.3.1/thumb/v7e-m+fp/hard/crti.o
                0x0800b3c4                _init
 .init          0x0800b3c8        0x8 /home/ukim/st/stm32cubeide_1.19.0/plugins/com.st.stm32cube.ide.mcu.externaltools.gnu-tools-for-stm32.13.3.rel1.linux64_1.0.0.202410170706/tools/bin/../lib/gcc/arm-none-eabi/13.3.1/thumb/v7e-m+fp/hard/crtn.o
 *(.fini)
 .fini          0x0800b3d0        0x4 /home/ukim/st/stm32cubeide_1.19.0/plugins/com.st.stm32cube.ide.mcu.externaltools.gnu-tools-for-stm32.13.3.rel1.linux64_1.0.0.202410170706/tools/bin/../lib/gcc/arm-none-eabi/13.3.1/thumb/v7e-m+fp/hard/crti.o
                0x0800b3d0                _fini
 .fini          0x0800b3d4        0x8 /home/ukim/st/stm32cubeide_1.19.0/plugins/com.st.stm32cube.ide.mcu.externaltools.gnu-tools-for-stm32.13.3.rel1.linux64_1.0.0.202410170706/tools/bin/../lib/gcc/arm-none-eabi/13.3.1/thumb/v7e-m+fp/hard/crtn.o
                0x0800b3dc                        . = ALIGN (0x4)
                0x0800b3dc                        _etext = .

.vfp11_veneer   0x0800b3dc        0x0
 .vfp11_veneer  0x0800b3dc        0x0 linker stubs

.v4_bx          0x0800b3dc        0x0
 .v4_bx         0x0800b3dc        0x0 linker stubs

.iplt           0x0800b3dc        0x0
 .iplt          0x0800b3dc        0x0 /home/ukim/st/stm32cubeide_1.19.0/plugins/com.st.stm32cube.ide.mcu.externaltools.gnu-tools-for-stm32.13.3.rel1.linux64_1.0.0.202410170706/tools/bin/../lib/gcc/arm-none-eabi/13.3.1/thumb/v7e-m+fp/hard/crtbegin.o

.rodata         0x0800b3dc       0x5c
                0x0800b3dc                        . = ALIGN (0x4)
 *(.rodata)
 .rodata        0x0800b3dc       0x3a ./USB_DEVICE/App/usbd_desc.o
 *(.rodata*)
 *fill*         0x0800b416        0x2 
 .rodata.AHBPrescTable
                0x0800b418       0x10 ./Core/Src/system_stm32f4xx.o
                0x0800b418                AHBPrescTable
 .rodata.APBPrescTable
                0x0800b428        0x8 ./Core/Src/system_stm32f4xx.o
                0x0800b428                APBPrescTable
 .rodata.flagBitshiftOffset.0
                0x0800b430        0x8 ./Drivers/STM32F4xx_HAL_Driver/Src/stm32f4xx_hal_dma.o
                0x0800b438                        . = ALIGN (0x4)

.ARM.extab      0x0800b438        0x0
                0x0800b438                        . = ALIGN (0x4)
 *(.ARM.extab* .gnu.linkonce.armextab.*)
                0x0800b438                        . = ALIGN (0x4)

.ARM            0x0800b438        0x8
                0x0800b438                        . = ALIGN (0x4)
                0x0800b438                        __exidx_start = .
 *(.ARM.exidx*)
 .ARM.exidx     0x0800b438        0x8 /home/ukim/st/stm32cubeide_1.19.0/plugins/com.st.stm32cube.ide.mcu.externaltools.gnu-tools-for-stm32.13.3.rel1.linux64_1.0.0.202410170706/tools/bin/../lib/gcc/arm-none-eabi/13.3.1/thumb/v7e-m+fp/hard/libgcc.a(_udivmoddi4.o)
                0x0800b440                        __exidx_end = .
                0x0800b440                        . = ALIGN (0x4)

.preinit_array  0x0800b440        0x0
                0x0800b440                        . = ALIGN (0x4)
                0x0800b440                        PROVIDE (__preinit_array_start = .)
 *(.preinit_array*)
                0x0800b440                        PROVIDE (__preinit_array_end = .)
                0x0800b440                        . = ALIGN (0x4)

.init_array     0x0800b440        0x4
                0x0800b440                        . = ALIGN (0x4)
                0x0800b440                        PROVIDE (__init_array_start = .)
 *(SORT_BY_NAME(.init_array.*))
 *(.init_array*)
 .init_array    0x0800b440        0x4 /home/ukim/st/stm32cubeide_1.19.0/plugins/com.st.stm32cube.ide.mcu.externaltools.gnu-tools-for-stm32.13.3.rel1.linux64_1.0.0.202410170706/tools/bin/../lib/gcc/arm-none-eabi/13.3.1/thumb/v7e-m+fp/hard/crtbegin.o
                0x0800b444                        PROVIDE (__init_array_end = .)
                0x0800b444                        . = ALIGN (0x4)

.fini_array     0x0800b444        0x4
                0x0800b444                        . = ALIGN (0x4)
                [!provide]                        PROVIDE (__fini_array_start = .)
 *(SORT_BY_NAME(.fini_array.*))
 *(.fini_array*)
 .fini_array    0x0800b444        0x4 /home/ukim/st/stm32cubeide_1.19.0/plugins/com.st.stm32cube.ide.mcu.externaltools.gnu-tools-for-stm32.13.3.rel1.linux64_1.0.0.202410170706/tools/bin/../lib/gcc/arm-none-eabi/13.3.1/thumb/v7e-m+fp/hard/crtbegin.o
                [!provide]                        PROVIDE (__fini_array_end = .)
                0x0800b448                        . = ALIGN (0x4)
                0x0800b448                        _sidata = LOADADDR (.data)

.rel.dyn        0x0800b448        0x0
 .rel.iplt      0x0800b448        0x0 /home/ukim/st/stm32cubeide_1.19.0/plugins/com.st.stm32cube.ide.mcu.externaltools.gnu-tools-for-stm32.13.3.rel1.linux64_1.0.0.202410170706/tools/bin/../lib/gcc/arm-none-eabi/13.3.1/thumb/v7e-m+fp/hard/crtbegin.o

.data           0x20000000      0x1a0 load address 0x0800b448
                0x20000000                        . = ALIGN (0x4)
                0x20000000                        _sdata = .
 *(.data)
 *(.data*)
 .data.ROW_PINS
                0x20000000       0x30 ./Core/Src/main.o
                0x20000000                ROW_PINS
 .data.COLUMN_PINS
                0x20000030       0x28 ./Core/Src/main.o
                0x20000030                COLUMN_PINS
 .data.KEYCODES
                0x20000058       0x1e ./Core/Src/main.o
                0x20000058                KEYCODES
 *fill*         0x20000076        0x2 
 .data.PORT_DEPTH
                0x20000078        0x8 ./Core/Src/main.o
                0x20000078                PORT_DEPTH
 .data.PORTS    0x20000080       0x10 ./Core/Src/main.o
                0x20000080                PORTS
 .data.SystemCoreClock
                0x20000090        0x4 ./Core/Src/system_stm32f4xx.o
                0x20000090                SystemCoreClock
 .data.uwTickPrio
                0x20000094        0x4 ./Drivers/STM32F4xx_HAL_Driver/Src/stm32f4xx_hal.o
                0x20000094                uwTickPrio
 .data.uwTickFreq
                0x20000098        0x1 ./Drivers/STM32F4xx_HAL_Driver/Src/stm32f4xx_hal.o
                0x20000098                uwTickFreq
 *fill*         0x20000099        0x3 
 .data.USBD_HID
                0x2000009c       0x38 ./Middlewares/ST/STM32_USB_Device_Library/Class/HID/Src/usbd_hid.o
                0x2000009c                USBD_HID
 .data.USBD_HID_CfgDesc
                0x200000d4       0x22 ./Middlewares/ST/STM32_USB_Device_Library/Class/HID/Src/usbd_hid.o
 *fill*         0x200000f6        0x2 
 .data.USBD_HID_Desc
                0x200000f8        0x9 ./Middlewares/ST/STM32_USB_Device_Library/Class/HID/Src/usbd_hid.o
 *fill*         0x20000101        0x3 
 .data.USBD_HID_DeviceQualifierDesc
                0x20000104        0xa ./Middlewares/ST/STM32_USB_Device_Library/Class/HID/Src/usbd_hid.o
 *fill*         0x2000010e        0x2 
 .data.HID_MOUSE_ReportDesc
                0x20000110       0x2d ./Middlewares/ST/STM32_USB_Device_Library/Class/HID/Src/usbd_hid.o
 .data.HIDInEpAdd
                0x2000013d        0x1 ./Middlewares/ST/STM32_USB_Device_Library/Class/HID/Src/usbd_hid.o
 *fill*         0x2000013e        0x2 
 .data.FS_Desc  0x20000140       0x20 ./USB_DEVICE/App/usbd_desc.o
                0x20000140                FS_Desc
 .data.USBD_FS_DeviceDesc
                0x20000160       0x12 ./USB_DEVICE/App/usbd_desc.o
                0x20000160                USBD_FS_DeviceDesc
 *fill*         0x20000172        0x2 
 .data.USBD_FS_BOSDesc
                0x20000174        0xc ./USB_DEVICE/App/usbd_desc.o
                0x20000174                USBD_FS_BOSDesc
 .data.USBD_LangIDDesc
                0x20000180        0x4 ./USB_DEVICE/App/usbd_desc.o
                0x20000180                USBD_LangIDDesc
 .data.USBD_StringSerial
                0x20000184       0x1a ./USB_DEVICE/App/usbd_desc.o
                0x20000184                USBD_StringSerial
 *(.RamFunc)
 *(.RamFunc*)
                0x200001a0                        . = ALIGN (0x4)
 *fill*         0x2000019e        0x2 
                0x200001a0                        _edata = .

.igot.plt       0x200001a0        0x0 load address 0x0800b5e8
 .igot.plt      0x200001a0        0x0 /home/ukim/st/stm32cubeide_1.19.0/plugins/com.st.stm32cube.ide.mcu.externaltools.gnu-tools-for-stm32.13.3.rel1.linux64_1.0.0.202410170706/tools/bin/../lib/gcc/arm-none-eabi/13.3.1/thumb/v7e-m+fp/hard/crtbegin.o
                0x200001a0                        . = ALIGN (0x4)

.bss            0x200001a0     0x15bc load address 0x0800b5e8
                0x200001a0                        _sbss = .
                0x200001a0                        __bss_start__ = _sbss
 *(.bss)
 .bss           0x200001a0       0x1c /home/ukim/st/stm32cubeide_1.19.0/plugins/com.st.stm32cube.ide.mcu.externaltools.gnu-tools-for-stm32.13.3.rel1.linux64_1.0.0.202410170706/tools/bin/../lib/gcc/arm-none-eabi/13.3.1/thumb/v7e-m+fp/hard/crtbegin.o
 *(.bss*)
 .bss.hi2c1     0x200001bc       0x54 ./Core/Src/i2c.o
                0x200001bc                hi2c1
 .bss.REPORT    0x20000210        0xe ./Core/Src/main.o
                0x20000210                REPORT
 *fill*         0x2000021e        0x2 
 .bss.RX5Msg    0x20000220       0x10 ./Core/Src/main.o
                0x20000220                RX5Msg
 .bss.RX1Msg    0x20000230       0x10 ./Core/Src/main.o
                0x20000230                RX1Msg
 .bss.RX2Msg    0x20000240       0x10 ./Core/Src/main.o
                0x20000240                RX2Msg
 .bss.RX4Msg    0x20000250       0x10 ./Core/Src/main.o
                0x20000250                RX4Msg
 .bss.DEPTH     0x20000260        0x2 ./Core/Src/main.o
                0x20000260                DEPTH
 *fill*         0x20000262        0x2 
 .bss.PARENT    0x20000264        0x4 ./Core/Src/main.o
                0x20000264                PARENT
 .bss.KEYSTATE_CHANGED_FLAG
                0x20000268        0x1 ./Core/Src/main.o
                0x20000268                KEYSTATE_CHANGED_FLAG
 *fill*         0x20000269        0x3 
 .bss.KEYSTATE  0x2000026c       0x1e ./Core/Src/main.o
                0x2000026c                KEYSTATE
 .bss.MODE      0x2000028a        0x1 ./Core/Src/main.o
                0x2000028a                MODE
 *fill*         0x2000028b        0x1 
 .bss.LAST_ENCODER_COUNT
                0x2000028c        0x4 ./Core/Src/main.o
                0x2000028c                LAST_ENCODER_COUNT
 .bss.UART_KEYSTATE
                0x20000290       0x30 ./Core/Src/main.o
                0x20000290                UART_KEYSTATE
 .bss.huart1q   0x200002c0      0x183 ./Core/Src/main.o
                0x200002c0                huart1q
 *fill*         0x20000443        0x1 
 .bss.huart2q   0x20000444      0x183 ./Core/Src/main.o
                0x20000444                huart2q
 *fill*         0x200005c7        0x1 
 .bss.huart4q   0x200005c8      0x183 ./Core/Src/main.o
                0x200005c8                huart4q
 *fill*         0x2000074b        0x1 
 .bss.huart5q   0x2000074c      0x183 ./Core/Src/main.o
                0x2000074c                huart5q
 *fill*         0x200008cf        0x1 
 .bss.htim2     0x200008d0       0x48 ./Core/Src/tim.o
                0x200008d0                htim2
 .bss.htim3     0x20000918       0x48 ./Core/Src/tim.o
                0x20000918                htim3
 .bss.huart4    0x20000960       0x48 ./Core/Src/usart.o
                0x20000960                huart4
 .bss.huart5    0x200009a8       0x48 ./Core/Src/usart.o
                0x200009a8                huart5
 .bss.huart1    0x200009f0       0x48 ./Core/Src/usart.o
                0x200009f0                huart1
 .bss.huart2    0x20000a38       0x48 ./Core/Src/usart.o
                0x20000a38                huart2
 .bss.hdma_uart4_rx
                0x20000a80       0x60 ./Core/Src/usart.o
                0x20000a80                hdma_uart4_rx
 .bss.hdma_uart4_tx
                0x20000ae0       0x60 ./Core/Src/usart.o
                0x20000ae0                hdma_uart4_tx
 .bss.hdma_uart5_rx
                0x20000b40       0x60 ./Core/Src/usart.o
                0x20000b40                hdma_uart5_rx
 .bss.hdma_uart5_tx
                0x20000ba0       0x60 ./Core/Src/usart.o
                0x20000ba0                hdma_uart5_tx
 .bss.hdma_usart1_rx
                0x20000c00       0x60 ./Core/Src/usart.o
                0x20000c00                hdma_usart1_rx
 .bss.hdma_usart1_tx
                0x20000c60       0x60 ./Core/Src/usart.o
                0x20000c60                hdma_usart1_tx
 .bss.hdma_usart2_rx
                0x20000cc0       0x60 ./Core/Src/usart.o
                0x20000cc0                hdma_usart2_rx
 .bss.hdma_usart2_tx
                0x20000d20       0x60 ./Core/Src/usart.o
                0x20000d20                hdma_usart2_tx
 .bss.uwTick    0x20000d80        0x4 ./Drivers/STM32F4xx_HAL_Driver/Src/stm32f4xx_hal.o
                0x20000d80                uwTick
 .bss.cfgidx.0  0x20000d84        0x1 ./Middlewares/ST/STM32_USB_Device_Library/Core/Src/usbd_ctlreq.o
 *fill*         0x20000d85        0x3 
 .bss.hUsbDeviceFS
                0x20000d88      0x2dc ./USB_DEVICE/App/usb_device.o
                0x20000d88                hUsbDeviceFS
 .bss.USBD_StrDesc
                0x20001064      0x200 ./USB_DEVICE/App/usbd_desc.o
                0x20001064                USBD_StrDesc
 .bss.hpcd_USB_OTG_FS
                0x20001264      0x4e4 ./USB_DEVICE/Target/usbd_conf.o
                0x20001264                hpcd_USB_OTG_FS
 .bss.mem.0     0x20001748       0x14 ./USB_DEVICE/Target/usbd_conf.o
 *(COMMON)
                0x2000175c                        . = ALIGN (0x4)
                0x2000175c                        _ebss = .
                0x2000175c                        __bss_end__ = _ebss

._user_heap_stack
                0x2000175c      0x604 load address 0x0800b5e8
                0x20001760                        . = ALIGN (0x8)
 *fill*         0x2000175c        0x4 
                [!provide]                        PROVIDE (end = .)
                0x20001760                        PROVIDE (_end = .)
                0x20001960                        . = (. + _Min_Heap_Size)
 *fill*         0x20001760      0x200 
                0x20001d60                        . = (. + _Min_Stack_Size)
 *fill*         0x20001960      0x400 
                0x20001d60                        . = ALIGN (0x8)

/DISCARD/
 libc.a(*)
 libm.a(*)
 libgcc.a(*)

.ARM.attributes
                0x00000000       0x30
 *(.ARM.attributes)
 .ARM.attributes
                0x00000000       0x22 /home/ukim/st/stm32cubeide_1.19.0/plugins/com.st.stm32cube.ide.mcu.externaltools.gnu-tools-for-stm32.13.3.rel1.linux64_1.0.0.202410170706/tools/bin/../lib/gcc/arm-none-eabi/13.3.1/thumb/v7e-m+fp/hard/crti.o
 .ARM.attributes
                0x00000022       0x34 /home/ukim/st/stm32cubeide_1.19.0/plugins/com.st.stm32cube.ide.mcu.externaltools.gnu-tools-for-stm32.13.3.rel1.linux64_1.0.0.202410170706/tools/bin/../lib/gcc/arm-none-eabi/13.3.1/thumb/v7e-m+fp/hard/crtbegin.o
 .ARM.attributes
                0x00000056       0x34 ./Core/Src/dma.o
 .ARM.attributes
                0x0000008a       0x34 ./Core/Src/gpio.o
 .ARM.attributes
                0x000000be       0x34 ./Core/Src/i2c.o
 .ARM.attributes
                0x000000f2       0x34 ./Core/Src/main.o
 .ARM.attributes
                0x00000126       0x34 ./Core/Src/pwm.o
 .ARM.attributes
                0x0000015a       0x34 ./Core/Src/stm32f4xx_hal_msp.o
 .ARM.attributes
                0x0000018e       0x34 ./Core/Src/stm32f4xx_it.o
 .ARM.attributes
                0x000001c2       0x34 ./Core/Src/system_stm32f4xx.o
 .ARM.attributes
                0x000001f6       0x34 ./Core/Src/tim.o
 .ARM.attributes
                0x0000022a       0x34 ./Core/Src/usart.o
 .ARM.attributes
                0x0000025e       0x21 ./Core/Startup/startup_stm32f446retx.o
 .ARM.attributes
                0x0000027f       0x34 ./Drivers/STM32F4xx_HAL_Driver/Src/stm32f4xx_hal.o
 .ARM.attributes
                0x000002b3       0x34 ./Drivers/STM32F4xx_HAL_Driver/Src/stm32f4xx_hal_cortex.o
 .ARM.attributes
                0x000002e7       0x34 ./Drivers/STM32F4xx_HAL_Driver/Src/stm32f4xx_hal_dma.o
 .ARM.attributes
                0x0000031b       0x34 ./Drivers/STM32F4xx_HAL_Driver/Src/stm32f4xx_hal_gpio.o
 .ARM.attributes
                0x0000034f       0x34 ./Drivers/STM32F4xx_HAL_Driver/Src/stm32f4xx_hal_i2c.o
 .ARM.attributes
                0x00000383       0x34 ./Drivers/STM32F4xx_HAL_Driver/Src/stm32f4xx_hal_pcd.o
 .ARM.attributes
                0x000003b7       0x34 ./Drivers/STM32F4xx_HAL_Driver/Src/stm32f4xx_hal_pcd_ex.o
 .ARM.attributes
                0x000003eb       0x34 ./Drivers/STM32F4xx_HAL_Driver/Src/stm32f4xx_hal_rcc.o
 .ARM.attributes
                0x0000041f       0x34 ./Drivers/STM32F4xx_HAL_Driver/Src/stm32f4xx_hal_rcc_ex.o
 .ARM.attributes
                0x00000453       0x34 ./Drivers/STM32F4xx_HAL_Driver/Src/stm32f4xx_hal_tim.o
 .ARM.attributes
                0x00000487       0x34 ./Drivers/STM32F4xx_HAL_Driver/Src/stm32f4xx_hal_tim_ex.o
 .ARM.attributes
                0x000004bb       0x34 ./Drivers/STM32F4xx_HAL_Driver/Src/stm32f4xx_hal_uart.o
 .ARM.attributes
                0x000004ef       0x34 ./Drivers/STM32F4xx_HAL_Driver/Src/stm32f4xx_ll_usb.o
 .ARM.attributes
                0x00000523       0x34 ./Middlewares/ST/STM32_USB_Device_Library/Class/HID/Src/usbd_hid.o
 .ARM.attributes
                0x00000557       0x34 ./Middlewares/ST/STM32_USB_Device_Library/Core/Src/usbd_core.o
 .ARM.attributes
                0x0000058b       0x34 ./Middlewares/ST/STM32_USB_Device_Library/Core/Src/usbd_ctlreq.o
 .ARM.attributes
                0x000005bf       0x34 ./Middlewares/ST/STM32_USB_Device_Library/Core/Src/usbd_ioreq.o
 .ARM.attributes
                0x000005f3       0x34 ./USB_DEVICE/App/usb_device.o
 .ARM.attributes
                0x00000627       0x34 ./USB_DEVICE/App/usbd_desc.o
 .ARM.attributes
                0x0000065b       0x34 ./USB_DEVICE/Target/usbd_conf.o
 .ARM.attributes
                0x0000068f       0x34 /home/ukim/st/stm32cubeide_1.19.0/plugins/com.st.stm32cube.ide.mcu.externaltools.gnu-tools-for-stm32.13.3.rel1.linux64_1.0.0.202410170706/tools/bin/../lib/gcc/arm-none-eabi/13.3.1/../../../../arm-none-eabi/lib/thumb/v7e-m+fp/hard/libc_nano.a(libc_a-memset.o)
 .ARM.attributes
                0x000006c3       0x34 /home/ukim/st/stm32cubeide_1.19.0/plugins/com.st.stm32cube.ide.mcu.externaltools.gnu-tools-for-stm32.13.3.rel1.linux64_1.0.0.202410170706/tools/bin/../lib/gcc/arm-none-eabi/13.3.1/../../../../arm-none-eabi/lib/thumb/v7e-m+fp/hard/libc_nano.a(libc_a-init.o)
 .ARM.attributes
                0x000006f7       0x34 /home/ukim/st/stm32cubeide_1.19.0/plugins/com.st.stm32cube.ide.mcu.externaltools.gnu-tools-for-stm32.13.3.rel1.linux64_1.0.0.202410170706/tools/bin/../lib/gcc/arm-none-eabi/13.3.1/../../../../arm-none-eabi/lib/thumb/v7e-m+fp/hard/libc_nano.a(libc_a-memcpy-stub.o)
 .ARM.attributes
                0x0000072b       0x22 /home/ukim/st/stm32cubeide_1.19.0/plugins/com.st.stm32cube.ide.mcu.externaltools.gnu-tools-for-stm32.13.3.rel1.linux64_1.0.0.202410170706/tools/bin/../lib/gcc/arm-none-eabi/13.3.1/thumb/v7e-m+fp/hard/libgcc.a(_aeabi_uldivmod.o)
 .ARM.attributes
                0x0000074d       0x34 /home/ukim/st/stm32cubeide_1.19.0/plugins/com.st.stm32cube.ide.mcu.externaltools.gnu-tools-for-stm32.13.3.rel1.linux64_1.0.0.202410170706/tools/bin/../lib/gcc/arm-none-eabi/13.3.1/thumb/v7e-m+fp/hard/libgcc.a(_udivmoddi4.o)
 .ARM.attributes
                0x00000781       0x22 /home/ukim/st/stm32cubeide_1.19.0/plugins/com.st.stm32cube.ide.mcu.externaltools.gnu-tools-for-stm32.13.3.rel1.linux64_1.0.0.202410170706/tools/bin/../lib/gcc/arm-none-eabi/13.3.1/thumb/v7e-m+fp/hard/libgcc.a(_dvmd_tls.o)
 .ARM.attributes
                0x000007a3       0x22 /home/ukim/st/stm32cubeide_1.19.0/plugins/com.st.stm32cube.ide.mcu.externaltools.gnu-tools-for-stm32.13.3.rel1.linux64_1.0.0.202410170706/tools/bin/../lib/gcc/arm-none-eabi/13.3.1/thumb/v7e-m+fp/hard/crtn.o
OUTPUT(modularkbd.elf elf32-littlearm)
LOAD linker stubs
LOAD /home/ukim/st/stm32cubeide_1.19.0/plugins/com.st.stm32cube.ide.mcu.externaltools.gnu-tools-for-stm32.13.3.rel1.linux64_1.0.0.202410170706/tools/bin/../lib/gcc/arm-none-eabi/13.3.1/../../../../arm-none-eabi/lib/thumb/v7e-m+fp/hard/libc.a
LOAD /home/ukim/st/stm32cubeide_1.19.0/plugins/com.st.stm32cube.ide.mcu.externaltools.gnu-tools-for-stm32.13.3.rel1.linux64_1.0.0.202410170706/tools/bin/../lib/gcc/arm-none-eabi/13.3.1/../../../../arm-none-eabi/lib/thumb/v7e-m+fp/hard/libm.a
LOAD /home/ukim/st/stm32cubeide_1.19.0/plugins/com.st.stm32cube.ide.mcu.externaltools.gnu-tools-for-stm32.13.3.rel1.linux64_1.0.0.202410170706/tools/bin/../lib/gcc/arm-none-eabi/13.3.1/thumb/v7e-m+fp/hard/libgcc.a

.debug_info     0x00000000    0x1be15
 .debug_info    0x00000000      0x514 ./Core/Src/dma.o
 .debug_info    0x00000514      0x455 ./Core/Src/gpio.o
 .debug_info    0x00000969      0x9a4 ./Core/Src/i2c.o
 .debug_info    0x0000130d     0x1b60 ./Core/Src/main.o
 .debug_info    0x00002e6d      0x80d ./Core/Src/pwm.o
 .debug_info    0x0000367a      0x299 ./Core/Src/stm32f4xx_hal_msp.o
 .debug_info    0x00003913      0xc7c ./Core/Src/stm32f4xx_it.o
 .debug_info    0x0000458f      0x54a ./Core/Src/system_stm32f4xx.o
 .debug_info    0x00004ad9      0xd18 ./Core/Src/tim.o
 .debug_info    0x000057f1      0xdbf ./Core/Src/usart.o
 .debug_info    0x000065b0       0x30 ./Core/Startup/startup_stm32f446retx.o
 .debug_info    0x000065e0      0x99a ./Drivers/STM32F4xx_HAL_Driver/Src/stm32f4xx_hal.o
 .debug_info    0x00006f7a      0xdaa ./Drivers/STM32F4xx_HAL_Driver/Src/stm32f4xx_hal_cortex.o
 .debug_info    0x00007d24      0x8e7 ./Drivers/STM32F4xx_HAL_Driver/Src/stm32f4xx_hal_dma.o
 .debug_info    0x0000860b      0x70b ./Drivers/STM32F4xx_HAL_Driver/Src/stm32f4xx_hal_gpio.o
 .debug_info    0x00008d16     0x2421 ./Drivers/STM32F4xx_HAL_Driver/Src/stm32f4xx_hal_i2c.o
 .debug_info    0x0000b137     0x15e3 ./Drivers/STM32F4xx_HAL_Driver/Src/stm32f4xx_hal_pcd.o
 .debug_info    0x0000c71a      0x7b4 ./Drivers/STM32F4xx_HAL_Driver/Src/stm32f4xx_hal_pcd_ex.o
 .debug_info    0x0000cece      0x8ff ./Drivers/STM32F4xx_HAL_Driver/Src/stm32f4xx_hal_rcc.o
 .debug_info    0x0000d7cd      0x960 ./Drivers/STM32F4xx_HAL_Driver/Src/stm32f4xx_hal_rcc_ex.o
 .debug_info    0x0000e12d     0x299d ./Drivers/STM32F4xx_HAL_Driver/Src/stm32f4xx_hal_tim.o
 .debug_info    0x00010aca     0x14db ./Drivers/STM32F4xx_HAL_Driver/Src/stm32f4xx_hal_tim_ex.o
 .debug_info    0x00011fa5     0x2f4f ./Drivers/STM32F4xx_HAL_Driver/Src/stm32f4xx_hal_uart.o
 .debug_info    0x00014ef4     0x19f1 ./Drivers/STM32F4xx_HAL_Driver/Src/stm32f4xx_ll_usb.o
 .debug_info    0x000168e5      0xa9e ./Middlewares/ST/STM32_USB_Device_Library/Class/HID/Src/usbd_hid.o
 .debug_info    0x00017383      0xe1f ./Middlewares/ST/STM32_USB_Device_Library/Core/Src/usbd_core.o
 .debug_info    0x000181a2      0xaf8 ./Middlewares/ST/STM32_USB_Device_Library/Core/Src/usbd_ctlreq.o
 .debug_info    0x00018c9a      0x76f ./Middlewares/ST/STM32_USB_Device_Library/Core/Src/usbd_ioreq.o
 .debug_info    0x00019409      0x609 ./USB_DEVICE/App/usb_device.o
 .debug_info    0x00019a12      0x4ba ./USB_DEVICE/App/usbd_desc.o
 .debug_info    0x00019ecc     0x1f49 ./USB_DEVICE/Target/usbd_conf.o

.debug_abbrev   0x00000000     0x4285
 .debug_abbrev  0x00000000      0x11b ./Core/Src/dma.o
 .debug_abbrev  0x0000011b      0x152 ./Core/Src/gpio.o
 .debug_abbrev  0x0000026d      0x1f1 ./Core/Src/i2c.o
 .debug_abbrev  0x0000045e      0x368 ./Core/Src/main.o
 .debug_abbrev  0x000007c6      0x1f5 ./Core/Src/pwm.o
 .debug_abbrev  0x000009bb       0xd8 ./Core/Src/stm32f4xx_hal_msp.o
 .debug_abbrev  0x00000a93      0x1f6 ./Core/Src/stm32f4xx_it.o
 .debug_abbrev  0x00000c89      0x11a ./Core/Src/system_stm32f4xx.o
 .debug_abbrev  0x00000da3      0x22c ./Core/Src/tim.o
 .debug_abbrev  0x00000fcf      0x270 ./Core/Src/usart.o
 .debug_abbrev  0x0000123f       0x24 ./Core/Startup/startup_stm32f446retx.o
 .debug_abbrev  0x00001263      0x214 ./Drivers/STM32F4xx_HAL_Driver/Src/stm32f4xx_hal.o
 .debug_abbrev  0x00001477      0x31d ./Drivers/STM32F4xx_HAL_Driver/Src/stm32f4xx_hal_cortex.o
 .debug_abbrev  0x00001794      0x264 ./Drivers/STM32F4xx_HAL_Driver/Src/stm32f4xx_hal_dma.o
 .debug_abbrev  0x000019f8      0x1d4 ./Drivers/STM32F4xx_HAL_Driver/Src/stm32f4xx_hal_gpio.o
 .debug_abbrev  0x00001bcc      0x2ad ./Drivers/STM32F4xx_HAL_Driver/Src/stm32f4xx_hal_i2c.o
 .debug_abbrev  0x00001e79      0x2d0 ./Drivers/STM32F4xx_HAL_Driver/Src/stm32f4xx_hal_pcd.o
 .debug_abbrev  0x00002149      0x1dd ./Drivers/STM32F4xx_HAL_Driver/Src/stm32f4xx_hal_pcd_ex.o
 .debug_abbrev  0x00002326      0x2b7 ./Drivers/STM32F4xx_HAL_Driver/Src/stm32f4xx_hal_rcc.o
 .debug_abbrev  0x000025dd      0x211 ./Drivers/STM32F4xx_HAL_Driver/Src/stm32f4xx_hal_rcc_ex.o
 .debug_abbrev  0x000027ee      0x278 ./Drivers/STM32F4xx_HAL_Driver/Src/stm32f4xx_hal_tim.o
 .debug_abbrev  0x00002a66      0x283 ./Drivers/STM32F4xx_HAL_Driver/Src/stm32f4xx_hal_tim_ex.o
 .debug_abbrev  0x00002ce9      0x30e ./Drivers/STM32F4xx_HAL_Driver/Src/stm32f4xx_hal_uart.o
 .debug_abbrev  0x00002ff7      0x2b3 ./Drivers/STM32F4xx_HAL_Driver/Src/stm32f4xx_ll_usb.o
 .debug_abbrev  0x000032aa      0x2a2 ./Middlewares/ST/STM32_USB_Device_Library/Class/HID/Src/usbd_hid.o
 .debug_abbrev  0x0000354c      0x27c ./Middlewares/ST/STM32_USB_Device_Library/Core/Src/usbd_core.o
 .debug_abbrev  0x000037c8      0x26f ./Middlewares/ST/STM32_USB_Device_Library/Core/Src/usbd_ctlreq.o
 .debug_abbrev  0x00003a37      0x19a ./Middlewares/ST/STM32_USB_Device_Library/Core/Src/usbd_ioreq.o
 .debug_abbrev  0x00003bd1      0x190 ./USB_DEVICE/App/usb_device.o
 .debug_abbrev  0x00003d61      0x1e3 ./USB_DEVICE/App/usbd_desc.o
 .debug_abbrev  0x00003f44      0x341 ./USB_DEVICE/Target/usbd_conf.o

.debug_aranges  0x00000000     0x17f0
 .debug_aranges
                0x00000000       0x20 ./Core/Src/dma.o
 .debug_aranges
                0x00000020       0x20 ./Core/Src/gpio.o
 .debug_aranges
                0x00000040       0x30 ./Core/Src/i2c.o
 .debug_aranges
                0x00000070       0x90 ./Core/Src/main.o
 .debug_aranges
                0x00000100       0x40 ./Core/Src/pwm.o
 .debug_aranges
                0x00000140       0x20 ./Core/Src/stm32f4xx_hal_msp.o
 .debug_aranges
                0x00000160       0xc8 ./Core/Src/stm32f4xx_it.o
 .debug_aranges
                0x00000228       0x28 ./Core/Src/system_stm32f4xx.o
 .debug_aranges
                0x00000250       0x50 ./Core/Src/tim.o
 .debug_aranges
                0x000002a0       0x48 ./Core/Src/usart.o
 .debug_aranges
                0x000002e8       0x28 ./Core/Startup/startup_stm32f446retx.o
 .debug_aranges
                0x00000310       0xf0 ./Drivers/STM32F4xx_HAL_Driver/Src/stm32f4xx_hal.o
 .debug_aranges
                0x00000400      0x130 ./Drivers/STM32F4xx_HAL_Driver/Src/stm32f4xx_hal_cortex.o
 .debug_aranges
                0x00000530       0x90 ./Drivers/STM32F4xx_HAL_Driver/Src/stm32f4xx_hal_dma.o
 .debug_aranges
                0x000005c0       0x58 ./Drivers/STM32F4xx_HAL_Driver/Src/stm32f4xx_hal_gpio.o
 .debug_aranges
                0x00000618      0x2a8 ./Drivers/STM32F4xx_HAL_Driver/Src/stm32f4xx_hal_i2c.o
 .debug_aranges
                0x000008c0      0x148 ./Drivers/STM32F4xx_HAL_Driver/Src/stm32f4xx_hal_pcd.o
 .debug_aranges
                0x00000a08       0x48 ./Drivers/STM32F4xx_HAL_Driver/Src/stm32f4xx_hal_pcd_ex.o
 .debug_aranges
                0x00000a50       0x88 ./Drivers/STM32F4xx_HAL_Driver/Src/stm32f4xx_hal_rcc.o
 .debug_aranges
                0x00000ad8       0x78 ./Drivers/STM32F4xx_HAL_Driver/Src/stm32f4xx_hal_rcc_ex.o
 .debug_aranges
                0x00000b50      0x3d0 ./Drivers/STM32F4xx_HAL_Driver/Src/stm32f4xx_hal_tim.o
 .debug_aranges
                0x00000f20      0x168 ./Drivers/STM32F4xx_HAL_Driver/Src/stm32f4xx_hal_tim_ex.o
 .debug_aranges
                0x00001088      0x208 ./Drivers/STM32F4xx_HAL_Driver/Src/stm32f4xx_hal_uart.o
 .debug_aranges
                0x00001290      0x1a0 ./Drivers/STM32F4xx_HAL_Driver/Src/stm32f4xx_ll_usb.o
 .debug_aranges
                0x00001430       0x68 ./Middlewares/ST/STM32_USB_Device_Library/Class/HID/Src/usbd_hid.o
 .debug_aranges
                0x00001498       0xd8 ./Middlewares/ST/STM32_USB_Device_Library/Core/Src/usbd_core.o
 .debug_aranges
                0x00001570       0x90 ./Middlewares/ST/STM32_USB_Device_Library/Core/Src/usbd_ctlreq.o
 .debug_aranges
                0x00001600       0x50 ./Middlewares/ST/STM32_USB_Device_Library/Core/Src/usbd_ioreq.o
 .debug_aranges
                0x00001650       0x20 ./USB_DEVICE/App/usb_device.o
 .debug_aranges
                0x00001670       0x68 ./USB_DEVICE/App/usbd_desc.o
 .debug_aranges
                0x000016d8      0x118 ./USB_DEVICE/Target/usbd_conf.o

.debug_rnglists
                0x00000000     0x1291
 .debug_rnglists
                0x00000000       0x14 ./Core/Src/dma.o
 .debug_rnglists
                0x00000014       0x14 ./Core/Src/gpio.o
 .debug_rnglists
                0x00000028       0x20 ./Core/Src/i2c.o
 .debug_rnglists
                0x00000048       0x70 ./Core/Src/main.o
 .debug_rnglists
                0x000000b8       0x2b ./Core/Src/pwm.o
 .debug_rnglists
                0x000000e3       0x13 ./Core/Src/stm32f4xx_hal_msp.o
 .debug_rnglists
                0x000000f6       0x91 ./Core/Src/stm32f4xx_it.o
 .debug_rnglists
                0x00000187       0x1a ./Core/Src/system_stm32f4xx.o
 .debug_rnglists
                0x000001a1       0x3a ./Core/Src/tim.o
 .debug_rnglists
                0x000001db       0x33 ./Core/Src/usart.o
 .debug_rnglists
                0x0000020e       0x19 ./Core/Startup/startup_stm32f446retx.o
 .debug_rnglists
                0x00000227       0xaf ./Drivers/STM32F4xx_HAL_Driver/Src/stm32f4xx_hal.o
 .debug_rnglists
                0x000002d6       0xe0 ./Drivers/STM32F4xx_HAL_Driver/Src/stm32f4xx_hal_cortex.o
 .debug_rnglists
                0x000003b6       0x70 ./Drivers/STM32F4xx_HAL_Driver/Src/stm32f4xx_hal_dma.o
 .debug_rnglists
                0x00000426       0x3f ./Drivers/STM32F4xx_HAL_Driver/Src/stm32f4xx_hal_gpio.o
 .debug_rnglists
                0x00000465      0x23c ./Drivers/STM32F4xx_HAL_Driver/Src/stm32f4xx_hal_i2c.o
 .debug_rnglists
                0x000006a1       0xfa ./Drivers/STM32F4xx_HAL_Driver/Src/stm32f4xx_hal_pcd.o
 .debug_rnglists
                0x0000079b       0x32 ./Drivers/STM32F4xx_HAL_Driver/Src/stm32f4xx_hal_pcd_ex.o
 .debug_rnglists
                0x000007cd       0x66 ./Drivers/STM32F4xx_HAL_Driver/Src/stm32f4xx_hal_rcc.o
 .debug_rnglists
                0x00000833       0x5e ./Drivers/STM32F4xx_HAL_Driver/Src/stm32f4xx_hal_rcc_ex.o
 .debug_rnglists
                0x00000891      0x31a ./Drivers/STM32F4xx_HAL_Driver/Src/stm32f4xx_hal_tim.o
 .debug_rnglists
                0x00000bab      0x125 ./Drivers/STM32F4xx_HAL_Driver/Src/stm32f4xx_hal_tim_ex.o
 .debug_rnglists
                0x00000cd0      0x1bc ./Drivers/STM32F4xx_HAL_Driver/Src/stm32f4xx_hal_uart.o
 .debug_rnglists
                0x00000e8c      0x147 ./Drivers/STM32F4xx_HAL_Driver/Src/stm32f4xx_ll_usb.o
 .debug_rnglists
                0x00000fd3       0x4c ./Middlewares/ST/STM32_USB_Device_Library/Class/HID/Src/usbd_hid.o
 .debug_rnglists
                0x0000101f       0xa1 ./Middlewares/ST/STM32_USB_Device_Library/Core/Src/usbd_core.o
 .debug_rnglists
                0x000010c0       0x6e ./Middlewares/ST/STM32_USB_Device_Library/Core/Src/usbd_ctlreq.o
 .debug_rnglists
                0x0000112e       0x37 ./Middlewares/ST/STM32_USB_Device_Library/Core/Src/usbd_ioreq.o
 .debug_rnglists
                0x00001165       0x13 ./USB_DEVICE/App/usb_device.o
 .debug_rnglists
                0x00001178       0x49 ./USB_DEVICE/App/usbd_desc.o
 .debug_rnglists
                0x000011c1       0xd0 ./USB_DEVICE/Target/usbd_conf.o

.debug_macro    0x00000000    0x262b3
 .debug_macro   0x00000000      0x224 ./Core/Src/dma.o
 .debug_macro   0x00000224      0xad8 ./Core/Src/dma.o
 .debug_macro   0x00000cfc      0x2a7 ./Core/Src/dma.o
 .debug_macro   0x00000fa3       0x2e ./Core/Src/dma.o
 .debug_macro   0x00000fd1       0x28 ./Core/Src/dma.o
 .debug_macro   0x00000ff9       0x22 ./Core/Src/dma.o
 .debug_macro   0x0000101b       0x8e ./Core/Src/dma.o
 .debug_macro   0x000010a9       0x51 ./Core/Src/dma.o
 .debug_macro   0x000010fa      0x103 ./Core/Src/dma.o
 .debug_macro   0x000011fd       0x6a ./Core/Src/dma.o
 .debug_macro   0x00001267      0x1df ./Core/Src/dma.o
 .debug_macro   0x00001446       0x1c ./Core/Src/dma.o
 .debug_macro   0x00001462       0x22 ./Core/Src/dma.o
 .debug_macro   0x00001484       0xfb ./Core/Src/dma.o
 .debug_macro   0x0000157f     0x1011 ./Core/Src/dma.o
 .debug_macro   0x00002590      0x11f ./Core/Src/dma.o
 .debug_macro   0x000026af    0x1675e ./Core/Src/dma.o
 .debug_macro   0x00018e0d       0x6d ./Core/Src/dma.o
 .debug_macro   0x00018e7a     0x3693 ./Core/Src/dma.o
 .debug_macro   0x0001c50d      0x190 ./Core/Src/dma.o
 .debug_macro   0x0001c69d       0x5c ./Core/Src/dma.o
 .debug_macro   0x0001c6f9      0xca5 ./Core/Src/dma.o
 .debug_macro   0x0001d39e      0x9e9 ./Core/Src/dma.o
 .debug_macro   0x0001dd87      0x115 ./Core/Src/dma.o
 .debug_macro   0x0001de9c      0x1a0 ./Core/Src/dma.o
 .debug_macro   0x0001e03c       0xa5 ./Core/Src/dma.o
 .debug_macro   0x0001e0e1      0x16d ./Core/Src/dma.o
 .debug_macro   0x0001e24e      0x287 ./Core/Src/dma.o
 .debug_macro   0x0001e4d5       0x5f ./Core/Src/dma.o
 .debug_macro   0x0001e534      0x236 ./Core/Src/dma.o
 .debug_macro   0x0001e76a      0x132 ./Core/Src/dma.o
 .debug_macro   0x0001e89c      0x29c ./Core/Src/dma.o
 .debug_macro   0x0001eb38       0x2e ./Core/Src/dma.o
 .debug_macro   0x0001eb66      0x1b5 ./Core/Src/dma.o
 .debug_macro   0x0001ed1b       0x22 ./Core/Src/dma.o
 .debug_macro   0x0001ed3d       0xd6 ./Core/Src/dma.o
 .debug_macro   0x0001ee13      0x127 ./Core/Src/dma.o
 .debug_macro   0x0001ef3a       0xe8 ./Core/Src/dma.o
 .debug_macro   0x0001f022       0x89 ./Core/Src/dma.o
 .debug_macro   0x0001f0ab      0x8ed ./Core/Src/dma.o
 .debug_macro   0x0001f998       0x53 ./Core/Src/dma.o
 .debug_macro   0x0001f9eb      0x2aa ./Core/Src/dma.o
 .debug_macro   0x0001fc95      0x293 ./Core/Src/dma.o
 .debug_macro   0x0001ff28       0xba ./Core/Src/dma.o
 .debug_macro   0x0001ffe2      0x126 ./Core/Src/dma.o
 .debug_macro   0x00020108      0x304 ./Core/Src/dma.o
 .debug_macro   0x0002040c      0x224 ./Core/Src/gpio.o
 .debug_macro   0x00020630      0x224 ./Core/Src/i2c.o
 .debug_macro   0x00020854      0x444 ./Core/Src/main.o
 .debug_macro   0x00020c98       0x61 ./Core/Src/main.o
 .debug_macro   0x00020cf9       0x2a ./Core/Src/main.o
 .debug_macro   0x00020d23       0x43 ./Core/Src/main.o
 .debug_macro   0x00020d66       0x34 ./Core/Src/main.o
 .debug_macro   0x00020d9a       0x16 ./Core/Src/main.o
 .debug_macro   0x00020db0       0x3c ./Core/Src/main.o
 .debug_macro   0x00020dec      0x370 ./Core/Src/main.o
 .debug_macro   0x0002115c       0x10 ./Core/Src/main.o
 .debug_macro   0x0002116c       0x16 ./Core/Src/main.o
 .debug_macro   0x00021182       0x4a ./Core/Src/main.o
 .debug_macro   0x000211cc       0x34 ./Core/Src/main.o
 .debug_macro   0x00021200       0x10 ./Core/Src/main.o
 .debug_macro   0x00021210       0x58 ./Core/Src/main.o
 .debug_macro   0x00021268       0x8e ./Core/Src/main.o
 .debug_macro   0x000212f6       0x1c ./Core/Src/main.o
 .debug_macro   0x00021312      0x185 ./Core/Src/main.o
 .debug_macro   0x00021497       0x16 ./Core/Src/main.o
 .debug_macro   0x000214ad       0x16 ./Core/Src/main.o
 .debug_macro   0x000214c3      0x146 ./Core/Src/main.o
 .debug_macro   0x00021609       0x16 ./Core/Src/main.o
 .debug_macro   0x0002161f       0x16 ./Core/Src/main.o
 .debug_macro   0x00021635       0x29 ./Core/Src/main.o
 .debug_macro   0x0002165e       0x16 ./Core/Src/main.o
 .debug_macro   0x00021674       0x20 ./Core/Src/main.o
 .debug_macro   0x00021694       0x6b ./Core/Src/main.o
 .debug_macro   0x000216ff      0x20f ./Core/Src/main.o
 .debug_macro   0x0002190e       0x5f ./Core/Src/main.o
 .debug_macro   0x0002196d      0x22e ./Core/Src/pwm.o
 .debug_macro   0x00021b9b      0x21a ./Core/Src/stm32f4xx_hal_msp.o
 .debug_macro   0x00021db5      0x224 ./Core/Src/stm32f4xx_it.o
 .debug_macro   0x00021fd9      0x20b ./Core/Src/system_stm32f4xx.o
 .debug_macro   0x000221e4      0x224 ./Core/Src/tim.o
 .debug_macro   0x00022408      0x224 ./Core/Src/usart.o
 .debug_macro   0x0002262c      0x26b ./Drivers/STM32F4xx_HAL_Driver/Src/stm32f4xx_hal.o
 .debug_macro   0x00022897      0x20b ./Drivers/STM32F4xx_HAL_Driver/Src/stm32f4xx_hal_cortex.o
 .debug_macro   0x00022aa2      0x211 ./Drivers/STM32F4xx_HAL_Driver/Src/stm32f4xx_hal_dma.o
 .debug_macro   0x00022cb3      0x211 ./Drivers/STM32F4xx_HAL_Driver/Src/stm32f4xx_hal_gpio.o
 .debug_macro   0x00022ec4      0x259 ./Drivers/STM32F4xx_HAL_Driver/Src/stm32f4xx_hal_i2c.o
 .debug_macro   0x0002311d      0x217 ./Drivers/STM32F4xx_HAL_Driver/Src/stm32f4xx_hal_pcd.o
 .debug_macro   0x00023334      0x20b ./Drivers/STM32F4xx_HAL_Driver/Src/stm32f4xx_hal_pcd_ex.o
 .debug_macro   0x0002353f      0x22f ./Drivers/STM32F4xx_HAL_Driver/Src/stm32f4xx_hal_rcc.o
 .debug_macro   0x0002376e      0x20b ./Drivers/STM32F4xx_HAL_Driver/Src/stm32f4xx_hal_rcc_ex.o
 .debug_macro   0x00023979      0x20c ./Drivers/STM32F4xx_HAL_Driver/Src/stm32f4xx_hal_tim.o
 .debug_macro   0x00023b85      0x20b ./Drivers/STM32F4xx_HAL_Driver/Src/stm32f4xx_hal_tim_ex.o
 .debug_macro   0x00023d90      0x20c ./Drivers/STM32F4xx_HAL_Driver/Src/stm32f4xx_hal_uart.o
 .debug_macro   0x00023f9c      0x20b ./Drivers/STM32F4xx_HAL_Driver/Src/stm32f4xx_ll_usb.o
 .debug_macro   0x000241a7      0x3a9 ./Middlewares/ST/STM32_USB_Device_Library/Class/HID/Src/usbd_hid.o
 .debug_macro   0x00024550       0x9e ./Middlewares/ST/STM32_USB_Device_Library/Class/HID/Src/usbd_hid.o
 .debug_macro   0x000245ee      0x112 ./Middlewares/ST/STM32_USB_Device_Library/Class/HID/Src/usbd_hid.o