Archive member included to satisfy reference by file (symbol)

/home/ukim/st/stm32cubeide_1.19.0/plugins/com.st.stm32cube.ide.mcu.externaltools.gnu-tools-for-stm32.13.3.rel1.linux64_1.0.0.202410170706/tools/bin/../lib/gcc/arm-none-eabi/13.3.1/../../../../arm-none-eabi/lib/thumb/v7e-m+fp/hard/libc_nano.a(libc_a-exit.o)
                              /home/ukim/st/stm32cubeide_1.19.0/plugins/com.st.stm32cube.ide.mcu.externaltools.gnu-tools-for-stm32.13.3.rel1.linux64_1.0.0.202410170706/tools/bin/../lib/gcc/arm-none-eabi/13.3.1/../../../../arm-none-eabi/lib/thumb/v7e-m+fp/hard/crt0.o (exit)
/home/ukim/st/stm32cubeide_1.19.0/plugins/com.st.stm32cube.ide.mcu.externaltools.gnu-tools-for-stm32.13.3.rel1.linux64_1.0.0.202410170706/tools/bin/../lib/gcc/arm-none-eabi/13.3.1/../../../../arm-none-eabi/lib/thumb/v7e-m+fp/hard/libc_nano.a(libc_a-findfp.o)
                              /home/ukim/st/stm32cubeide_1.19.0/plugins/com.st.stm32cube.ide.mcu.externaltools.gnu-tools-for-stm32.13.3.rel1.linux64_1.0.0.202410170706/tools/bin/../lib/gcc/arm-none-eabi/13.3.1/../../../../arm-none-eabi/lib/thumb/v7e-m+fp/hard/libc_nano.a(libc_a-exit.o) (__stdio_exit_handler)
/home/ukim/st/stm32cubeide_1.19.0/plugins/com.st.stm32cube.ide.mcu.externaltools.gnu-tools-for-stm32.13.3.rel1.linux64_1.0.0.202410170706/tools/bin/../lib/gcc/arm-none-eabi/13.3.1/../../../../arm-none-eabi/lib/thumb/v7e-m+fp/hard/libc_nano.a(libc_a-fwalk.o)
                              /home/ukim/st/stm32cubeide_1.19.0/plugins/com.st.stm32cube.ide.mcu.externaltools.gnu-tools-for-stm32.13.3.rel1.linux64_1.0.0.202410170706/tools/bin/../lib/gcc/arm-none-eabi/13.3.1/../../../../arm-none-eabi/lib/thumb/v7e-m+fp/hard/libc_nano.a(libc_a-findfp.o) (_fwalk_sglue)
/home/ukim/st/stm32cubeide_1.19.0/plugins/com.st.stm32cube.ide.mcu.externaltools.gnu-tools-for-stm32.13.3.rel1.linux64_1.0.0.202410170706/tools/bin/../lib/gcc/arm-none-eabi/13.3.1/../../../../arm-none-eabi/lib/thumb/v7e-m+fp/hard/libc_nano.a(libc_a-stdio.o)
                              /home/ukim/st/stm32cubeide_1.19.0/plugins/com.st.stm32cube.ide.mcu.externaltools.gnu-tools-for-stm32.13.3.rel1.linux64_1.0.0.202410170706/tools/bin/../lib/gcc/arm-none-eabi/13.3.1/../../../../arm-none-eabi/lib/thumb/v7e-m+fp/hard/libc_nano.a(libc_a-findfp.o) (__sread)
/home/ukim/st/stm32cubeide_1.19.0/plugins/com.st.stm32cube.ide.mcu.externaltools.gnu-tools-for-stm32.13.3.rel1.linux64_1.0.0.202410170706/tools/bin/../lib/gcc/arm-none-eabi/13.3.1/../../../../arm-none-eabi/lib/thumb/v7e-m+fp/hard/libc_nano.a(libc_a-memset.o)
                              /home/ukim/st/stm32cubeide_1.19.0/plugins/com.st.stm32cube.ide.mcu.externaltools.gnu-tools-for-stm32.13.3.rel1.linux64_1.0.0.202410170706/tools/bin/../lib/gcc/arm-none-eabi/13.3.1/../../../../arm-none-eabi/lib/thumb/v7e-m+fp/hard/crt0.o (memset)
/home/ukim/st/stm32cubeide_1.19.0/plugins/com.st.stm32cube.ide.mcu.externaltools.gnu-tools-for-stm32.13.3.rel1.linux64_1.0.0.202410170706/tools/bin/../lib/gcc/arm-none-eabi/13.3.1/../../../../arm-none-eabi/lib/thumb/v7e-m+fp/hard/libc_nano.a(libc_a-closer.o)
                              /home/ukim/st/stm32cubeide_1.19.0/plugins/com.st.stm32cube.ide.mcu.externaltools.gnu-tools-for-stm32.13.3.rel1.linux64_1.0.0.202410170706/tools/bin/../lib/gcc/arm-none-eabi/13.3.1/../../../../arm-none-eabi/lib/thumb/v7e-m+fp/hard/libc_nano.a(libc_a-stdio.o) (_close_r)
/home/ukim/st/stm32cubeide_1.19.0/plugins/com.st.stm32cube.ide.mcu.externaltools.gnu-tools-for-stm32.13.3.rel1.linux64_1.0.0.202410170706/tools/bin/../lib/gcc/arm-none-eabi/13.3.1/../../../../arm-none-eabi/lib/thumb/v7e-m+fp/hard/libc_nano.a(libc_a-reent.o)
                              /home/ukim/st/stm32cubeide_1.19.0/plugins/com.st.stm32cube.ide.mcu.externaltools.gnu-tools-for-stm32.13.3.rel1.linux64_1.0.0.202410170706/tools/bin/../lib/gcc/arm-none-eabi/13.3.1/../../../../arm-none-eabi/lib/thumb/v7e-m+fp/hard/libc_nano.a(libc_a-closer.o) (errno)
/home/ukim/st/stm32cubeide_1.19.0/plugins/com.st.stm32cube.ide.mcu.externaltools.gnu-tools-for-stm32.13.3.rel1.linux64_1.0.0.202410170706/tools/bin/../lib/gcc/arm-none-eabi/13.3.1/../../../../arm-none-eabi/lib/thumb/v7e-m+fp/hard/libc_nano.a(libc_a-impure.o)
                              /home/ukim/st/stm32cubeide_1.19.0/plugins/com.st.stm32cube.ide.mcu.externaltools.gnu-tools-for-stm32.13.3.rel1.linux64_1.0.0.202410170706/tools/bin/../lib/gcc/arm-none-eabi/13.3.1/../../../../arm-none-eabi/lib/thumb/v7e-m+fp/hard/libc_nano.a(libc_a-reent.o) (_impure_ptr)
/home/ukim/st/stm32cubeide_1.19.0/plugins/com.st.stm32cube.ide.mcu.externaltools.gnu-tools-for-stm32.13.3.rel1.linux64_1.0.0.202410170706/tools/bin/../lib/gcc/arm-none-eabi/13.3.1/../../../../arm-none-eabi/lib/thumb/v7e-m+fp/hard/libc_nano.a(libc_a-lseekr.o)
[...]
Memory Configuration

Name             Origin             Length             Attributes
RAM              0x20000000         0x00020000         xrw
FLASH            0x08000000         0x00080000         xr
*default*        0x00000000         0xffffffff

Linker script and memory map

LOAD /home/ukim/st/stm32cubeide_1.19.0/plugins/com.st.stm32cube.ide.mcu.externaltools.gnu-tools-for-stm32.13.3.rel1.linux64_1.0.0.202410170706/tools/bin/../lib/gcc/arm-none-eabi/13.3.1/thumb/v7e-m+fp/hard/crti.o
LOAD /home/ukim/st/stm32cubeide_1.19.0/plugins/com.st.stm32cube.ide.mcu.externaltools.gnu-tools-for-stm32.13.3.rel1.linux64_1.0.0.202410170706/tools/bin/../lib/gcc/arm-none-eabi/13.3.1/thumb/v7e-m+fp/hard/crtbegin.o
LOAD /home/ukim/st/stm32cubeide_1.19.0/plugins/com.st.stm32cube.ide.mcu.externaltools.gnu-tools-for-stm32.13.3.rel1.linux64_1.0.0.202410170706/tools/bin/../lib/gcc/arm-none-eabi/13.3.1/../../../../arm-none-eabi/lib/thumb/v7e-m+fp/hard/crt0.o
LOAD ./Core/Src/main.o
LOAD ./Core/Src/stm32f4xx_hal_msp.o
LOAD ./Core/Src/stm32f4xx_it.o
LOAD ./Core/Src/syscalls.o
LOAD ./Core/Src/sysmem.o
LOAD ./Core/Src/system_stm32f4xx.o
LOAD ./Core/Startup/startup_stm32f446retx.o
LOAD ./Drivers/STM32F4xx_HAL_Driver/Src/stm32f4xx_hal.o
LOAD ./Drivers/STM32F4xx_HAL_Driver/Src/stm32f4xx_hal_cortex.o
LOAD ./Drivers/STM32F4xx_HAL_Driver/Src/stm32f4xx_hal_dma.o
LOAD ./Drivers/STM32F4xx_HAL_Driver/Src/stm32f4xx_hal_dma_ex.o
LOAD ./Drivers/STM32F4xx_HAL_Driver/Src/stm32f4xx_hal_exti.o
LOAD ./Drivers/STM32F4xx_HAL_Driver/Src/stm32f4xx_hal_flash.o
LOAD ./Drivers/STM32F4xx_HAL_Driver/Src/stm32f4xx_hal_flash_ex.o
LOAD ./Drivers/STM32F4xx_HAL_Driver/Src/stm32f4xx_hal_flash_ramfunc.o
LOAD ./Drivers/STM32F4xx_HAL_Driver/Src/stm32f4xx_hal_gpio.o
LOAD ./Drivers/STM32F4xx_HAL_Driver/Src/stm32f4xx_hal_i2c.o
LOAD ./Drivers/STM32F4xx_HAL_Driver/Src/stm32f4xx_hal_i2c_ex.o
LOAD ./Drivers/STM32F4xx_HAL_Driver/Src/stm32f4xx_hal_pcd.o
LOAD ./Drivers/STM32F4xx_HAL_Driver/Src/stm32f4xx_hal_pcd_ex.o
LOAD ./Drivers/STM32F4xx_HAL_Driver/Src/stm32f4xx_hal_pwr.o
LOAD ./Drivers/STM32F4xx_HAL_Driver/Src/stm32f4xx_hal_pwr_ex.o
LOAD ./Drivers/STM32F4xx_HAL_Driver/Src/stm32f4xx_hal_rcc.o
LOAD ./Drivers/STM32F4xx_HAL_Driver/Src/stm32f4xx_hal_rcc_ex.o
LOAD ./Drivers/STM32F4xx_HAL_Driver/Src/stm32f4xx_hal_tim.o
LOAD ./Drivers/STM32F4xx_HAL_Driver/Src/stm32f4xx_hal_tim_ex.o
LOAD ./Drivers/STM32F4xx_HAL_Driver/Src/stm32f4xx_hal_uart.o
LOAD ./Drivers/STM32F4xx_HAL_Driver/Src/stm32f4xx_ll_usb.o
LOAD ./Middlewares/ST/STM32_USB_Device_Library/Class/HID/Src/usbd_hid.o
LOAD ./Middlewares/ST/STM32_USB_Device_Library/Core/Src/usbd_core.o
LOAD ./Middlewares/ST/STM32_USB_Device_Library/Core/Src/usbd_ctlreq.o
LOAD ./Middlewares/ST/STM32_USB_Device_Library/Core/Src/usbd_ioreq.o
LOAD ./USB_DEVICE/App/usb_device.o
LOAD ./USB_DEVICE/App/usbd_desc.o
LOAD ./USB_DEVICE/Target/usbd_conf.o
START GROUP
LOAD /home/ukim/st/stm32cubeide_1.19.0/plugins/com.st.stm32cube.ide.mcu.externaltools.gnu-tools-for-stm32.13.3.rel1.linux64_1.0.0.202410170706/tools/bin/../lib/gcc/arm-none-eabi/13.3.1/../../../../arm-none-eabi/lib/thumb/v7e-m+fp/hard/libc_nano.a
LOAD /home/ukim/st/stm32cubeide_1.19.0/plugins/com.st.stm32cube.ide.mcu.externaltools.gnu-tools-for-stm32.13.3.rel1.linux64_1.0.0.202410170706/tools/bin/../lib/gcc/arm-none-eabi/13.3.1/../../../../arm-none-eabi/lib/thumb/v7e-m+fp/hard/libm.a
END GROUP
START GROUP
LOAD /home/ukim/st/stm32cubeide_1.19.0/plugins/com.st.stm32cube.ide.mcu.externaltools.gnu-tools-for-stm32.13.3.rel1.linux64_1.0.0.202410170706/tools/bin/../lib/gcc/arm-none-eabi/13.3.1/thumb/v7e-m+fp/hard/libgcc.a
LOAD /home/ukim/st/stm32cubeide_1.19.0/plugins/com.st.stm32cube.ide.mcu.externaltools.gnu-tools-for-stm32.13.3.rel1.linux64_1.0.0.202410170706/tools/bin/../lib/gcc/arm-none-eabi/13.3.1/../../../../arm-none-eabi/lib/thumb/v7e-m+fp/hard/libc_nano.a
END GROUP
START GROUP
LOAD /home/ukim/st/stm32cubeide_1.19.0/plugins/com.st.stm32cube.ide.mcu.externaltools.gnu-tools-for-stm32.13.3.rel1.linux64_1.0.0.202410170706/tools/bin/../lib/gcc/arm-none-eabi/13.3.1/thumb/v7e-m+fp/hard/libgcc.a
LOAD /home/ukim/st/stm32cubeide_1.19.0/plugins/com.st.stm32cube.ide.mcu.externaltools.gnu-tools-for-stm32.13.3.rel1.linux64_1.0.0.202410170706/tools/bin/../lib/gcc/arm-none-eabi/13.3.1/../../../../arm-none-eabi/lib/thumb/v7e-m+fp/hard/libc_nano.a
LOAD /home/ukim/st/stm32cubeide_1.19.0/plugins/com.st.stm32cube.ide.mcu.externaltools.gnu-tools-for-stm32.13.3.rel1.linux64_1.0.0.202410170706/tools/bin/../lib/gcc/arm-none-eabi/13.3.1/../../../../arm-none-eabi/lib/thumb/v7e-m+fp/hard/libnosys.a
END GROUP
START GROUP
LOAD /home/ukim/st/stm32cubeide_1.19.0/plugins/com.st.stm32cube.ide.mcu.externaltools.gnu-tools-for-stm32.13.3.rel1.linux64_1.0.0.202410170706/tools/bin/../lib/gcc/arm-none-eabi/13.3.1/thumb/v7e-m+fp/hard/libgcc.a
LOAD /home/ukim/st/stm32cubeide_1.19.0/plugins/com.st.stm32cube.ide.mcu.externaltools.gnu-tools-for-stm32.13.3.rel1.linux64_1.0.0.202410170706/tools/bin/../lib/gcc/arm-none-eabi/13.3.1/../../../../arm-none-eabi/lib/thumb/v7e-m+fp/hard/libc_nano.a
LOAD /home/ukim/st/stm32cubeide_1.19.0/plugins/com.st.stm32cube.ide.mcu.externaltools.gnu-tools-for-stm32.13.3.rel1.linux64_1.0.0.202410170706/tools/bin/../lib/gcc/arm-none-eabi/13.3.1/../../../../arm-none-eabi/lib/thumb/v7e-m+fp/hard/libnosys.a
END GROUP
LOAD /home/ukim/st/stm32cubeide_1.19.0/plugins/com.st.stm32cube.ide.mcu.externaltools.gnu-tools-for-stm32.13.3.rel1.linux64_1.0.0.202410170706/tools/bin/../lib/gcc/arm-none-eabi/13.3.1/thumb/v7e-m+fp/hard/crtend.o
LOAD /home/ukim/st/stm32cubeide_1.19.0/plugins/com.st.stm32cube.ide.mcu.externaltools.gnu-tools-for-stm32.13.3.rel1.linux64_1.0.0.202410170706/tools/bin/../lib/gcc/arm-none-eabi/13.3.1/thumb/v7e-m+fp/hard/crtn.o
                0x20020000                        _estack = (ORIGIN (RAM) + LENGTH (RAM))
                0x00000200                        _Min_Heap_Size = 0x200
                0x00000400                        _Min_Stack_Size = 0x400

.isr_vector     0x08000000      0x1c4
                0x08000000                        . = ALIGN (0x4)
 *(.isr_vector)
 .isr_vector    0x08000000      0x1c4 ./Core/Startup/startup_stm32f446retx.o
                0x08000000                g_pfnVectors
                0x080001c4                        . = ALIGN (0x4)

.text           0x080001c4     0x9390
                0x080001c4                        . = ALIGN (0x4)
 *(.text)
 .text          0x080001c4       0x40 /home/ukim/st/stm32cubeide_1.19.0/plugins/com.st.stm32cube.ide.mcu.externaltools.gnu-tools-for-stm32.13.3.rel1.linux64_1.0.0.202410170706/tools/bin/../lib/gcc/arm-none-eabi/13.3.1/thumb/v7e-m+fp/hard/crtbegin.o
 .text          0x08000204       0x30 /home/ukim/st/stm32cubeide_1.19.0/plugins/com.st.stm32cube.ide.mcu.externaltools.gnu-tools-for-stm32.13.3.rel1.linux64_1.0.0.202410170706/tools/bin/../lib/gcc/arm-none-eabi/13.3.1/thumb/v7e-m+fp/hard/libgcc.a(_aeabi_uldivmod.o)
                0x08000204                __aeabi_uldivmod
 .text          0x08000234      0x2f8 /home/ukim/st/stm32cubeide_1.19.0/plugins/com.st.stm32cube.ide.mcu.externaltools.gnu-tools-for-stm32.13.3.rel1.linux64_1.0.0.202410170706/tools/bin/../lib/gcc/arm-none-eabi/13.3.1/thumb/v7e-m+fp/hard/libgcc.a(_udivmoddi4.o)
                0x08000234                __udivmoddi4
 .text          0x0800052c        0x4 /home/ukim/st/stm32cubeide_1.19.0/plugins/com.st.stm32cube.ide.mcu.externaltools.gnu-tools-for-stm32.13.3.rel1.linux64_1.0.0.202410170706/tools/bin/../lib/gcc/arm-none-eabi/13.3.1/thumb/v7e-m+fp/hard/libgcc.a(_dvmd_tls.o)
                0x0800052c                __aeabi_ldiv0
                0x0800052c                __aeabi_idiv0
 *(.text*)
 .text.main     0x08000530      0x124 ./Core/Src/main.o
                0x08000530                main
 .text.SystemClock_Config
                0x08000654       0xd8 ./Core/Src/main.o
                0x08000654                SystemClock_Config
 .text.MX_I2C1_Init
                0x0800072c       0x5c ./Core/Src/main.o
 .text.MX_TIM2_Init
                0x08000788       0xb0 ./Core/Src/main.o
 .text.MX_TIM3_Init
                0x08000838       0xa8 ./Core/Src/main.o
 .text.MX_UART4_Init
                0x080008e0       0x54 ./Core/Src/main.o
 .text.MX_UART5_Init
                0x08000934       0x54 ./Core/Src/main.o
 .text.MX_USART1_UART_Init
                0x08000988       0x54 ./Core/Src/main.o
 .text.MX_USART2_UART_Init
                0x080009dc       0x54 ./Core/Src/main.o
 .text.MX_USART3_UART_Init
                0x08000a30       0x54 ./Core/Src/main.o
 .text.MX_GPIO_Init
                0x08000a84      0x140 ./Core/Src/main.o
 .text.HAL_UART_RxCpltCallback
                0x08000bc4       0x34 ./Core/Src/main.o
                0x08000bc4                HAL_UART_RxCpltCallback
 .text.handleUARTMessages
                0x08000bf8       0xdc ./Core/Src/main.o
                0x08000bf8                handleUARTMessages
 .text.addUSBReport
                0x08000cd4       0x68 ./Core/Src/main.o
                0x08000cd4                addUSBReport
 .text.matrixScan
                0x08000d3c       0xb0 ./Core/Src/main.o
                0x08000d3c                matrixScan
 .text.resetReport
                0x08000dec       0x20 ./Core/Src/main.o
                0x08000dec                resetReport
 .text.Error_Handler
                0x08000e0c        0xc ./Core/Src/main.o
                0x08000e0c                Error_Handler
 .text.HAL_MspInit
                0x08000e18       0x50 ./Core/Src/stm32f4xx_hal_msp.o
                0x08000e18                HAL_MspInit
 .text.HAL_I2C_MspInit
                0x08000e68       0x90 ./Core/Src/stm32f4xx_hal_msp.o
                0x08000e68                HAL_I2C_MspInit
 .text.HAL_TIM_OC_MspInit
                0x08000ef8       0x40 ./Core/Src/stm32f4xx_hal_msp.o
                0x08000ef8                HAL_TIM_OC_MspInit
 .text.HAL_TIM_Encoder_MspInit
                0x08000f38       0x90 ./Core/Src/stm32f4xx_hal_msp.o
                0x08000f38                HAL_TIM_Encoder_MspInit
 .text.HAL_TIM_MspPostInit
                0x08000fc8       0x70 ./Core/Src/stm32f4xx_hal_msp.o
                0x08000fc8                HAL_TIM_MspPostInit
 .text.HAL_UART_MspInit
                0x08001038      0x278 ./Core/Src/stm32f4xx_hal_msp.o
                0x08001038                HAL_UART_MspInit
 .text.NMI_Handler
                0x080012b0        0x8 ./Core/Src/stm32f4xx_it.o
                0x080012b0                NMI_Handler
 .text.HardFault_Handler
                0x080012b8        0x8 ./Core/Src/stm32f4xx_it.o
                0x080012b8                HardFault_Handler
 .text.MemManage_Handler
                0x080012c0        0x8 ./Core/Src/stm32f4xx_it.o
                0x080012c0                MemManage_Handler
 .text.BusFault_Handler
                0x080012c8        0x8 ./Core/Src/stm32f4xx_it.o
                0x080012c8                BusFault_Handler
 .text.UsageFault_Handler
                0x080012d0        0x8 ./Core/Src/stm32f4xx_it.o
                0x080012d0                UsageFault_Handler
 .text.SVC_Handler
                0x080012d8        0xe ./Core/Src/stm32f4xx_it.o
                0x080012d8                SVC_Handler
 .text.DebugMon_Handler
                0x080012e6        0xe ./Core/Src/stm32f4xx_it.o
                0x080012e6                DebugMon_Handler
 .text.PendSV_Handler
                0x080012f4        0xe ./Core/Src/stm32f4xx_it.o
                0x080012f4                PendSV_Handler
 .text.SysTick_Handler
                0x08001302        0xc ./Core/Src/stm32f4xx_it.o
                0x08001302                SysTick_Handler
 *fill*         0x0800130e        0x2 
 .text.OTG_FS_IRQHandler
                0x08001310       0x14 ./Core/Src/stm32f4xx_it.o
                0x08001310                OTG_FS_IRQHandler
 .text.SystemInit
                0x08001324       0x24 ./Core/Src/system_stm32f4xx.o
                0x08001324                SystemInit
 .text.Reset_Handler
                0x08001348       0x50 ./Core/Startup/startup_stm32f446retx.o
                0x08001348                Reset_Handler
 .text.Default_Handler
                0x08001398        0x2 ./Core/Startup/startup_stm32f446retx.o
                0x08001398                RTC_Alarm_IRQHandler
                0x08001398                EXTI2_IRQHandler
                0x08001398                TIM8_CC_IRQHandler
                0x08001398                FMPI2C1_EV_IRQHandler
                0x08001398                SPI4_IRQHandler
                0x08001398                TIM1_CC_IRQHandler
                0x08001398                DMA2_Stream5_IRQHandler
                0x08001398                DMA1_Stream5_IRQHandler
                0x08001398                PVD_IRQHandler
                0x08001398                SDIO_IRQHandler
                0x08001398                TAMP_STAMP_IRQHandler
                0x08001398                CAN2_RX1_IRQHandler
                0x08001398                EXTI3_IRQHandler
                0x08001398                TIM8_TRG_COM_TIM14_IRQHandler
                0x08001398                TIM1_UP_TIM10_IRQHandler
                0x08001398                TIM8_UP_TIM13_IRQHandler
                0x08001398                I2C3_ER_IRQHandler
                0x08001398                EXTI0_IRQHandler
                0x08001398                I2C2_EV_IRQHandler
                0x08001398                DMA1_Stream2_IRQHandler
                0x08001398                CAN1_RX0_IRQHandler
                0x08001398                FPU_IRQHandler
                0x08001398                OTG_HS_WKUP_IRQHandler
                0x08001398                CAN2_SCE_IRQHandler
                0x08001398                DMA2_Stream2_IRQHandler
                0x08001398                SPI1_IRQHandler
                0x08001398                TIM6_DAC_IRQHandler
                0x08001398                TIM1_BRK_TIM9_IRQHandler
                0x08001398                DCMI_IRQHandler
                0x08001398                CAN2_RX0_IRQHandler
                0x08001398                DMA2_Stream3_IRQHandler
                0x08001398                SAI2_IRQHandler
                0x08001398                USART6_IRQHandler
                0x08001398                USART3_IRQHandler
                0x08001398                CAN1_RX1_IRQHandler
                0x08001398                UART5_IRQHandler
                0x08001398                DMA2_Stream0_IRQHandler
                0x08001398                TIM4_IRQHandler
                0x08001398                QUADSPI_IRQHandler
                0x08001398                I2C1_EV_IRQHandler
                0x08001398                DMA1_Stream6_IRQHandler
                0x08001398                DMA1_Stream1_IRQHandler
                0x08001398                UART4_IRQHandler
                0x08001398                TIM3_IRQHandler
                0x08001398                RCC_IRQHandler
                0x08001398                TIM8_BRK_TIM12_IRQHandler
                0x08001398                Default_Handler
                0x08001398                CEC_IRQHandler
                0x08001398                EXTI15_10_IRQHandler
                0x08001398                ADC_IRQHandler
                0x08001398                DMA1_Stream7_IRQHandler
                0x08001398                TIM7_IRQHandler
                0x08001398                CAN2_TX_IRQHandler
                0x08001398                TIM5_IRQHandler
                0x08001398                DMA2_Stream7_IRQHandler
                0x08001398                I2C3_EV_IRQHandler
                0x08001398                EXTI9_5_IRQHandler
                0x08001398                RTC_WKUP_IRQHandler
                0x08001398                SPDIF_RX_IRQHandler
                0x08001398                SPI2_IRQHandler
                0x08001398                OTG_HS_EP1_IN_IRQHandler
                0x08001398                DMA1_Stream0_IRQHandler
                0x08001398                CAN1_TX_IRQHandler
                0x08001398                FMPI2C1_ER_IRQHandler
                0x08001398                EXTI4_IRQHandler
                0x08001398                OTG_HS_EP1_OUT_IRQHandler
                0x08001398                WWDG_IRQHandler
                0x08001398                TIM2_IRQHandler
                0x08001398                OTG_FS_WKUP_IRQHandler
                0x08001398                TIM1_TRG_COM_TIM11_IRQHandler
                0x08001398                OTG_HS_IRQHandler
                0x08001398                EXTI1_IRQHandler
                0x08001398                USART2_IRQHandler
                0x08001398                I2C2_ER_IRQHandler
                0x08001398                DMA2_Stream1_IRQHandler
                0x08001398                CAN1_SCE_IRQHandler
                0x08001398                FLASH_IRQHandler
                0x08001398                DMA2_Stream4_IRQHandler
                0x08001398                USART1_IRQHandler
                0x08001398                SPI3_IRQHandler
                0x08001398                DMA1_Stream4_IRQHandler
                0x08001398                I2C1_ER_IRQHandler
                0x08001398                FMC_IRQHandler
                0x08001398                DMA2_Stream6_IRQHandler
                0x08001398                SAI1_IRQHandler
                0x08001398                DMA1_Stream3_IRQHandler
 *fill*         0x0800139a        0x2 
 .text.HAL_Init
                0x0800139c       0x44 ./Drivers/STM32F4xx_HAL_Driver/Src/stm32f4xx_hal.o
                0x0800139c                HAL_Init
 .text.HAL_InitTick
                0x080013e0       0x60 ./Drivers/STM32F4xx_HAL_Driver/Src/stm32f4xx_hal.o
                0x080013e0                HAL_InitTick
 .text.HAL_IncTick
                0x08001440       0x28 ./Drivers/STM32F4xx_HAL_Driver/Src/stm32f4xx_hal.o
                0x08001440                HAL_IncTick
 .text.HAL_GetTick
                0x08001468       0x18 ./Drivers/STM32F4xx_HAL_Driver/Src/stm32f4xx_hal.o
                0x08001468                HAL_GetTick
 .text.HAL_Delay
                0x08001480       0x48 ./Drivers/STM32F4xx_HAL_Driver/Src/stm32f4xx_hal.o
                0x08001480                HAL_Delay
 .text.__NVIC_SetPriorityGrouping
                0x080014c8       0x48 ./Drivers/STM32F4xx_HAL_Driver/Src/stm32f4xx_hal_cortex.o
 .text.__NVIC_GetPriorityGrouping
                0x08001510       0x1c ./Drivers/STM32F4xx_HAL_Driver/Src/stm32f4xx_hal_cortex.o
 .text.__NVIC_EnableIRQ
                0x0800152c       0x3c ./Drivers/STM32F4xx_HAL_Driver/Src/stm32f4xx_hal_cortex.o
 .text.__NVIC_SetPriority
                0x08001568       0x54 ./Drivers/STM32F4xx_HAL_Driver/Src/stm32f4xx_hal_cortex.o
 .text.NVIC_EncodePriority
                0x080015bc       0x66 ./Drivers/STM32F4xx_HAL_Driver/Src/stm32f4xx_hal_cortex.o
 *fill*         0x08001622        0x2 
 .text.SysTick_Config
                0x08001624       0x44 ./Drivers/STM32F4xx_HAL_Driver/Src/stm32f4xx_hal_cortex.o
 .text.HAL_NVIC_SetPriorityGrouping
                0x08001668       0x16 ./Drivers/STM32F4xx_HAL_Driver/Src/stm32f4xx_hal_cortex.o
                0x08001668                HAL_NVIC_SetPriorityGrouping
 .text.HAL_NVIC_SetPriority
                0x0800167e       0x38 ./Drivers/STM32F4xx_HAL_Driver/Src/stm32f4xx_hal_cortex.o
                0x0800167e                HAL_NVIC_SetPriority
 .text.HAL_NVIC_EnableIRQ
                0x080016b6       0x1c ./Drivers/STM32F4xx_HAL_Driver/Src/stm32f4xx_hal_cortex.o
                0x080016b6                HAL_NVIC_EnableIRQ
 .text.HAL_SYSTICK_Config
                0x080016d2       0x18 ./Drivers/STM32F4xx_HAL_Driver/Src/stm32f4xx_hal_cortex.o
                0x080016d2                HAL_SYSTICK_Config
 .text.HAL_DMA_Start_IT
                0x080016ea       0xb0 ./Drivers/STM32F4xx_HAL_Driver/Src/stm32f4xx_hal_dma.o
                0x080016ea                HAL_DMA_Start_IT
 .text.DMA_SetConfig
                0x0800179a       0x5c ./Drivers/STM32F4xx_HAL_Driver/Src/stm32f4xx_hal_dma.o
 *fill*         0x080017f6        0x2 
 .text.HAL_GPIO_Init
                0x080017f8      0x328 ./Drivers/STM32F4xx_HAL_Driver/Src/stm32f4xx_hal_gpio.o
                0x080017f8                HAL_GPIO_Init
 .text.HAL_GPIO_ReadPin
                0x08001b20       0x30 ./Drivers/STM32F4xx_HAL_Driver/Src/stm32f4xx_hal_gpio.o
                0x08001b20                HAL_GPIO_ReadPin
 .text.HAL_GPIO_WritePin
                0x08001b50       0x32 ./Drivers/STM32F4xx_HAL_Driver/Src/stm32f4xx_hal_gpio.o
                0x08001b50                HAL_GPIO_WritePin
 *fill*         0x08001b82        0x2 
 .text.HAL_I2C_Init
                0x08001b84      0x288 ./Drivers/STM32F4xx_HAL_Driver/Src/stm32f4xx_hal_i2c.o
                0x08001b84                HAL_I2C_Init
 .text.HAL_PCD_Init
                0x08001e0c      0x22c ./Drivers/STM32F4xx_HAL_Driver/Src/stm32f4xx_hal_pcd.o
                0x08001e0c                HAL_PCD_Init
 .text.HAL_PCD_Start
                0x08002038       0x6a ./Drivers/STM32F4xx_HAL_Driver/Src/stm32f4xx_hal_pcd.o
                0x08002038                HAL_PCD_Start
 .text.HAL_PCD_IRQHandler
                0x080020a2      0x99c ./Drivers/STM32F4xx_HAL_Driver/Src/stm32f4xx_hal_pcd.o
                0x080020a2                HAL_PCD_IRQHandler
 .text.HAL_PCD_SetAddress
                0x08002a3e       0x48 ./Drivers/STM32F4xx_HAL_Driver/Src/stm32f4xx_hal_pcd.o
                0x08002a3e                HAL_PCD_SetAddress
 .text.HAL_PCD_EP_Open
                0x08002a86       0xd4 ./Drivers/STM32F4xx_HAL_Driver/Src/stm32f4xx_hal_pcd.o
                0x08002a86                HAL_PCD_EP_Open
 .text.HAL_PCD_EP_Close
                0x08002b5a       0x94 ./Drivers/STM32F4xx_HAL_Driver/Src/stm32f4xx_hal_pcd.o
                0x08002b5a                HAL_PCD_EP_Close
 .text.HAL_PCD_EP_Receive
                0x08002bee       0x76 ./Drivers/STM32F4xx_HAL_Driver/Src/stm32f4xx_hal_pcd.o
                0x08002bee                HAL_PCD_EP_Receive
 .text.HAL_PCD_EP_Transmit
                0x08002c64       0x74 ./Drivers/STM32F4xx_HAL_Driver/Src/stm32f4xx_hal_pcd.o
                0x08002c64                HAL_PCD_EP_Transmit
 .text.HAL_PCD_EP_SetStall
                0x08002cd8       0xc6 ./Drivers/STM32F4xx_HAL_Driver/Src/stm32f4xx_hal_pcd.o
                0x08002cd8                HAL_PCD_EP_SetStall
 .text.HAL_PCD_EP_ClrStall
                0x08002d9e       0xac ./Drivers/STM32F4xx_HAL_Driver/Src/stm32f4xx_hal_pcd.o
                0x08002d9e                HAL_PCD_EP_ClrStall
 .text.HAL_PCD_EP_Abort
                0x08002e4a       0x62 ./Drivers/STM32F4xx_HAL_Driver/Src/stm32f4xx_hal_pcd.o
                0x08002e4a                HAL_PCD_EP_Abort
 .text.PCD_WriteEmptyTxFifo
                0x08002eac      0x118 ./Drivers/STM32F4xx_HAL_Driver/Src/stm32f4xx_hal_pcd.o
 .text.PCD_EP_OutXfrComplete_int
                0x08002fc4      0x1d0 ./Drivers/STM32F4xx_HAL_Driver/Src/stm32f4xx_hal_pcd.o
 .text.PCD_EP_OutSetupPacket_int
                0x08003194       0x8c ./Drivers/STM32F4xx_HAL_Driver/Src/stm32f4xx_hal_pcd.o
 .text.HAL_PCDEx_SetTxFiFo
                0x08003220       0x8e ./Drivers/STM32F4xx_HAL_Driver/Src/stm32f4xx_hal_pcd_ex.o
                0x08003220                HAL_PCDEx_SetTxFiFo
 .text.HAL_PCDEx_SetRxFiFo
                0x080032ae       0x22 ./Drivers/STM32F4xx_HAL_Driver/Src/stm32f4xx_hal_pcd_ex.o
                0x080032ae                HAL_PCDEx_SetRxFiFo
 .text.HAL_PCDEx_ActivateLPM
                0x080032d0       0x48 ./Drivers/STM32F4xx_HAL_Driver/Src/stm32f4xx_hal_pcd_ex.o
                0x080032d0                HAL_PCDEx_ActivateLPM
 .text.HAL_RCC_ClockConfig
                0x08003318      0x1cc ./Drivers/STM32F4xx_HAL_Driver/Src/stm32f4xx_hal_rcc.o
                0x08003318                HAL_RCC_ClockConfig
 .text.HAL_RCC_GetHCLKFreq
                0x080034e4       0x18 ./Drivers/STM32F4xx_HAL_Driver/Src/stm32f4xx_hal_rcc.o
                0x080034e4                HAL_RCC_GetHCLKFreq
 .text.HAL_RCC_GetPCLK1Freq
                0x080034fc       0x28 ./Drivers/STM32F4xx_HAL_Driver/Src/stm32f4xx_hal_rcc.o
                0x080034fc                HAL_RCC_GetPCLK1Freq
 .text.HAL_RCC_GetPCLK2Freq
                0x08003524       0x28 ./Drivers/STM32F4xx_HAL_Driver/Src/stm32f4xx_hal_rcc.o
                0x08003524                HAL_RCC_GetPCLK2Freq
 .text.HAL_RCCEx_PeriphCLKConfig
                0x0800354c      0x654 ./Drivers/STM32F4xx_HAL_Driver/Src/stm32f4xx_hal_rcc_ex.o
                0x0800354c                HAL_RCCEx_PeriphCLKConfig
 .text.HAL_RCC_GetSysClockFreq
                0x08003ba0      0x460 ./Drivers/STM32F4xx_HAL_Driver/Src/stm32f4xx_hal_rcc_ex.o
                0x08003ba0                HAL_RCC_GetSysClockFreq
 .text.HAL_RCC_OscConfig
                0x08004000      0x53c ./Drivers/STM32F4xx_HAL_Driver/Src/stm32f4xx_hal_rcc_ex.o
                0x08004000                HAL_RCC_OscConfig
 .text.HAL_TIM_OC_Init
                0x0800453c       0x9e ./Drivers/STM32F4xx_HAL_Driver/Src/stm32f4xx_hal_tim.o
                0x0800453c                HAL_TIM_OC_Init
 .text.HAL_TIM_Encoder_Init
                0x080045da      0x14c ./Drivers/STM32F4xx_HAL_Driver/Src/stm32f4xx_hal_tim.o
                0x080045da                HAL_TIM_Encoder_Init
 *fill*         0x08004726        0x2 
 .text.HAL_TIM_OC_ConfigChannel
                0x08004728       0xb8 ./Drivers/STM32F4xx_HAL_Driver/Src/stm32f4xx_hal_tim.o
                0x08004728                HAL_TIM_OC_ConfigChannel
 .text.TIM_Base_SetConfig
                0x080047e0      0x14c ./Drivers/STM32F4xx_HAL_Driver/Src/stm32f4xx_hal_tim.o
                0x080047e0                TIM_Base_SetConfig
 .text.TIM_OC1_SetConfig
                0x0800492c       0xe0 ./Drivers/STM32F4xx_HAL_Driver/Src/stm32f4xx_hal_tim.o
 .text.TIM_OC2_SetConfig
                0x08004a0c       0xec ./Drivers/STM32F4xx_HAL_Driver/Src/stm32f4xx_hal_tim.o
                0x08004a0c                TIM_OC2_SetConfig
 .text.TIM_OC3_SetConfig
                0x08004af8       0xe8 ./Drivers/STM32F4xx_HAL_Driver/Src/stm32f4xx_hal_tim.o
 .text.TIM_OC4_SetConfig
                0x08004be0       0xac ./Drivers/STM32F4xx_HAL_Driver/Src/stm32f4xx_hal_tim.o
 .text.HAL_TIMEx_MasterConfigSynchronization
                0x08004c8c       0xf8 ./Drivers/STM32F4xx_HAL_Driver/Src/stm32f4xx_hal_tim_ex.o
                0x08004c8c                HAL_TIMEx_MasterConfigSynchronization
 .text.HAL_UART_Init
                0x08004d84       0xa0 ./Drivers/STM32F4xx_HAL_Driver/Src/stm32f4xx_hal_uart.o
                0x08004d84                HAL_UART_Init
 .text.HAL_UART_Transmit_DMA
                0x08004e24       0xf8 ./Drivers/STM32F4xx_HAL_Driver/Src/stm32f4xx_hal_uart.o
                0x08004e24                HAL_UART_Transmit_DMA
 .text.HAL_UART_Receive_DMA
                0x08004f1c       0x4a ./Drivers/STM32F4xx_HAL_Driver/Src/stm32f4xx_hal_uart.o
                0x08004f1c                HAL_UART_Receive_DMA
 .text.HAL_UART_TxCpltCallback
                0x08004f66       0x14 ./Drivers/STM32F4xx_HAL_Driver/Src/stm32f4xx_hal_uart.o
                0x08004f66                HAL_UART_TxCpltCallback
 .text.HAL_UART_TxHalfCpltCallback
                0x08004f7a       0x14 ./Drivers/STM32F4xx_HAL_Driver/Src/stm32f4xx_hal_uart.o
                0x08004f7a                HAL_UART_TxHalfCpltCallback
 .text.HAL_UART_RxHalfCpltCallback
                0x08004f8e       0x14 ./Drivers/STM32F4xx_HAL_Driver/Src/stm32f4xx_hal_uart.o
                0x08004f8e                HAL_UART_RxHalfCpltCallback
 .text.HAL_UART_ErrorCallback
                0x08004fa2       0x14 ./Drivers/STM32F4xx_HAL_Driver/Src/stm32f4xx_hal_uart.o
                0x08004fa2                HAL_UART_ErrorCallback
 .text.HAL_UARTEx_RxEventCallback
                0x08004fb6       0x18 ./Drivers/STM32F4xx_HAL_Driver/Src/stm32f4xx_hal_uart.o
                0x08004fb6                HAL_UARTEx_RxEventCallback
 .text.UART_DMATransmitCplt
                0x08004fce       0x9a ./Drivers/STM32F4xx_HAL_Driver/Src/stm32f4xx_hal_uart.o
 .text.UART_DMATxHalfCplt
                0x08005068       0x1c ./Drivers/STM32F4xx_HAL_Driver/Src/stm32f4xx_hal_uart.o
 .text.UART_DMAReceiveCplt
                0x08005084      0x12c ./Drivers/STM32F4xx_HAL_Driver/Src/stm32f4xx_hal_uart.o
 .text.UART_DMARxHalfCplt
                0x080051b0       0x3c ./Drivers/STM32F4xx_HAL_Driver/Src/stm32f4xx_hal_uart.o
 .text.UART_DMAError
                0x080051ec       0x94 ./Drivers/STM32F4xx_HAL_Driver/Src/stm32f4xx_hal_uart.o
 .text.UART_Start_Receive_DMA
                0x08005280      0x14c ./Drivers/STM32F4xx_HAL_Driver/Src/stm32f4xx_hal_uart.o
                0x08005280                UART_Start_Receive_DMA
 .text.UART_EndTxTransfer
                0x080053cc       0x50 ./Drivers/STM32F4xx_HAL_Driver/Src/stm32f4xx_hal_uart.o
 .text.UART_EndRxTransfer
                0x0800541c       0xc6 ./Drivers/STM32F4xx_HAL_Driver/Src/stm32f4xx_hal_uart.o
 *fill*         0x080054e2        0x2 
 .text.UART_SetConfig
                0x080054e4      0x4e8 ./Drivers/STM32F4xx_HAL_Driver/Src/stm32f4xx_hal_uart.o
 .text.USB_CoreInit
                0x080059cc       0xc8 ./Drivers/STM32F4xx_HAL_Driver/Src/stm32f4xx_ll_usb.o
                0x080059cc                USB_CoreInit
 .text.USB_SetTurnaroundTime
                0x08005a94      0x144 ./Drivers/STM32F4xx_HAL_Driver/Src/stm32f4xx_ll_usb.o
                0x08005a94                USB_SetTurnaroundTime
 .text.USB_EnableGlobalInt
                0x08005bd8       0x22 ./Drivers/STM32F4xx_HAL_Driver/Src/stm32f4xx_ll_usb.o
                0x08005bd8                USB_EnableGlobalInt
 .text.USB_DisableGlobalInt
                0x08005bfa       0x22 ./Drivers/STM32F4xx_HAL_Driver/Src/stm32f4xx_ll_usb.o
                0x08005bfa                USB_DisableGlobalInt
 .text.USB_SetCurrentMode
                0x08005c1c       0x98 ./Drivers/STM32F4xx_HAL_Driver/Src/stm32f4xx_ll_usb.o
                0x08005c1c                USB_SetCurrentMode
 .text.USB_DevInit
                0x08005cb4      0x2bc ./Drivers/STM32F4xx_HAL_Driver/Src/stm32f4xx_ll_usb.o
                0x08005cb4                USB_DevInit
 .text.USB_FlushTxFifo
                0x08005f70       0x64 ./Drivers/STM32F4xx_HAL_Driver/Src/stm32f4xx_ll_usb.o
                0x08005f70                USB_FlushTxFifo
 .text.USB_FlushRxFifo
                0x08005fd4       0x5c ./Drivers/STM32F4xx_HAL_Driver/Src/stm32f4xx_ll_usb.o
                0x08005fd4                USB_FlushRxFifo
 .text.USB_SetDevSpeed
                0x08006030       0x32 ./Drivers/STM32F4xx_HAL_Driver/Src/stm32f4xx_ll_usb.o
                0x08006030                USB_SetDevSpeed
 .text.USB_GetDevSpeed
                0x08006062       0x4a ./Drivers/STM32F4xx_HAL_Driver/Src/stm32f4xx_ll_usb.o
                0x08006062                USB_GetDevSpeed
 .text.USB_ActivateEndpoint
                0x080060ac      0x10e ./Drivers/STM32F4xx_HAL_Driver/Src/stm32f4xx_ll_usb.o
                0x080060ac                USB_ActivateEndpoint
 *fill*         0x080061ba        0x2 
 .text.USB_DeactivateEndpoint
                0x080061bc      0x1b8 ./Drivers/STM32F4xx_HAL_Driver/Src/stm32f4xx_ll_usb.o
                0x080061bc                USB_DeactivateEndpoint
 .text.USB_EPStartXfer
                0x08006374      0x53c ./Drivers/STM32F4xx_HAL_Driver/Src/stm32f4xx_ll_usb.o
                0x08006374                USB_EPStartXfer
 .text.USB_EPStopXfer
                0x080068b0      0x154 ./Drivers/STM32F4xx_HAL_Driver/Src/stm32f4xx_ll_usb.o
                0x080068b0                USB_EPStopXfer
 .text.USB_WritePacket
                0x08006a04       0x7c ./Drivers/STM32F4xx_HAL_Driver/Src/stm32f4xx_ll_usb.o
                0x08006a04                USB_WritePacket
 .text.USB_ReadPacket
                0x08006a80       0xb0 ./Drivers/STM32F4xx_HAL_Driver/Src/stm32f4xx_ll_usb.o
                0x08006a80                USB_ReadPacket
 .text.USB_EPSetStall
                0x08006b30       0xdc ./Drivers/STM32F4xx_HAL_Driver/Src/stm32f4xx_ll_usb.o
                0x08006b30                USB_EPSetStall
 .text.USB_EPClearStall
                0x08006c0c       0xcc ./Drivers/STM32F4xx_HAL_Driver/Src/stm32f4xx_ll_usb.o
                0x08006c0c                USB_EPClearStall
 .text.USB_SetDevAddress
                0x08006cd8       0x4c ./Drivers/STM32F4xx_HAL_Driver/Src/stm32f4xx_ll_usb.o
                0x08006cd8                USB_SetDevAddress
 .text.USB_DevConnect
                0x08006d24       0x42 ./Drivers/STM32F4xx_HAL_Driver/Src/stm32f4xx_ll_usb.o
                0x08006d24                USB_DevConnect
 .text.USB_DevDisconnect
                0x08006d66       0x42 ./Drivers/STM32F4xx_HAL_Driver/Src/stm32f4xx_ll_usb.o
                0x08006d66                USB_DevDisconnect
 .text.USB_ReadInterrupts
                0x08006da8       0x26 ./Drivers/STM32F4xx_HAL_Driver/Src/stm32f4xx_ll_usb.o
                0x08006da8                USB_ReadInterrupts
 .text.USB_ReadDevAllOutEpInterrupt
                0x08006dce       0x34 ./Drivers/STM32F4xx_HAL_Driver/Src/stm32f4xx_ll_usb.o
                0x08006dce                USB_ReadDevAllOutEpInterrupt
 .text.USB_ReadDevAllInEpInterrupt
                0x08006e02       0x34 ./Drivers/STM32F4xx_HAL_Driver/Src/stm32f4xx_ll_usb.o
                0x08006e02                USB_ReadDevAllInEpInterrupt
 .text.USB_ReadDevOutEPInterrupt
                0x08006e36       0x3c ./Drivers/STM32F4xx_HAL_Driver/Src/stm32f4xx_ll_usb.o
                0x08006e36                USB_ReadDevOutEPInterrupt
 .text.USB_ReadDevInEPInterrupt
                0x08006e72       0x5c ./Drivers/STM32F4xx_HAL_Driver/Src/stm32f4xx_ll_usb.o
                0x08006e72                USB_ReadDevInEPInterrupt
 .text.USB_GetMode
                0x08006ece       0x1c ./Drivers/STM32F4xx_HAL_Driver/Src/stm32f4xx_ll_usb.o
                0x08006ece                USB_GetMode
 .text.USB_ActivateSetup
                0x08006eea       0x46 ./Drivers/STM32F4xx_HAL_Driver/Src/stm32f4xx_ll_usb.o
                0x08006eea                USB_ActivateSetup
 .text.USB_EP0_OutStart
                0x08006f30       0xbc ./Drivers/STM32F4xx_HAL_Driver/Src/stm32f4xx_ll_usb.o
                0x08006f30                USB_EP0_OutStart
 .text.USB_CoreReset
                0x08006fec       0x70 ./Drivers/STM32F4xx_HAL_Driver/Src/stm32f4xx_ll_usb.o
 .text.USBD_HID_Init
                0x0800705c       0xcc ./Middlewares/ST/STM32_USB_Device_Library/Class/HID/Src/usbd_hid.o
 .text.USBD_HID_DeInit
                0x08007128       0x90 ./Middlewares/ST/STM32_USB_Device_Library/Class/HID/Src/usbd_hid.o
 .text.USBD_HID_Setup
                0x080071b8      0x210 ./Middlewares/ST/STM32_USB_Device_Library/Class/HID/Src/usbd_hid.o
 .text.USBD_HID_SendReport
                0x080073c8       0x60 ./Middlewares/ST/STM32_USB_Device_Library/Class/HID/Src/usbd_hid.o
                0x080073c8                USBD_HID_SendReport
 .text.USBD_HID_GetPollingInterval
                0x08007428       0x28 ./Middlewares/ST/STM32_USB_Device_Library/Class/HID/Src/usbd_hid.o
                0x08007428                USBD_HID_GetPollingInterval
 .text.USBD_HID_GetFSCfgDesc
                0x08007450       0x34 ./Middlewares/ST/STM32_USB_Device_Library/Class/HID/Src/usbd_hid.o
 .text.USBD_HID_GetHSCfgDesc
                0x08007484       0x34 ./Middlewares/ST/STM32_USB_Device_Library/Class/HID/Src/usbd_hid.o
 .text.USBD_HID_GetOtherSpeedCfgDesc
                0x080074b8       0x34 ./Middlewares/ST/STM32_USB_Device_Library/Class/HID/Src/usbd_hid.o
 .text.USBD_HID_DataIn
                0x080074ec       0x2c ./Middlewares/ST/STM32_USB_Device_Library/Class/HID/Src/usbd_hid.o
 .text.USBD_HID_GetDeviceQualifierDesc
                0x08007518       0x20 ./Middlewares/ST/STM32_USB_Device_Library/Class/HID/Src/usbd_hid.o
 .text.USBD_Init
                0x08007538       0x60 ./Middlewares/ST/STM32_USB_Device_Library/Core/Src/usbd_core.o
                0x08007538                USBD_Init
 .text.USBD_RegisterClass
                0x08007598       0x6c ./Middlewares/ST/STM32_USB_Device_Library/Core/Src/usbd_core.o
                0x08007598                USBD_RegisterClass
 .text.USBD_Start
                0x08007604       0x18 ./Middlewares/ST/STM32_USB_Device_Library/Core/Src/usbd_core.o
                0x08007604                USBD_Start
 .text.USBD_RunTestMode
                0x0800761c       0x16 ./Middlewares/ST/STM32_USB_Device_Library/Core/Src/usbd_core.o
                0x0800761c                USBD_RunTestMode
 .text.USBD_SetClassConfig
                0x08007632       0x38 ./Middlewares/ST/STM32_USB_Device_Library/Core/Src/usbd_core.o
                0x08007632                USBD_SetClassConfig
 .text.USBD_ClrClassConfig
                0x0800766a       0x34 ./Middlewares/ST/STM32_USB_Device_Library/Core/Src/usbd_core.o
                0x0800766a                USBD_ClrClassConfig
 .text.USBD_LL_SetupStage
                0x0800769e       0xaa ./Middlewares/ST/STM32_USB_Device_Library/Core/Src/usbd_core.o
                0x0800769e                USBD_LL_SetupStage
 .text.USBD_LL_DataOutStage
                0x08007748      0x178 ./Middlewares/ST/STM32_USB_Device_Library/Core/Src/usbd_core.o
                0x08007748                USBD_LL_DataOutStage
 .text.USBD_LL_DataInStage
                0x080078c0      0x176 ./Middlewares/ST/STM32_USB_Device_Library/Core/Src/usbd_core.o
                0x080078c0                USBD_LL_DataInStage
 .text.USBD_LL_Reset
                0x08007a36       0xa6 ./Middlewares/ST/STM32_USB_Device_Library/Core/Src/usbd_core.o
                0x08007a36                USBD_LL_Reset
 .text.USBD_LL_SetSpeed
                0x08007adc       0x20 ./Middlewares/ST/STM32_USB_Device_Library/Core/Src/usbd_core.o
                0x08007adc                USBD_LL_SetSpeed
 .text.USBD_LL_Suspend
                0x08007afc       0x38 ./Middlewares/ST/STM32_USB_Device_Library/Core/Src/usbd_core.o
                0x08007afc                USBD_LL_Suspend
 .text.USBD_LL_Resume
                0x08007b34       0x30 ./Middlewares/ST/STM32_USB_Device_Library/Core/Src/usbd_core.o
                0x08007b34                USBD_LL_Resume
 .text.USBD_LL_SOF
                0x08007b64       0x40 ./Middlewares/ST/STM32_USB_Device_Library/Core/Src/usbd_core.o
                0x08007b64                USBD_LL_SOF
 .text.USBD_LL_IsoINIncomplete
                0x08007ba4       0x64 ./Middlewares/ST/STM32_USB_Device_Library/Core/Src/usbd_core.o
                0x08007ba4                USBD_LL_IsoINIncomplete
 .text.USBD_LL_IsoOUTIncomplete
                0x08007c08       0x64 ./Middlewares/ST/STM32_USB_Device_Library/Core/Src/usbd_core.o
                0x08007c08                USBD_LL_IsoOUTIncomplete
 .text.USBD_LL_DevConnected
                0x08007c6c       0x16 ./Middlewares/ST/STM32_USB_Device_Library/Core/Src/usbd_core.o
                0x08007c6c                USBD_LL_DevConnected
 .text.USBD_LL_DevDisconnected
                0x08007c82       0x46 ./Middlewares/ST/STM32_USB_Device_Library/Core/Src/usbd_core.o
                0x08007c82                USBD_LL_DevDisconnected
 .text.USBD_CoreFindIF
                0x08007cc8       0x1a ./Middlewares/ST/STM32_USB_Device_Library/Core/Src/usbd_core.o
                0x08007cc8                USBD_CoreFindIF
 .text.USBD_CoreFindEP
                0x08007ce2       0x1a ./Middlewares/ST/STM32_USB_Device_Library/Core/Src/usbd_core.o
                0x08007ce2                USBD_CoreFindEP
 .text.USBD_GetEpDesc
                0x08007cfc       0x70 ./Middlewares/ST/STM32_USB_Device_Library/Core/Src/usbd_core.o
                0x08007cfc                USBD_GetEpDesc
 .text.USBD_GetNextDesc
                0x08007d6c       0x38 ./Middlewares/ST/STM32_USB_Device_Library/Core/Src/usbd_core.o
                0x08007d6c                USBD_GetNextDesc
 .text.SWAPBYTE
                0x08007da4       0x3e ./Middlewares/ST/STM32_USB_Device_Library/Core/Src/usbd_ctlreq.o
 *fill*         0x08007de2        0x2 
 .text.USBD_StdDevReq
                0x08007de4       0xe4 ./Middlewares/ST/STM32_USB_Device_Library/Core/Src/usbd_ctlreq.o
                0x08007de4                USBD_StdDevReq
 .text.USBD_StdItfReq
                0x08007ec8       0xd8 ./Middlewares/ST/STM32_USB_Device_Library/Core/Src/usbd_ctlreq.o
                0x08007ec8                USBD_StdItfReq
 .text.USBD_StdEPReq
                0x08007fa0      0x33e ./Middlewares/ST/STM32_USB_Device_Library/Core/Src/usbd_ctlreq.o
                0x08007fa0                USBD_StdEPReq
 *fill*         0x080082de        0x2 
 .text.USBD_GetDescriptor
                0x080082e0      0x328 ./Middlewares/ST/STM32_USB_Device_Library/Core/Src/usbd_ctlreq.o
 .text.USBD_SetAddress
                0x08008608       0x88 ./Middlewares/ST/STM32_USB_Device_Library/Core/Src/usbd_ctlreq.o
 .text.USBD_SetConfig
                0x08008690      0x154 ./Middlewares/ST/STM32_USB_Device_Library/Core/Src/usbd_ctlreq.o
 .text.USBD_GetConfig
                0x080087e4       0x6c ./Middlewares/ST/STM32_USB_Device_Library/Core/Src/usbd_ctlreq.o
 .text.USBD_GetStatus
                0x08008850       0x68 ./Middlewares/ST/STM32_USB_Device_Library/Core/Src/usbd_ctlreq.o
 .text.USBD_SetFeature
                0x080088b8       0x52 ./Middlewares/ST/STM32_USB_Device_Library/Core/Src/usbd_ctlreq.o
 .text.USBD_ClrFeature
                0x0800890a       0x44 ./Middlewares/ST/STM32_USB_Device_Library/Core/Src/usbd_ctlreq.o
 .text.USBD_ParseSetupRequest
                0x0800894e       0x74 ./Middlewares/ST/STM32_USB_Device_Library/Core/Src/usbd_ctlreq.o
                0x0800894e                USBD_ParseSetupRequest
 .text.USBD_CtlError
                0x080089c2       0x22 ./Middlewares/ST/STM32_USB_Device_Library/Core/Src/usbd_ctlreq.o
                0x080089c2                USBD_CtlError
 .text.USBD_GetString
                0x080089e4       0xa4 ./Middlewares/ST/STM32_USB_Device_Library/Core/Src/usbd_ctlreq.o
                0x080089e4                USBD_GetString
 .text.USBD_GetLen
                0x08008a88       0x34 ./Middlewares/ST/STM32_USB_Device_Library/Core/Src/usbd_ctlreq.o
 .text.USBD_CtlSendData
                0x08008abc       0x3c ./Middlewares/ST/STM32_USB_Device_Library/Core/Src/usbd_ioreq.o
                0x08008abc                USBD_CtlSendData
 .text.USBD_CtlContinueSendData
                0x08008af8       0x22 ./Middlewares/ST/STM32_USB_Device_Library/Core/Src/usbd_ioreq.o
                0x08008af8                USBD_CtlContinueSendData
 .text.USBD_CtlContinueRx
                0x08008b1a       0x22 ./Middlewares/ST/STM32_USB_Device_Library/Core/Src/usbd_ioreq.o
                0x08008b1a                USBD_CtlContinueRx
 .text.USBD_CtlSendStatus
                0x08008b3c       0x26 ./Middlewares/ST/STM32_USB_Device_Library/Core/Src/usbd_ioreq.o
                0x08008b3c                USBD_CtlSendStatus
 .text.USBD_CtlReceiveStatus
                0x08008b62       0x26 ./Middlewares/ST/STM32_USB_Device_Library/Core/Src/usbd_ioreq.o
                0x08008b62                USBD_CtlReceiveStatus
 .text.MX_USB_DEVICE_Init
                0x08008b88       0x4c ./USB_DEVICE/App/usb_device.o
                0x08008b88                MX_USB_DEVICE_Init
 .text.USBD_FS_DeviceDescriptor
                0x08008bd4       0x24 ./USB_DEVICE/App/usbd_desc.o
                0x08008bd4                USBD_FS_DeviceDescriptor
 .text.USBD_FS_LangIDStrDescriptor
                0x08008bf8       0x24 ./USB_DEVICE/App/usbd_desc.o
                0x08008bf8                USBD_FS_LangIDStrDescriptor
 .text.USBD_FS_ProductStrDescriptor
                0x08008c1c       0x3c ./USB_DEVICE/App/usbd_desc.o
                0x08008c1c                USBD_FS_ProductStrDescriptor
 .text.USBD_FS_ManufacturerStrDescriptor
                0x08008c58       0x28 ./USB_DEVICE/App/usbd_desc.o
                0x08008c58                USBD_FS_ManufacturerStrDescriptor
 .text.USBD_FS_SerialStrDescriptor
                0x08008c80       0x24 ./USB_DEVICE/App/usbd_desc.o
                0x08008c80                USBD_FS_SerialStrDescriptor
 .text.USBD_FS_ConfigStrDescriptor
                0x08008ca4       0x3c ./USB_DEVICE/App/usbd_desc.o
                0x08008ca4                USBD_FS_ConfigStrDescriptor
 .text.USBD_FS_InterfaceStrDescriptor
                0x08008ce0       0x3c ./USB_DEVICE/App/usbd_desc.o
                0x08008ce0                USBD_FS_InterfaceStrDescriptor
 .text.USBD_FS_USR_BOSDescriptor
                0x08008d1c       0x24 ./USB_DEVICE/App/usbd_desc.o
                0x08008d1c                USBD_FS_USR_BOSDescriptor
 .text.Get_SerialNum
                0x08008d40       0x58 ./USB_DEVICE/App/usbd_desc.o
 .text.IntToUnicode
                0x08008d98       0x7e ./USB_DEVICE/App/usbd_desc.o
 *fill*         0x08008e16        0x2 
 .text.HAL_PCD_MspInit
                0x08008e18       0xd4 ./USB_DEVICE/Target/usbd_conf.o
                0x08008e18                HAL_PCD_MspInit
 .text.HAL_PCD_SetupStageCallback
                0x08008eec       0x24 ./USB_DEVICE/Target/usbd_conf.o
                0x08008eec                HAL_PCD_SetupStageCallback
 .text.HAL_PCD_DataOutStageCallback
                0x08008f10       0x36 ./USB_DEVICE/Target/usbd_conf.o
                0x08008f10                HAL_PCD_DataOutStageCallback
 .text.HAL_PCD_DataInStageCallback
                0x08008f46       0x34 ./USB_DEVICE/Target/usbd_conf.o
                0x08008f46                HAL_PCD_DataInStageCallback
 .text.HAL_PCD_SOFCallback
                0x08008f7a       0x1c ./USB_DEVICE/Target/usbd_conf.o
                0x08008f7a                HAL_PCD_SOFCallback
 .text.HAL_PCD_ResetCallback
                0x08008f96       0x50 ./USB_DEVICE/Target/usbd_conf.o
                0x08008f96                HAL_PCD_ResetCallback
 *fill*         0x08008fe6        0x2 
 .text.HAL_PCD_SuspendCallback
                0x08008fe8       0x4c ./USB_DEVICE/Target/usbd_conf.o
                0x08008fe8                HAL_PCD_SuspendCallback
 .text.HAL_PCD_ResumeCallback
                0x08009034       0x1c ./USB_DEVICE/Target/usbd_conf.o
                0x08009034                HAL_PCD_ResumeCallback
 .text.HAL_PCD_ISOOUTIncompleteCallback
                0x08009050       0x24 ./USB_DEVICE/Target/usbd_conf.o
                0x08009050                HAL_PCD_ISOOUTIncompleteCallback
 .text.HAL_PCD_ISOINIncompleteCallback
                0x08009074       0x24 ./USB_DEVICE/Target/usbd_conf.o
                0x08009074                HAL_PCD_ISOINIncompleteCallback
 .text.HAL_PCD_ConnectCallback
                0x08009098       0x1c ./USB_DEVICE/Target/usbd_conf.o
                0x08009098                HAL_PCD_ConnectCallback
 .text.HAL_PCD_DisconnectCallback
                0x080090b4       0x1c ./USB_DEVICE/Target/usbd_conf.o
                0x080090b4                HAL_PCD_DisconnectCallback
 .text.USBD_LL_Init
                0x080090d0       0x98 ./USB_DEVICE/Target/usbd_conf.o
                0x080090d0                USBD_LL_Init
 .text.USBD_LL_Start
                0x08009168       0x36 ./USB_DEVICE/Target/usbd_conf.o
                0x08009168                USBD_LL_Start
 .text.USBD_LL_OpenEP
                0x0800919e       0x4c ./USB_DEVICE/Target/usbd_conf.o
                0x0800919e                USBD_LL_OpenEP
 .text.USBD_LL_CloseEP
                0x080091ea       0x3e ./USB_DEVICE/Target/usbd_conf.o
                0x080091ea                USBD_LL_CloseEP
 .text.USBD_LL_StallEP
                0x08009228       0x3e ./USB_DEVICE/Target/usbd_conf.o
                0x08009228                USBD_LL_StallEP
 .text.USBD_LL_ClearStallEP
                0x08009266       0x3e ./USB_DEVICE/Target/usbd_conf.o
                0x08009266                USBD_LL_ClearStallEP
 .text.USBD_LL_IsStallEP
                0x080092a4       0x58 ./USB_DEVICE/Target/usbd_conf.o
                0x080092a4                USBD_LL_IsStallEP
 .text.USBD_LL_SetUSBAddress
                0x080092fc       0x3e ./USB_DEVICE/Target/usbd_conf.o
                0x080092fc                USBD_LL_SetUSBAddress
 .text.USBD_LL_Transmit
                0x0800933a       0x42 ./USB_DEVICE/Target/usbd_conf.o
                0x0800933a                USBD_LL_Transmit
 .text.USBD_LL_PrepareReceive
                0x0800937c       0x42 ./USB_DEVICE/Target/usbd_conf.o
                0x0800937c                USBD_LL_PrepareReceive
 *fill*         0x080093be        0x2 
 .text.HAL_PCDEx_LPM_Callback
                0x080093c0       0x9c ./USB_DEVICE/Target/usbd_conf.o
                0x080093c0                HAL_PCDEx_LPM_Callback
 .text.USBD_static_malloc
                0x0800945c       0x1c ./USB_DEVICE/Target/usbd_conf.o
                0x0800945c                USBD_static_malloc
 .text.USBD_static_free
                0x08009478       0x14 ./USB_DEVICE/Target/usbd_conf.o
                0x08009478                USBD_static_free
 .text.USBD_Get_USB_Status
                0x0800948c       0x58 ./USB_DEVICE/Target/usbd_conf.o
                0x0800948c                USBD_Get_USB_Status
 .text.memset   0x080094e4       0x10 /home/ukim/st/stm32cubeide_1.19.0/plugins/com.st.stm32cube.ide.mcu.externaltools.gnu-tools-for-stm32.13.3.rel1.linux64_1.0.0.202410170706/tools/bin/../lib/gcc/arm-none-eabi/13.3.1/../../../../arm-none-eabi/lib/thumb/v7e-m+fp/hard/libc_nano.a(libc_a-memset.o)
                0x080094e4                memset
 .text.__libc_init_array
                0x080094f4       0x48 /home/ukim/st/stm32cubeide_1.19.0/plugins/com.st.stm32cube.ide.mcu.externaltools.gnu-tools-for-stm32.13.3.rel1.linux64_1.0.0.202410170706/tools/bin/../lib/gcc/arm-none-eabi/13.3.1/../../../../arm-none-eabi/lib/thumb/v7e-m+fp/hard/libc_nano.a(libc_a-init.o)
                0x080094f4                __libc_init_array
 *(.glue_7)
 .glue_7        0x0800953c        0x0 linker stubs
 *(.glue_7t)
 .glue_7t       0x0800953c        0x0 linker stubs
 *(.eh_frame)
 .eh_frame      0x0800953c        0x0 /home/ukim/st/stm32cubeide_1.19.0/plugins/com.st.stm32cube.ide.mcu.externaltools.gnu-tools-for-stm32.13.3.rel1.linux64_1.0.0.202410170706/tools/bin/../lib/gcc/arm-none-eabi/13.3.1/thumb/v7e-m+fp/hard/crtbegin.o
 *(.init)
 .init          0x0800953c        0x4 /home/ukim/st/stm32cubeide_1.19.0/plugins/com.st.stm32cube.ide.mcu.externaltools.gnu-tools-for-stm32.13.3.rel1.linux64_1.0.0.202410170706/tools/bin/../lib/gcc/arm-none-eabi/13.3.1/thumb/v7e-m+fp/hard/crti.o
                0x0800953c                _init
 .init          0x08009540        0x8 /home/ukim/st/stm32cubeide_1.19.0/plugins/com.st.stm32cube.ide.mcu.externaltools.gnu-tools-for-stm32.13.3.rel1.linux64_1.0.0.202410170706/tools/bin/../lib/gcc/arm-none-eabi/13.3.1/thumb/v7e-m+fp/hard/crtn.o
 *(.fini)
 .fini          0x08009548        0x4 /home/ukim/st/stm32cubeide_1.19.0/plugins/com.st.stm32cube.ide.mcu.externaltools.gnu-tools-for-stm32.13.3.rel1.linux64_1.0.0.202410170706/tools/bin/../lib/gcc/arm-none-eabi/13.3.1/thumb/v7e-m+fp/hard/crti.o
                0x08009548                _fini
 .fini          0x0800954c        0x8 /home/ukim/st/stm32cubeide_1.19.0/plugins/com.st.stm32cube.ide.mcu.externaltools.gnu-tools-for-stm32.13.3.rel1.linux64_1.0.0.202410170706/tools/bin/../lib/gcc/arm-none-eabi/13.3.1/thumb/v7e-m+fp/hard/crtn.o
                0x08009554                        . = ALIGN (0x4)
                0x08009554                        _etext = .

.vfp11_veneer   0x08009554        0x0
 .vfp11_veneer  0x08009554        0x0 linker stubs

.v4_bx          0x08009554        0x0
 .v4_bx         0x08009554        0x0 linker stubs

.iplt           0x08009554        0x0
 .iplt          0x08009554        0x0 /home/ukim/st/stm32cubeide_1.19.0/plugins/com.st.stm32cube.ide.mcu.externaltools.gnu-tools-for-stm32.13.3.rel1.linux64_1.0.0.202410170706/tools/bin/../lib/gcc/arm-none-eabi/13.3.1/thumb/v7e-m+fp/hard/crtbegin.o

.rodata         0x08009554       0x54
                0x08009554                        . = ALIGN (0x4)
 *(.rodata)
 .rodata        0x08009554       0x3a ./USB_DEVICE/App/usbd_desc.o
 *(.rodata*)
 *fill*         0x0800958e        0x2 
 .rodata.AHBPrescTable
                0x08009590       0x10 ./Core/Src/system_stm32f4xx.o
                0x08009590                AHBPrescTable
 .rodata.APBPrescTable
                0x080095a0        0x8 ./Core/Src/system_stm32f4xx.o
                0x080095a0                APBPrescTable
                0x080095a8                        . = ALIGN (0x4)

.ARM.extab      0x080095a8        0x0
                0x080095a8                        . = ALIGN (0x4)
 *(.ARM.extab* .gnu.linkonce.armextab.*)
                0x080095a8                        . = ALIGN (0x4)

.ARM            0x080095a8        0x8
                0x080095a8                        . = ALIGN (0x4)
                0x080095a8                        __exidx_start = .
 *(.ARM.exidx*)
 .ARM.exidx     0x080095a8        0x8 /home/ukim/st/stm32cubeide_1.19.0/plugins/com.st.stm32cube.ide.mcu.externaltools.gnu-tools-for-stm32.13.3.rel1.linux64_1.0.0.202410170706/tools/bin/../lib/gcc/arm-none-eabi/13.3.1/thumb/v7e-m+fp/hard/libgcc.a(_udivmoddi4.o)
                0x080095b0                        __exidx_end = .
                0x080095b0                        . = ALIGN (0x4)

.preinit_array  0x080095b0        0x0
                0x080095b0                        . = ALIGN (0x4)
                0x080095b0                        PROVIDE (__preinit_array_start = .)
 *(.preinit_array*)
                0x080095b0                        PROVIDE (__preinit_array_end = .)
                0x080095b0                        . = ALIGN (0x4)

.init_array     0x080095b0        0x4
                0x080095b0                        . = ALIGN (0x4)
                0x080095b0                        PROVIDE (__init_array_start = .)
 *(SORT_BY_NAME(.init_array.*))
 *(.init_array*)
 .init_array    0x080095b0        0x4 /home/ukim/st/stm32cubeide_1.19.0/plugins/com.st.stm32cube.ide.mcu.externaltools.gnu-tools-for-stm32.13.3.rel1.linux64_1.0.0.202410170706/tools/bin/../lib/gcc/arm-none-eabi/13.3.1/thumb/v7e-m+fp/hard/crtbegin.o
                0x080095b4                        PROVIDE (__init_array_end = .)
                0x080095b4                        . = ALIGN (0x4)

.fini_array     0x080095b4        0x4
                0x080095b4                        . = ALIGN (0x4)
                [!provide]                        PROVIDE (__fini_array_start = .)
 *(SORT_BY_NAME(.fini_array.*))
 *(.fini_array*)
 .fini_array    0x080095b4        0x4 /home/ukim/st/stm32cubeide_1.19.0/plugins/com.st.stm32cube.ide.mcu.externaltools.gnu-tools-for-stm32.13.3.rel1.linux64_1.0.0.202410170706/tools/bin/../lib/gcc/arm-none-eabi/13.3.1/thumb/v7e-m+fp/hard/crtbegin.o
                [!provide]                        PROVIDE (__fini_array_end = .)
                0x080095b8                        . = ALIGN (0x4)
                0x080095b8                        _sidata = LOADADDR (.data)

.rel.dyn        0x080095b8        0x0
 .rel.iplt      0x080095b8        0x0 /home/ukim/st/stm32cubeide_1.19.0/plugins/com.st.stm32cube.ide.mcu.externaltools.gnu-tools-for-stm32.13.3.rel1.linux64_1.0.0.202410170706/tools/bin/../lib/gcc/arm-none-eabi/13.3.1/thumb/v7e-m+fp/hard/crtbegin.o

.data           0x20000000      0x134 load address 0x080095b8
                0x20000000                        . = ALIGN (0x4)
                0x20000000                        _sdata = .
 *(.data)
 *(.data*)
 .data.ROW_PINS
                0x20000000       0x10 ./Core/Src/main.o
                0x20000000                ROW_PINS
 .data.COLUMN_PINS
                0x20000010       0x10 ./Core/Src/main.o
                0x20000010                COLUMN_PINS
 .data.KEYCODES
                0x20000020        0x4 ./Core/Src/main.o
                0x20000020                KEYCODES
 .data.SystemCoreClock
                0x20000024        0x4 ./Core/Src/system_stm32f4xx.o
                0x20000024                SystemCoreClock
 .data.uwTickPrio
                0x20000028        0x4 ./Drivers/STM32F4xx_HAL_Driver/Src/stm32f4xx_hal.o
                0x20000028                uwTickPrio
 .data.uwTickFreq
                0x2000002c        0x1 ./Drivers/STM32F4xx_HAL_Driver/Src/stm32f4xx_hal.o
                0x2000002c                uwTickFreq
 *fill*         0x2000002d        0x3 
 .data.USBD_HID
                0x20000030       0x38 ./Middlewares/ST/STM32_USB_Device_Library/Class/HID/Src/usbd_hid.o
                0x20000030                USBD_HID
 .data.USBD_HID_CfgDesc
                0x20000068       0x22 ./Middlewares/ST/STM32_USB_Device_Library/Class/HID/Src/usbd_hid.o
 *fill*         0x2000008a        0x2 
 .data.USBD_HID_Desc
                0x2000008c        0x9 ./Middlewares/ST/STM32_USB_Device_Library/Class/HID/Src/usbd_hid.o
 *fill*         0x20000095        0x3 
 .data.USBD_HID_DeviceQualifierDesc
                0x20000098        0xa ./Middlewares/ST/STM32_USB_Device_Library/Class/HID/Src/usbd_hid.o
 *fill*         0x200000a2        0x2 
 .data.HID_MOUSE_ReportDesc
                0x200000a4       0x2d ./Middlewares/ST/STM32_USB_Device_Library/Class/HID/Src/usbd_hid.o
 .data.HIDInEpAdd
                0x200000d1        0x1 ./Middlewares/ST/STM32_USB_Device_Library/Class/HID/Src/usbd_hid.o
 *fill*         0x200000d2        0x2 
 .data.FS_Desc  0x200000d4       0x20 ./USB_DEVICE/App/usbd_desc.o
                0x200000d4                FS_Desc
 .data.USBD_FS_DeviceDesc
                0x200000f4       0x12 ./USB_DEVICE/App/usbd_desc.o
                0x200000f4                USBD_FS_DeviceDesc
 *fill*         0x20000106        0x2 
 .data.USBD_FS_BOSDesc
                0x20000108        0xc ./USB_DEVICE/App/usbd_desc.o
                0x20000108                USBD_FS_BOSDesc
 .data.USBD_LangIDDesc
                0x20000114        0x4 ./USB_DEVICE/App/usbd_desc.o
                0x20000114                USBD_LangIDDesc
 .data.USBD_StringSerial
                0x20000118       0x1a ./USB_DEVICE/App/usbd_desc.o
                0x20000118                USBD_StringSerial
 *(.RamFunc)
 *(.RamFunc*)
                0x20000134                        . = ALIGN (0x4)
 *fill*         0x20000132        0x2 
                0x20000134                        _edata = .

.igot.plt       0x20000134        0x0 load address 0x080096ec
 .igot.plt      0x20000134        0x0 /home/ukim/st/stm32cubeide_1.19.0/plugins/com.st.stm32cube.ide.mcu.externaltools.gnu-tools-for-stm32.13.3.rel1.linux64_1.0.0.202410170706/tools/bin/../lib/gcc/arm-none-eabi/13.3.1/thumb/v7e-m+fp/hard/crtbegin.o
                0x20000134                        . = ALIGN (0x4)

.bss            0x20000134      0xd58 load address 0x080096ec
                0x20000134                        _sbss = .
                0x20000134                        __bss_start__ = _sbss
 *(.bss)
 .bss           0x20000134       0x1c /home/ukim/st/stm32cubeide_1.19.0/plugins/com.st.stm32cube.ide.mcu.externaltools.gnu-tools-for-stm32.13.3.rel1.linux64_1.0.0.202410170706/tools/bin/../lib/gcc/arm-none-eabi/13.3.1/thumb/v7e-m+fp/hard/crtbegin.o
 *(.bss*)
 .bss.hi2c1     0x20000150       0x54 ./Core/Src/main.o
                0x20000150                hi2c1
 .bss.htim2     0x200001a4       0x48 ./Core/Src/main.o
                0x200001a4                htim2
 .bss.htim3     0x200001ec       0x48 ./Core/Src/main.o
                0x200001ec                htim3
 .bss.huart4    0x20000234       0x48 ./Core/Src/main.o
                0x20000234                huart4
 .bss.huart5    0x2000027c       0x48 ./Core/Src/main.o
                0x2000027c                huart5
 .bss.huart1    0x200002c4       0x48 ./Core/Src/main.o
                0x200002c4                huart1
 .bss.huart2    0x2000030c       0x48 ./Core/Src/main.o
                0x2000030c                huart2
 .bss.huart3    0x20000354       0x48 ./Core/Src/main.o
                0x20000354                huart3
 .bss.UART1_RX_BUFF
                0x2000039c       0x40 ./Core/Src/main.o
                0x2000039c                UART1_RX_BUFF
 .bss.UART2_RX_BUFF
                0x200003dc       0x40 ./Core/Src/main.o
                0x200003dc                UART2_RX_BUFF
 .bss.UART4_RX_BUFF
                0x2000041c       0x40 ./Core/Src/main.o
                0x2000041c                UART4_RX_BUFF
 .bss.UART5_RX_BUFF
                0x2000045c       0x40 ./Core/Src/main.o
                0x2000045c                UART5_RX_BUFF
 .bss.REPORT    0x2000049c        0xe ./Core/Src/main.o
                0x2000049c                REPORT
 .bss.DEPTH     0x200004aa        0x2 ./Core/Src/main.o
                0x200004aa                DEPTH
 .bss.MODE      0x200004ac        0x1 ./Core/Src/main.o
                0x200004ac                MODE
 *fill*         0x200004ad        0x3 
 .bss.uwTick    0x200004b0        0x4 ./Drivers/STM32F4xx_HAL_Driver/Src/stm32f4xx_hal.o
                0x200004b0                uwTick
 .bss.cfgidx.0  0x200004b4        0x1 ./Middlewares/ST/STM32_USB_Device_Library/Core/Src/usbd_ctlreq.o
 *fill*         0x200004b5        0x3 
 .bss.hUsbDeviceFS
                0x200004b8      0x2dc ./USB_DEVICE/App/usb_device.o
                0x200004b8                hUsbDeviceFS
 .bss.USBD_StrDesc
                0x20000794      0x200 ./USB_DEVICE/App/usbd_desc.o
                0x20000794                USBD_StrDesc
 .bss.hpcd_USB_OTG_FS
                0x20000994      0x4e4 ./USB_DEVICE/Target/usbd_conf.o
                0x20000994                hpcd_USB_OTG_FS
 .bss.mem.0     0x20000e78       0x14 ./USB_DEVICE/Target/usbd_conf.o
 *(COMMON)
                0x20000e8c                        . = ALIGN (0x4)
                0x20000e8c                        _ebss = .
                0x20000e8c                        __bss_end__ = _ebss

._user_heap_stack
                0x20000e8c      0x604 load address 0x080096ec
                0x20000e90                        . = ALIGN (0x8)
 *fill*         0x20000e8c        0x4 
                [!provide]                        PROVIDE (end = .)
                0x20000e90                        PROVIDE (_end = .)
                0x20001090                        . = (. + _Min_Heap_Size)
 *fill*         0x20000e90      0x200 
                0x20001490                        . = (. + _Min_Stack_Size)
 *fill*         0x20001090      0x400 
                0x20001490                        . = ALIGN (0x8)

/DISCARD/
 libc.a(*)
 libm.a(*)
 libgcc.a(*)

.ARM.attributes
                0x00000000       0x30
 *(.ARM.attributes)
 .ARM.attributes
                0x00000000       0x22 /home/ukim/st/stm32cubeide_1.19.0/plugins/com.st.stm32cube.ide.mcu.externaltools.gnu-tools-for-stm32.13.3.rel1.linux64_1.0.0.202410170706/tools/bin/../lib/gcc/arm-none-eabi/13.3.1/thumb/v7e-m+fp/hard/crti.o
 .ARM.attributes
                0x00000022       0x34 /home/ukim/st/stm32cubeide_1.19.0/plugins/com.st.stm32cube.ide.mcu.externaltools.gnu-tools-for-stm32.13.3.rel1.linux64_1.0.0.202410170706/tools/bin/../lib/gcc/arm-none-eabi/13.3.1/thumb/v7e-m+fp/hard/crtbegin.o
 .ARM.attributes
                0x00000056       0x34 ./Core/Src/main.o
 .ARM.attributes
                0x0000008a       0x34 ./Core/Src/stm32f4xx_hal_msp.o
 .ARM.attributes
                0x000000be       0x34 ./Core/Src/stm32f4xx_it.o
 .ARM.attributes
                0x000000f2       0x34 ./Core/Src/system_stm32f4xx.o
 .ARM.attributes
                0x00000126       0x21 ./Core/Startup/startup_stm32f446retx.o
 .ARM.attributes
                0x00000147       0x34 ./Drivers/STM32F4xx_HAL_Driver/Src/stm32f4xx_hal.o
 .ARM.attributes
                0x0000017b       0x34 ./Drivers/STM32F4xx_HAL_Driver/Src/stm32f4xx_hal_cortex.o
 .ARM.attributes
                0x000001af       0x34 ./Drivers/STM32F4xx_HAL_Driver/Src/stm32f4xx_hal_dma.o
 .ARM.attributes
                0x000001e3       0x34 ./Drivers/STM32F4xx_HAL_Driver/Src/stm32f4xx_hal_gpio.o
 .ARM.attributes
                0x00000217       0x34 ./Drivers/STM32F4xx_HAL_Driver/Src/stm32f4xx_hal_i2c.o
 .ARM.attributes
                0x0000024b       0x34 ./Drivers/STM32F4xx_HAL_Driver/Src/stm32f4xx_hal_pcd.o
 .ARM.attributes
                0x0000027f       0x34 ./Drivers/STM32F4xx_HAL_Driver/Src/stm32f4xx_hal_pcd_ex.o
 .ARM.attributes
                0x000002b3       0x34 ./Drivers/STM32F4xx_HAL_Driver/Src/stm32f4xx_hal_rcc.o
 .ARM.attributes
                0x000002e7       0x34 ./Drivers/STM32F4xx_HAL_Driver/Src/stm32f4xx_hal_rcc_ex.o
 .ARM.attributes
                0x0000031b       0x34 ./Drivers/STM32F4xx_HAL_Driver/Src/stm32f4xx_hal_tim.o
 .ARM.attributes
                0x0000034f       0x34 ./Drivers/STM32F4xx_HAL_Driver/Src/stm32f4xx_hal_tim_ex.o
 .ARM.attributes
                0x00000383       0x34 ./Drivers/STM32F4xx_HAL_Driver/Src/stm32f4xx_hal_uart.o
 .ARM.attributes
                0x000003b7       0x34 ./Drivers/STM32F4xx_HAL_Driver/Src/stm32f4xx_ll_usb.o
 .ARM.attributes
                0x000003eb       0x34 ./Middlewares/ST/STM32_USB_Device_Library/Class/HID/Src/usbd_hid.o
 .ARM.attributes
                0x0000041f       0x34 ./Middlewares/ST/STM32_USB_Device_Library/Core/Src/usbd_core.o
 .ARM.attributes
                0x00000453       0x34 ./Middlewares/ST/STM32_USB_Device_Library/Core/Src/usbd_ctlreq.o
 .ARM.attributes
                0x00000487       0x34 ./Middlewares/ST/STM32_USB_Device_Library/Core/Src/usbd_ioreq.o
 .ARM.attributes
                0x000004bb       0x34 ./USB_DEVICE/App/usb_device.o
 .ARM.attributes
                0x000004ef       0x34 ./USB_DEVICE/App/usbd_desc.o
 .ARM.attributes
                0x00000523       0x34 ./USB_DEVICE/Target/usbd_conf.o
 .ARM.attributes
                0x00000557       0x34 /home/ukim/st/stm32cubeide_1.19.0/plugins/com.st.stm32cube.ide.mcu.externaltools.gnu-tools-for-stm32.13.3.rel1.linux64_1.0.0.202410170706/tools/bin/../lib/gcc/arm-none-eabi/13.3.1/../../../../arm-none-eabi/lib/thumb/v7e-m+fp/hard/libc_nano.a(libc_a-memset.o)
 .ARM.attributes
                0x0000058b       0x34 /home/ukim/st/stm32cubeide_1.19.0/plugins/com.st.stm32cube.ide.mcu.externaltools.gnu-tools-for-stm32.13.3.rel1.linux64_1.0.0.202410170706/tools/bin/../lib/gcc/arm-none-eabi/13.3.1/../../../../arm-none-eabi/lib/thumb/v7e-m+fp/hard/libc_nano.a(libc_a-init.o)
 .ARM.attributes
                0x000005bf       0x22 /home/ukim/st/stm32cubeide_1.19.0/plugins/com.st.stm32cube.ide.mcu.externaltools.gnu-tools-for-stm32.13.3.rel1.linux64_1.0.0.202410170706/tools/bin/../lib/gcc/arm-none-eabi/13.3.1/thumb/v7e-m+fp/hard/libgcc.a(_aeabi_uldivmod.o)
 .ARM.attributes
                0x000005e1       0x34 /home/ukim/st/stm32cubeide_1.19.0/plugins/com.st.stm32cube.ide.mcu.externaltools.gnu-tools-for-stm32.13.3.rel1.linux64_1.0.0.202410170706/tools/bin/../lib/gcc/arm-none-eabi/13.3.1/thumb/v7e-m+fp/hard/libgcc.a(_udivmoddi4.o)
 .ARM.attributes
                0x00000615       0x22 /home/ukim/st/stm32cubeide_1.19.0/plugins/com.st.stm32cube.ide.mcu.externaltools.gnu-tools-for-stm32.13.3.rel1.linux64_1.0.0.202410170706/tools/bin/../lib/gcc/arm-none-eabi/13.3.1/thumb/v7e-m+fp/hard/libgcc.a(_dvmd_tls.o)
 .ARM.attributes
                0x00000637       0x22 /home/ukim/st/stm32cubeide_1.19.0/plugins/com.st.stm32cube.ide.mcu.externaltools.gnu-tools-for-stm32.13.3.rel1.linux64_1.0.0.202410170706/tools/bin/../lib/gcc/arm-none-eabi/13.3.1/thumb/v7e-m+fp/hard/crtn.o
OUTPUT(modularkbd.elf elf32-littlearm)
LOAD linker stubs
LOAD /home/ukim/st/stm32cubeide_1.19.0/plugins/com.st.stm32cube.ide.mcu.externaltools.gnu-tools-for-stm32.13.3.rel1.linux64_1.0.0.202410170706/tools/bin/../lib/gcc/arm-none-eabi/13.3.1/../../../../arm-none-eabi/lib/thumb/v7e-m+fp/hard/libc.a
LOAD /home/ukim/st/stm32cubeide_1.19.0/plugins/com.st.stm32cube.ide.mcu.externaltools.gnu-tools-for-stm32.13.3.rel1.linux64_1.0.0.202410170706/tools/bin/../lib/gcc/arm-none-eabi/13.3.1/../../../../arm-none-eabi/lib/thumb/v7e-m+fp/hard/libm.a
LOAD /home/ukim/st/stm32cubeide_1.19.0/plugins/com.st.stm32cube.ide.mcu.externaltools.gnu-tools-for-stm32.13.3.rel1.linux64_1.0.0.202410170706/tools/bin/../lib/gcc/arm-none-eabi/13.3.1/thumb/v7e-m+fp/hard/libgcc.a

.debug_info     0x00000000    0x19467
 .debug_info    0x00000000     0x1e39 ./Core/Src/main.o
 .debug_info    0x00001e39     0x11fa ./Core/Src/stm32f4xx_hal_msp.o
 .debug_info    0x00003033      0x685 ./Core/Src/stm32f4xx_it.o
 .debug_info    0x000036b8      0x54a ./Core/Src/system_stm32f4xx.o
 .debug_info    0x00003c02       0x30 ./Core/Startup/startup_stm32f446retx.o
 .debug_info    0x00003c32      0x99a ./Drivers/STM32F4xx_HAL_Driver/Src/stm32f4xx_hal.o
 .debug_info    0x000045cc      0xdaa ./Drivers/STM32F4xx_HAL_Driver/Src/stm32f4xx_hal_cortex.o
 .debug_info    0x00005376      0x8e7 ./Drivers/STM32F4xx_HAL_Driver/Src/stm32f4xx_hal_dma.o
 .debug_info    0x00005c5d      0x70b ./Drivers/STM32F4xx_HAL_Driver/Src/stm32f4xx_hal_gpio.o
 .debug_info    0x00006368     0x2421 ./Drivers/STM32F4xx_HAL_Driver/Src/stm32f4xx_hal_i2c.o
 .debug_info    0x00008789     0x15e3 ./Drivers/STM32F4xx_HAL_Driver/Src/stm32f4xx_hal_pcd.o
 .debug_info    0x00009d6c      0x7b4 ./Drivers/STM32F4xx_HAL_Driver/Src/stm32f4xx_hal_pcd_ex.o
 .debug_info    0x0000a520      0x8ff ./Drivers/STM32F4xx_HAL_Driver/Src/stm32f4xx_hal_rcc.o
 .debug_info    0x0000ae1f      0x960 ./Drivers/STM32F4xx_HAL_Driver/Src/stm32f4xx_hal_rcc_ex.o
 .debug_info    0x0000b77f     0x299d ./Drivers/STM32F4xx_HAL_Driver/Src/stm32f4xx_hal_tim.o
 .debug_info    0x0000e11c     0x14db ./Drivers/STM32F4xx_HAL_Driver/Src/stm32f4xx_hal_tim_ex.o
 .debug_info    0x0000f5f7     0x2f4f ./Drivers/STM32F4xx_HAL_Driver/Src/stm32f4xx_hal_uart.o
 .debug_info    0x00012546     0x19f1 ./Drivers/STM32F4xx_HAL_Driver/Src/stm32f4xx_ll_usb.o
 .debug_info    0x00013f37      0xa9e ./Middlewares/ST/STM32_USB_Device_Library/Class/HID/Src/usbd_hid.o
 .debug_info    0x000149d5      0xe1f ./Middlewares/ST/STM32_USB_Device_Library/Core/Src/usbd_core.o
 .debug_info    0x000157f4      0xaf8 ./Middlewares/ST/STM32_USB_Device_Library/Core/Src/usbd_ctlreq.o
 .debug_info    0x000162ec      0x76f ./Middlewares/ST/STM32_USB_Device_Library/Core/Src/usbd_ioreq.o
 .debug_info    0x00016a5b      0x609 ./USB_DEVICE/App/usb_device.o
 .debug_info    0x00017064      0x4ba ./USB_DEVICE/App/usbd_desc.o
 .debug_info    0x0001751e     0x1f49 ./USB_DEVICE/Target/usbd_conf.o

.debug_abbrev   0x00000000     0x3855
 .debug_abbrev  0x00000000      0x334 ./Core/Src/main.o
 .debug_abbrev  0x00000334      0x21d ./Core/Src/stm32f4xx_hal_msp.o
 .debug_abbrev  0x00000551      0x1a4 ./Core/Src/stm32f4xx_it.o
 .debug_abbrev  0x000006f5      0x11a ./Core/Src/system_stm32f4xx.o
 .debug_abbrev  0x0000080f       0x24 ./Core/Startup/startup_stm32f446retx.o
 .debug_abbrev  0x00000833      0x214 ./Drivers/STM32F4xx_HAL_Driver/Src/stm32f4xx_hal.o
 .debug_abbrev  0x00000a47      0x31d ./Drivers/STM32F4xx_HAL_Driver/Src/stm32f4xx_hal_cortex.o
 .debug_abbrev  0x00000d64      0x264 ./Drivers/STM32F4xx_HAL_Driver/Src/stm32f4xx_hal_dma.o
 .debug_abbrev  0x00000fc8      0x1d4 ./Drivers/STM32F4xx_HAL_Driver/Src/stm32f4xx_hal_gpio.o
 .debug_abbrev  0x0000119c      0x2ad ./Drivers/STM32F4xx_HAL_Driver/Src/stm32f4xx_hal_i2c.o
 .debug_abbrev  0x00001449      0x2d0 ./Drivers/STM32F4xx_HAL_Driver/Src/stm32f4xx_hal_pcd.o
 .debug_abbrev  0x00001719      0x1dd ./Drivers/STM32F4xx_HAL_Driver/Src/stm32f4xx_hal_pcd_ex.o
 .debug_abbrev  0x000018f6      0x2b7 ./Drivers/STM32F4xx_HAL_Driver/Src/stm32f4xx_hal_rcc.o
 .debug_abbrev  0x00001bad      0x211 ./Drivers/STM32F4xx_HAL_Driver/Src/stm32f4xx_hal_rcc_ex.o
 .debug_abbrev  0x00001dbe      0x278 ./Drivers/STM32F4xx_HAL_Driver/Src/stm32f4xx_hal_tim.o
 .debug_abbrev  0x00002036      0x283 ./Drivers/STM32F4xx_HAL_Driver/Src/stm32f4xx_hal_tim_ex.o
 .debug_abbrev  0x000022b9      0x30e ./Drivers/STM32F4xx_HAL_Driver/Src/stm32f4xx_hal_uart.o
 .debug_abbrev  0x000025c7      0x2b3 ./Drivers/STM32F4xx_HAL_Driver/Src/stm32f4xx_ll_usb.o
 .debug_abbrev  0x0000287a      0x2a2 ./Middlewares/ST/STM32_USB_Device_Library/Class/HID/Src/usbd_hid.o
 .debug_abbrev  0x00002b1c      0x27c ./Middlewares/ST/STM32_USB_Device_Library/Core/Src/usbd_core.o
 .debug_abbrev  0x00002d98      0x26f ./Middlewares/ST/STM32_USB_Device_Library/Core/Src/usbd_ctlreq.o
 .debug_abbrev  0x00003007      0x19a ./Middlewares/ST/STM32_USB_Device_Library/Core/Src/usbd_ioreq.o
 .debug_abbrev  0x000031a1      0x190 ./USB_DEVICE/App/usb_device.o
 .debug_abbrev  0x00003331      0x1e3 ./USB_DEVICE/App/usbd_desc.o
 .debug_abbrev  0x00003514      0x341 ./USB_DEVICE/Target/usbd_conf.o

.debug_aranges  0x00000000     0x16a0
 .debug_aranges
                0x00000000       0xa0 ./Core/Src/main.o
 .debug_aranges
                0x000000a0       0x68 ./Core/Src/stm32f4xx_hal_msp.o
 .debug_aranges
                0x00000108       0x68 ./Core/Src/stm32f4xx_it.o
 .debug_aranges
                0x00000170       0x28 ./Core/Src/system_stm32f4xx.o
 .debug_aranges
                0x00000198       0x28 ./Core/Startup/startup_stm32f446retx.o
 .debug_aranges
                0x000001c0       0xf0 ./Drivers/STM32F4xx_HAL_Driver/Src/stm32f4xx_hal.o
 .debug_aranges
                0x000002b0      0x130 ./Drivers/STM32F4xx_HAL_Driver/Src/stm32f4xx_hal_cortex.o
 .debug_aranges
                0x000003e0       0x90 ./Drivers/STM32F4xx_HAL_Driver/Src/stm32f4xx_hal_dma.o
 .debug_aranges
                0x00000470       0x58 ./Drivers/STM32F4xx_HAL_Driver/Src/stm32f4xx_hal_gpio.o
 .debug_aranges
                0x000004c8      0x2a8 ./Drivers/STM32F4xx_HAL_Driver/Src/stm32f4xx_hal_i2c.o
 .debug_aranges
                0x00000770      0x148 ./Drivers/STM32F4xx_HAL_Driver/Src/stm32f4xx_hal_pcd.o
 .debug_aranges
                0x000008b8       0x48 ./Drivers/STM32F4xx_HAL_Driver/Src/stm32f4xx_hal_pcd_ex.o
 .debug_aranges
                0x00000900       0x88 ./Drivers/STM32F4xx_HAL_Driver/Src/stm32f4xx_hal_rcc.o
 .debug_aranges
                0x00000988       0x78 ./Drivers/STM32F4xx_HAL_Driver/Src/stm32f4xx_hal_rcc_ex.o
 .debug_aranges
                0x00000a00      0x3d0 ./Drivers/STM32F4xx_HAL_Driver/Src/stm32f4xx_hal_tim.o
 .debug_aranges
                0x00000dd0      0x168 ./Drivers/STM32F4xx_HAL_Driver/Src/stm32f4xx_hal_tim_ex.o
 .debug_aranges
                0x00000f38      0x208 ./Drivers/STM32F4xx_HAL_Driver/Src/stm32f4xx_hal_uart.o
 .debug_aranges
                0x00001140      0x1a0 ./Drivers/STM32F4xx_HAL_Driver/Src/stm32f4xx_ll_usb.o
 .debug_aranges
                0x000012e0       0x68 ./Middlewares/ST/STM32_USB_Device_Library/Class/HID/Src/usbd_hid.o
 .debug_aranges
                0x00001348       0xd8 ./Middlewares/ST/STM32_USB_Device_Library/Core/Src/usbd_core.o
 .debug_aranges
                0x00001420       0x90 ./Middlewares/ST/STM32_USB_Device_Library/Core/Src/usbd_ctlreq.o
 .debug_aranges
                0x000014b0       0x50 ./Middlewares/ST/STM32_USB_Device_Library/Core/Src/usbd_ioreq.o
 .debug_aranges
                0x00001500       0x20 ./USB_DEVICE/App/usb_device.o
 .debug_aranges
                0x00001520       0x68 ./USB_DEVICE/App/usbd_desc.o
 .debug_aranges
                0x00001588      0x118 ./USB_DEVICE/Target/usbd_conf.o

.debug_rnglists
                0x00000000     0x11ad
 .debug_rnglists
                0x00000000       0x7a ./Core/Src/main.o
 .debug_rnglists
                0x0000007a       0x4d ./Core/Src/stm32f4xx_hal_msp.o
 .debug_rnglists
                0x000000c7       0x49 ./Core/Src/stm32f4xx_it.o
 .debug_rnglists
                0x00000110       0x1a ./Core/Src/system_stm32f4xx.o
 .debug_rnglists
                0x0000012a       0x19 ./Core/Startup/startup_stm32f446retx.o
 .debug_rnglists
                0x00000143       0xaf ./Drivers/STM32F4xx_HAL_Driver/Src/stm32f4xx_hal.o
 .debug_rnglists
                0x000001f2       0xe0 ./Drivers/STM32F4xx_HAL_Driver/Src/stm32f4xx_hal_cortex.o
 .debug_rnglists
                0x000002d2       0x70 ./Drivers/STM32F4xx_HAL_Driver/Src/stm32f4xx_hal_dma.o
 .debug_rnglists
                0x00000342       0x3f ./Drivers/STM32F4xx_HAL_Driver/Src/stm32f4xx_hal_gpio.o
 .debug_rnglists
                0x00000381      0x23c ./Drivers/STM32F4xx_HAL_Driver/Src/stm32f4xx_hal_i2c.o
 .debug_rnglists
                0x000005bd       0xfa ./Drivers/STM32F4xx_HAL_Driver/Src/stm32f4xx_hal_pcd.o
 .debug_rnglists
                0x000006b7       0x32 ./Drivers/STM32F4xx_HAL_Driver/Src/stm32f4xx_hal_pcd_ex.o
 .debug_rnglists
                0x000006e9       0x66 ./Drivers/STM32F4xx_HAL_Driver/Src/stm32f4xx_hal_rcc.o
 .debug_rnglists
                0x0000074f       0x5e ./Drivers/STM32F4xx_HAL_Driver/Src/stm32f4xx_hal_rcc_ex.o
 .debug_rnglists
                0x000007ad      0x31a ./Drivers/STM32F4xx_HAL_Driver/Src/stm32f4xx_hal_tim.o
 .debug_rnglists
                0x00000ac7      0x125 ./Drivers/STM32F4xx_HAL_Driver/Src/stm32f4xx_hal_tim_ex.o
 .debug_rnglists
                0x00000bec      0x1bc ./Drivers/STM32F4xx_HAL_Driver/Src/stm32f4xx_hal_uart.o
 .debug_rnglists
                0x00000da8      0x147 ./Drivers/STM32F4xx_HAL_Driver/Src/stm32f4xx_ll_usb.o
 .debug_rnglists
                0x00000eef       0x4c ./Middlewares/ST/STM32_USB_Device_Library/Class/HID/Src/usbd_hid.o
 .debug_rnglists
                0x00000f3b       0xa1 ./Middlewares/ST/STM32_USB_Device_Library/Core/Src/usbd_core.o
 .debug_rnglists
                0x00000fdc       0x6e ./Middlewares/ST/STM32_USB_Device_Library/Core/Src/usbd_ctlreq.o
 .debug_rnglists
                0x0000104a       0x37 ./Middlewares/ST/STM32_USB_Device_Library/Core/Src/usbd_ioreq.o
 .debug_rnglists
                0x00001081       0x13 ./USB_DEVICE/App/usb_device.o
 .debug_rnglists
                0x00001094       0x49 ./USB_DEVICE/App/usbd_desc.o
 .debug_rnglists
                0x000010dd       0xd0 ./USB_DEVICE/Target/usbd_conf.o

.debug_macro    0x00000000    0x25576
 .debug_macro   0x00000000      0x3e9 ./Core/Src/main.o
 .debug_macro   0x000003e9      0xad8 ./Core/Src/main.o
 .debug_macro   0x00000ec1      0x2a7 ./Core/Src/main.o
 .debug_macro   0x00001168       0x2e ./Core/Src/main.o
 .debug_macro   0x00001196       0x28 ./Core/Src/main.o
 .debug_macro   0x000011be       0x22 ./Core/Src/main.o
 .debug_macro   0x000011e0       0x8e ./Core/Src/main.o
 .debug_macro   0x0000126e       0x51 ./Core/Src/main.o
 .debug_macro   0x000012bf      0x103 ./Core/Src/main.o
 .debug_macro   0x000013c2       0x6a ./Core/Src/main.o
 .debug_macro   0x0000142c      0x1df ./Core/Src/main.o
 .debug_macro   0x0000160b       0x1c ./Core/Src/main.o
 .debug_macro   0x00001627       0x22 ./Core/Src/main.o
 .debug_macro   0x00001649       0xfb ./Core/Src/main.o
 .debug_macro   0x00001744     0x1011 ./Core/Src/main.o
 .debug_macro   0x00002755      0x11f ./Core/Src/main.o
 .debug_macro   0x00002874    0x1675e ./Core/Src/main.o
 .debug_macro   0x00018fd2       0x6d ./Core/Src/main.o
 .debug_macro   0x0001903f     0x3693 ./Core/Src/main.o
 .debug_macro   0x0001c6d2      0x190 ./Core/Src/main.o
 .debug_macro   0x0001c862       0x5c ./Core/Src/main.o
 .debug_macro   0x0001c8be      0xca5 ./Core/Src/main.o
 .debug_macro   0x0001d563      0x9e9 ./Core/Src/main.o
 .debug_macro   0x0001df4c      0x115 ./Core/Src/main.o
 .debug_macro   0x0001e061      0x1a0 ./Core/Src/main.o
 .debug_macro   0x0001e201       0xa5 ./Core/Src/main.o
 .debug_macro   0x0001e2a6      0x16d ./Core/Src/main.o
 .debug_macro   0x0001e413      0x287 ./Core/Src/main.o
 .debug_macro   0x0001e69a       0x5f ./Core/Src/main.o
 .debug_macro   0x0001e6f9      0x236 ./Core/Src/main.o
 .debug_macro   0x0001e92f      0x132 ./Core/Src/main.o
 .debug_macro   0x0001ea61      0x29c ./Core/Src/main.o
 .debug_macro   0x0001ecfd       0x2e ./Core/Src/main.o
 .debug_macro   0x0001ed2b      0x1b5 ./Core/Src/main.o
 .debug_macro   0x0001eee0       0x22 ./Core/Src/main.o
 .debug_macro   0x0001ef02       0xd6 ./Core/Src/main.o
 .debug_macro   0x0001efd8      0x127 ./Core/Src/main.o
 .debug_macro   0x0001f0ff       0xe8 ./Core/Src/main.o
 .debug_macro   0x0001f1e7       0x89 ./Core/Src/main.o
 .debug_macro   0x0001f270      0x8ed ./Core/Src/main.o
 .debug_macro   0x0001fb5d       0x53 ./Core/Src/main.o
 .debug_macro   0x0001fbb0      0x2aa ./Core/Src/main.o
 .debug_macro   0x0001fe5a      0x293 ./Core/Src/main.o
 .debug_macro   0x000200ed       0xba ./Core/Src/main.o
 .debug_macro   0x000201a7      0x126 ./Core/Src/main.o
 .debug_macro   0x000202cd      0x304 ./Core/Src/main.o
 .debug_macro   0x000205d1       0x61 ./Core/Src/main.o
 .debug_macro   0x00020632       0x2a ./Core/Src/main.o
 .debug_macro   0x0002065c       0x43 ./Core/Src/main.o
 .debug_macro   0x0002069f       0x34 ./Core/Src/main.o
 .debug_macro   0x000206d3       0x16 ./Core/Src/main.o
 .debug_macro   0x000206e9       0x3c ./Core/Src/main.o
 .debug_macro   0x00020725      0x370 ./Core/Src/main.o
 .debug_macro   0x00020a95       0x10 ./Core/Src/main.o
 .debug_macro   0x00020aa5       0x16 ./Core/Src/main.o
 .debug_macro   0x00020abb       0x4a ./Core/Src/main.o
 .debug_macro   0x00020b05       0x34 ./Core/Src/main.o
 .debug_macro   0x00020b39       0x10 ./Core/Src/main.o
 .debug_macro   0x00020b49       0x58 ./Core/Src/main.o
 .debug_macro   0x00020ba1       0x8e ./Core/Src/main.o
 .debug_macro   0x00020c2f       0x1c ./Core/Src/main.o
 .debug_macro   0x00020c4b      0x185 ./Core/Src/main.o
 .debug_macro   0x00020dd0       0x16 ./Core/Src/main.o
 .debug_macro   0x00020de6       0x16 ./Core/Src/main.o
 .debug_macro   0x00020dfc      0x146 ./Core/Src/main.o
 .debug_macro   0x00020f42       0x16 ./Core/Src/main.o
 .debug_macro   0x00020f58       0x16 ./Core/Src/main.o
 .debug_macro   0x00020f6e       0x29 ./Core/Src/main.o
 .debug_macro   0x00020f97       0x16 ./Core/Src/main.o
 .debug_macro   0x00020fad       0x20 ./Core/Src/main.o
 .debug_macro   0x00020fcd       0x6b ./Core/Src/main.o
 .debug_macro   0x00021038      0x20f ./Core/Src/main.o
 .debug_macro   0x00021247       0x5f ./Core/Src/main.o
 .debug_macro   0x000212a6      0x21a ./Core/Src/stm32f4xx_hal_msp.o
 .debug_macro   0x000214c0      0x224 ./Core/Src/stm32f4xx_it.o
 .debug_macro   0x000216e4      0x20b ./Core/Src/system_stm32f4xx.o
 .debug_macro   0x000218ef      0x26b ./Drivers/STM32F4xx_HAL_Driver/Src/stm32f4xx_hal.o
 .debug_macro   0x00021b5a      0x20b ./Drivers/STM32F4xx_HAL_Driver/Src/stm32f4xx_hal_cortex.o
 .debug_macro   0x00021d65      0x211 ./Drivers/STM32F4xx_HAL_Driver/Src/stm32f4xx_hal_dma.o
 .debug_macro   0x00021f76      0x211 ./Drivers/STM32F4xx_HAL_Driver/Src/stm32f4xx_hal_gpio.o
 .debug_macro   0x00022187      0x259 ./Drivers/STM32F4xx_HAL_Driver/Src/stm32f4xx_hal_i2c.o
 .debug_macro   0x000223e0      0x217 ./Drivers/STM32F4xx_HAL_Driver/Src/stm32f4xx_hal_pcd.o
 .debug_macro   0x000225f7      0x20b ./Drivers/STM32F4xx_HAL_Driver/Src/stm32f4xx_hal_pcd_ex.o
 .debug_macro   0x00022802      0x22f ./Drivers/STM32F4xx_HAL_Driver/Src/stm32f4xx_hal_rcc.o
 .debug_macro   0x00022a31      0x20b ./Drivers/STM32F4xx_HAL_Driver/Src/stm32f4xx_hal_rcc_ex.o
 .debug_macro   0x00022c3c      0x20c ./Drivers/STM32F4xx_HAL_Driver/Src/stm32f4xx_hal_tim.o
 .debug_macro   0x00022e48      0x20b ./Drivers/STM32F4xx_HAL_Driver/Src/stm32f4xx_hal_tim_ex.o
 .debug_macro   0x00023053      0x20c ./Drivers/STM32F4xx_HAL_Driver/Src/stm32f4xx_hal_uart.o
 .debug_macro   0x0002325f      0x20b ./Drivers/STM32F4xx_HAL_Driver/Src/stm32f4xx_ll_usb.o
 .debug_macro   0x0002346a      0x3a9 ./Middlewares/ST/STM32_USB_Device_Library/Class/HID/Src/usbd_hid.o
 .debug_macro   0x00023813       0x9e ./Middlewares/ST/STM32_USB_Device_Library/Class/HID/Src/usbd_hid.o
 .debug_macro   0x000238b1      0x112 ./Middlewares/ST/STM32_USB_Device_Library/Class/HID/Src/usbd_hid.o
 .debug_macro   0x000239c3       0x56 ./Middlewares/ST/STM32_USB_Device_Library/Class/HID/Src/usbd_hid.o
 .debug_macro   0x00023a19      0x390 ./Middlewares/ST/STM32_USB_Device_Library/Core/Src/usbd_core.o
 .debug_macro   0x00023da9      0x215 ./Middlewares/ST/STM32_USB_Device_Library/Core/Src/usbd_core.o
 .debug_macro   0x00023fbe      0x39a ./Middlewares/ST/STM32_USB_Device_Library/Core/Src/usbd_ctlreq.o
 .debug_macro   0x00024358      0x396 ./Middlewares/ST/STM32_USB_Device_Library/Core/Src/usbd_ioreq.o
 .debug_macro   0x000246ee      0x3c0 ./USB_DEVICE/App/usb_device.o
 .debug_macro   0x00024aae      0x30a ./USB_DEVICE/App/usb_device.o
 .debug_macro   0x00024db8       0x22 ./USB_DEVICE/App/usb_device.o
 .debug_macro   0x00024dda      0x3d3 ./USB_DEVICE/App/usbd_desc.o
 .debug_macro   0x000251ad       0x1c ./USB_DEVICE/App/usbd_desc.o
 .debug_macro   0x000251c9      0x3ad ./USB_DEVICE/Target/usbd_conf.o

.debug_line     0x00000000    0x1c06a
 .debug_line    0x00000000      0xe38 ./Core/Src/main.o
 .debug_line    0x00000e38      0x94b ./Core/Src/stm32f4xx_hal_msp.o
 .debug_line    0x00001783      0x7e2 ./Core/Src/stm32f4xx_it.o
 .debug_line    0x00001f65      0x791 ./Core/Src/system_stm32f4xx.o
 .debug_line    0x000026f6       0x7a ./Core/Startup/startup_stm32f446retx.o
 .debug_line    0x00002770      0xa0d ./Drivers/STM32F4xx_HAL_Driver/Src/stm32f4xx_hal.o
 .debug_line    0x0000317d      0xcdd ./Drivers/STM32F4xx_HAL_Driver/Src/stm32f4xx_hal_cortex.o
 .debug_line    0x00003e5a      0xf79 ./Drivers/STM32F4xx_HAL_Driver/Src/stm32f4xx_hal_dma.o
 .debug_line    0x00004dd3      0xb51 ./Drivers/STM32F4xx_HAL_Driver/Src/stm32f4xx_hal_gpio.o
 .debug_line    0x00005924     0x3aba ./Drivers/STM32F4xx_HAL_Driver/Src/stm32f4xx_hal_i2c.o
 .debug_line    0x000093de     0x1488 ./Drivers/STM32F4xx_HAL_Driver/Src/stm32f4xx_hal_pcd.o
 .debug_line    0x0000a866      0x82d ./Drivers/STM32F4xx_HAL_Driver/Src/stm32f4xx_hal_pcd_ex.o
 .debug_line    0x0000b093      0xe28 ./Drivers/STM32F4xx_HAL_Driver/Src/stm32f4xx_hal_rcc.o
 .debug_line    0x0000bebb     0x14d9 ./Drivers/STM32F4xx_HAL_Driver/Src/stm32f4xx_hal_rcc_ex.o
 .debug_line    0x0000d394     0x3782 ./Drivers/STM32F4xx_HAL_Driver/Src/stm32f4xx_hal_tim.o
 .debug_line    0x00010b16     0x196d ./Drivers/STM32F4xx_HAL_Driver/Src/stm32f4xx_hal_tim_ex.o
 .debug_line    0x00012483     0x2555 ./Drivers/STM32F4xx_HAL_Driver/Src/stm32f4xx_hal_uart.o
 .debug_line    0x000149d8     0x1d2f ./Drivers/STM32F4xx_HAL_Driver/Src/stm32f4xx_ll_usb.o
 .debug_line    0x00016707      0xc3e ./Middlewares/ST/STM32_USB_Device_Library/Class/HID/Src/usbd_hid.o
 .debug_line    0x00017345      0xf28 ./Middlewares/ST/STM32_USB_Device_Library/Core/Src/usbd_core.o
 .debug_line    0x0001826d     0x1107 ./Middlewares/ST/STM32_USB_Device_Library/Core/Src/usbd_ctlreq.o
 .debug_line    0x00019374      0xa2f ./Middlewares/ST/STM32_USB_Device_Library/Core/Src/usbd_ioreq.o
 .debug_line    0x00019da3      0x9d6 ./USB_DEVICE/App/usb_device.o
 .debug_line    0x0001a779      0xab9 ./USB_DEVICE/App/usbd_desc.o
 .debug_line    0x0001b232      0xe38 ./USB_DEVICE/Target/usbd_conf.o

.debug_str      0x00000000    0xd7ce0
 .debug_str     0x00000000    0xd7ce0 ./Core/Src/main.o
                              0xd268c (size before relaxing)
 .debug_str     0x000d7ce0    0xcd754 ./Core/Src/stm32f4xx_hal_msp.o
 .debug_str     0x000d7ce0    0xcd006 ./Core/Src/stm32f4xx_it.o
 .debug_str     0x000d7ce0    0xcc61f ./Core/Src/system_stm32f4xx.o
 .debug_str     0x000d7ce0       0x7e ./Core/Startup/startup_stm32f446retx.o
 .debug_str     0x000d7ce0    0xcd1e4 ./Drivers/STM32F4xx_HAL_Driver/Src/stm32f4xx_hal.o
 .debug_str     0x000d7ce0    0xccf3b ./Drivers/STM32F4xx_HAL_Driver/Src/stm32f4xx_hal_cortex.o
 .debug_str     0x000d7ce0    0xcca14 ./Drivers/STM32F4xx_HAL_Driver/Src/stm32f4xx_hal_dma.o
 .debug_str     0x000d7ce0    0xcc79a ./Drivers/STM32F4xx_HAL_Driver/Src/stm32f4xx_hal_gpio.o
 .debug_str     0x000d7ce0    0xcd61d ./Drivers/STM32F4xx_HAL_Driver/Src/stm32f4xx_hal_i2c.o
 .debug_str     0x000d7ce0    0xcd130 ./Drivers/STM32F4xx_HAL_Driver/Src/stm32f4xx_hal_pcd.o
 .debug_str     0x000d7ce0    0xcca32 ./Drivers/STM32F4xx_HAL_Driver/Src/stm32f4xx_hal_pcd_ex.o
 .debug_str     0x000d7ce0    0xcca58 ./Drivers/STM32F4xx_HAL_Driver/Src/stm32f4xx_hal_rcc.o
 .debug_str     0x000d7ce0    0xcca8b ./Drivers/STM32F4xx_HAL_Driver/Src/stm32f4xx_hal_rcc_ex.o
 .debug_str     0x000d7ce0    0xcd984 ./Drivers/STM32F4xx_HAL_Driver/Src/stm32f4xx_hal_tim.o
 .debug_str     0x000d7ce0    0xcd190 ./Drivers/STM32F4xx_HAL_Driver/Src/stm32f4xx_hal_tim_ex.o
 .debug_str     0x000d7ce0    0xcd00f ./Drivers/STM32F4xx_HAL_Driver/Src/stm32f4xx_hal_uart.o
 .debug_str     0x000d7ce0    0xccfec ./Drivers/STM32F4xx_HAL_Driver/Src/stm32f4xx_ll_usb.o
 .debug_str     0x000d7ce0    0xd1759 ./Middlewares/ST/STM32_USB_Device_Library/Class/HID/Src/usbd_hid.o
 .debug_str     0x000d7ce0    0xd16c2 ./Middlewares/ST/STM32_USB_Device_Library/Core/Src/usbd_core.o
 .debug_str     0x000d7ce0    0xd14ed ./Middlewares/ST/STM32_USB_Device_Library/Core/Src/usbd_ctlreq.o
 .debug_str     0x000d7ce0    0xd13c2 ./Middlewares/ST/STM32_USB_Device_Library/Core/Src/usbd_ioreq.o
 .debug_str     0x000d7ce0    0xd1557 ./USB_DEVICE/App/usb_device.o
 .debug_str     0x000d7ce0    0xd12d6 ./USB_DEVICE/App/usbd_desc.o
 .debug_str     0x000d7ce0    0xd2723 ./USB_DEVICE/Target/usbd_conf.o

.comment        0x00000000       0x43
 .comment       0x00000000       0x43 ./Core/Src/main.o
                                 0x44 (size before relaxing)
 .comment       0x00000043       0x44 ./Core/Src/stm32f4xx_hal_msp.o
 .comment       0x00000043       0x44 ./Core/Src/stm32f4xx_it.o
 .comment       0x00000043       0x44 ./Core/Src/system_stm32f4xx.o
 .comment       0x00000043       0x44 ./Drivers/STM32F4xx_HAL_Driver/Src/stm32f4xx_hal.o
 .comment       0x00000043       0x44 ./Drivers/STM32F4xx_HAL_Driver/Src/stm32f4xx_hal_cortex.o
 .comment       0x00000043       0x44 ./Drivers/STM32F4xx_HAL_Driver/Src/stm32f4xx_hal_dma.o
 .comment       0x00000043       0x44 ./Drivers/STM32F4xx_HAL_Driver/Src/stm32f4xx_hal_gpio.o
 .comment       0x00000043       0x44 ./Drivers/STM32F4xx_HAL_Driver/Src/stm32f4xx_hal_i2c.o
 .comment       0x00000043       0x44 ./Drivers/STM32F4xx_HAL_Driver/Src/stm32f4xx_hal_pcd.o
 .comment       0x00000043       0x44 ./Drivers/STM32F4xx_HAL_Driver/Src/stm32f4xx_hal_pcd_ex.o
 .comment       0x00000043       0x44 ./Drivers/STM32F4xx_HAL_Driver/Src/stm32f4xx_hal_rcc.o
 .comment       0x00000043       0x44 ./Drivers/STM32F4xx_HAL_Driver/Src/stm32f4xx_hal_rcc_ex.o
 .comment       0x00000043       0x44 ./Drivers/STM32F4xx_HAL_Driver/Src/stm32f4xx_hal_tim.o
 .comment       0x00000043       0x44 ./Drivers/STM32F4xx_HAL_Driver/Src/stm32f4xx_hal_tim_ex.o
 .comment       0x00000043       0x44 ./Drivers/STM32F4xx_HAL_Driver/Src/stm32f4xx_hal_uart.o
 .comment       0x00000043       0x44 ./Drivers/STM32F4xx_HAL_Driver/Src/stm32f4xx_ll_usb.o
 .comment       0x00000043       0x44 ./Middlewares/ST/STM32_USB_Device_Library/Class/HID/Src/usbd_hid.o
 .comment       0x00000043       0x44 ./Middlewares/ST/STM32_USB_Device_Library/Core/Src/usbd_core.o
 .comment       0x00000043       0x44 ./Middlewares/ST/STM32_USB_Device_Library/Core/Src/usbd_ctlreq.o
 .comment       0x00000043       0x44 ./Middlewares/ST/STM32_USB_Device_Library/Core/Src/usbd_ioreq.o
 .comment       0x00000043       0x44 ./USB_DEVICE/App/usb_device.o
 .comment       0x00000043       0x44 ./USB_DEVICE/App/usbd_desc.o
 .comment       0x00000043       0x44 ./USB_DEVICE/Target/usbd_conf.o

.debug_frame    0x00000000     0x60cc
 .debug_frame   0x00000000      0x230 ./Core/Src/main.o
 .debug_frame   0x00000230      0x188 ./Core/Src/stm32f4xx_hal_msp.o
 .debug_frame   0x000003b8      0x120 ./Core/Src/stm32f4xx_it.o
 .debug_frame   0x000004d8       0x58 ./Core/Src/system_stm32f4xx.o
 .debug_frame   0x00000530      0x374 ./Drivers/STM32F4xx_HAL_Driver/Src/stm32f4xx_hal.o
 .debug_frame   0x000008a4      0x508 ./Drivers/STM32F4xx_HAL_Driver/Src/stm32f4xx_hal_cortex.o
 .debug_frame   0x00000dac      0x250 ./Drivers/STM32F4xx_HAL_Driver/Src/stm32f4xx_hal_dma.o
 .debug_frame   0x00000ffc      0x14c ./Drivers/STM32F4xx_HAL_Driver/Src/stm32f4xx_hal_gpio.o
 .debug_frame   0x00001148      0xc84 ./Drivers/STM32F4xx_HAL_Driver/Src/stm32f4xx_hal_i2c.o
 .debug_frame   0x00001dcc      0x5b8 ./Drivers/STM32F4xx_HAL_Driver/Src/stm32f4xx_hal_pcd.o
 .debug_frame   0x00002384      0x100 ./Drivers/STM32F4xx_HAL_Driver/Src/stm32f4xx_hal_pcd_ex.o
 .debug_frame   0x00002484      0x1f4 ./Drivers/STM32F4xx_HAL_Driver/Src/stm32f4xx_hal_rcc.o
 .debug_frame   0x00002678      0x1e8 ./Drivers/STM32F4xx_HAL_Driver/Src/stm32f4xx_hal_rcc_ex.o
 .debug_frame   0x00002860     0x11c0 ./Drivers/STM32F4xx_HAL_Driver/Src/stm32f4xx_hal_tim.o
 .debug_frame   0x00003a20      0x638 ./Drivers/STM32F4xx_HAL_Driver/Src/stm32f4xx_hal_tim_ex.o
 .debug_frame   0x00004058      0x954 ./Drivers/STM32F4xx_HAL_Driver/Src/stm32f4xx_hal_uart.o
 .debug_frame   0x000049ac      0x7c0 ./Drivers/STM32F4xx_HAL_Driver/Src/stm32f4xx_ll_usb.o
 .debug_frame   0x0000516c      0x184 ./Middlewares/ST/STM32_USB_Device_Library/Class/HID/Src/usbd_hid.o
 .debug_frame   0x000052f0      0x390 ./Middlewares/ST/STM32_USB_Device_Library/Core/Src/usbd_core.o
 .debug_frame   0x00005680      0x23c ./Middlewares/ST/STM32_USB_Device_Library/Core/Src/usbd_ctlreq.o
 .debug_frame   0x000058bc      0x10c ./Middlewares/ST/STM32_USB_Device_Library/Core/Src/usbd_ioreq.o
 .debug_frame   0x000059c8       0x2c ./USB_DEVICE/App/usb_device.o
 .debug_frame   0x000059f4      0x188 ./USB_DEVICE/App/usbd_desc.o
 .debug_frame   0x00005b7c      0x4a4 ./USB_DEVICE/Target/usbd_conf.o
 .debug_frame   0x00006020       0x20 /home/ukim/st/stm32cubeide_1.19.0/plugins/com.st.stm32cube.ide.mcu.externaltools.gnu-tools-for-stm32.13.3.rel1.linux64_1.0.0.202410170706/tools/bin/../lib/gcc/arm-none-eabi/13.3.1/../../../../arm-none-eabi/lib/thumb/v7e-m+fp/hard/libc_nano.a(libc_a-memset.o)
 .debug_frame   0x00006040       0x2c /home/ukim/st/stm32cubeide_1.19.0/plugins/com.st.stm32cube.ide.mcu.externaltools.gnu-tools-for-stm32.13.3.rel1.linux64_1.0.0.202410170706/tools/bin/../lib/gcc/arm-none-eabi/13.3.1/../../../../arm-none-eabi/lib/thumb/v7e-m+fp/hard/libc_nano.a(libc_a-init.o)
 .debug_frame   0x0000606c       0x2c /home/ukim/st/stm32cubeide_1.19.0/plugins/com.st.stm32cube.ide.mcu.externaltools.gnu-tools-for-stm32.13.3.rel1.linux64_1.0.0.202410170706/tools/bin/../lib/gcc/arm-none-eabi/13.3.1/thumb/v7e-m+fp/hard/libgcc.a(_aeabi_uldivmod.o)