../Core/Src/main.c:70:6:pq_init	16	static
../Core/Src/main.c:77:6:pq_push	24	static
../Core/Src/main.c:87:6:pq_pop	16	static
../Core/Src/main.c:211:5:main	40	static
../Core/Src/main.c:335:6:mergeChild	40	static
../Core/Src/main.c:364:6:SystemClock_Config	88	static
../Core/Src/main.c:408:6:HAL_UART_RxCpltCallback	16	static
../Core/Src/main.c:427:6:HAL_UART_ErrorCallback	16	static
../Core/Src/main.c:445:6:findBestParent	24	static
../Core/Src/main.c:466:6:handleUARTMessages	56	static
../Core/Src/main.c:525:6:addUSBReport	24	static
../Core/Src/main.c:533:6:matrixScan	16	static
../Core/Src/main.c:555:6:encoderProcess	32	static
../Core/Src/main.c:579:6:resetReport	8	static
../Core/Src/main.c:589:6:Error_Handler	4	static,ignoring_inline_asm
