../Core/Src/main.c:70:6:pq_init	16	static
../Core/Src/main.c:77:6:pq_push	24	static
../Core/Src/main.c:87:6:pq_pop	16	static
../Core/Src/main.c:218:5:main	40	static
../Core/Src/main.c:341:6:mergeChild	40	static
../Core/Src/main.c:370:6:SystemClock_Config	88	static
../Core/Src/main.c:414:6:HAL_UART_RxCpltCallback	16	static
../Core/Src/main.c:433:6:HAL_UART_ErrorCallback	16	static
../Core/Src/main.c:451:6:findBestParent	24	static
../Core/Src/main.c:472:6:handleUARTMessages	56	static
../Core/Src/main.c:531:6:addUSBReport	24	static
../Core/Src/main.c:547:6:matrixScan	16	static
../Core/Src/main.c:569:6:encoderProcess	32	static
../Core/Src/main.c:593:6:resetReport	8	static
../Core/Src/main.c:604:6:Error_Handler	4	static,ignoring_inline_asm
