../Core/Src/main.c:70:6:pq_init	1
../Core/Src/main.c:77:6:pq_push	2
../Core/Src/main.c:87:6:pq_pop	2
../Core/Src/main.c:211:5:main	7
../Core/Src/main.c:335:6:mergeChild	7
../Core/Src/main.c:364:6:SystemClock_Config	3
../Core/Src/main.c:408:6:HAL_UART_RxCpltCallback	5
../Core/Src/main.c:427:6:HAL_UART_ErrorCallback	5
../Core/Src/main.c:445:6:findBestParent	4
../Core/Src/main.c:466:6:handleUARTMessages	14
../Core/Src/main.c:525:6:addUSBReport	3
../Core/Src/main.c:533:6:matrixScan	5
../Core/Src/main.c:555:6:encoderProcess	9
../Core/Src/main.c:579:6:resetReport	1
../Core/Src/main.c:589:6:Error_Handler	1
