../Core/Src/main.c:70:6:pq_init	1
../Core/Src/main.c:77:6:pq_push	2
../Core/Src/main.c:87:6:pq_pop	2
../Core/Src/main.c:206:5:main	7
../Core/Src/main.c:330:6:mergeChild	7
../Core/Src/main.c:359:6:SystemClock_Config	3
../Core/Src/main.c:403:6:HAL_UART_RxCpltCallback	5
../Core/Src/main.c:422:6:HAL_UART_ErrorCallback	5
../Core/Src/main.c:440:6:findBestParent	4
../Core/Src/main.c:461:6:handleUARTMessages	14
../Core/Src/main.c:520:6:addUSBReport	3
../Core/Src/main.c:528:6:matrixScan	5
../Core/Src/main.c:550:6:encoderProcess	9
../Core/Src/main.c:574:6:resetReport	1
../Core/Src/main.c:584:6:Error_Handler	1
