../Core/Src/main.c:69:6:pq_init	1
../Core/Src/main.c:76:6:pq_push	2
../Core/Src/main.c:86:6:pq_pop	2
../Core/Src/main.c:205:5:main	7
../Core/Src/main.c:325:6:mergeChild	7
../Core/Src/main.c:354:6:SystemClock_Config	3
../Core/Src/main.c:398:6:HAL_UART_RxCpltCallback	5
../Core/Src/main.c:417:6:HAL_UART_ErrorCallback	5
../Core/Src/main.c:435:6:findBestParent	4
../Core/Src/main.c:456:6:handleUARTMessages	14
../Core/Src/main.c:515:6:addUSBReport	3
../Core/Src/main.c:523:6:matrixScan	5
../Core/Src/main.c:545:6:encoderProcess	9
../Core/Src/main.c:569:6:resetReport	1
../Core/Src/main.c:579:6:Error_Handler	1
