../Core/Src/main.c:69:6:pq_init	16	static
../Core/Src/main.c:76:6:pq_push	24	static
../Core/Src/main.c:86:6:pq_pop	16	static
../Core/Src/main.c:217:5:main	40	static
../Core/Src/main.c:337:6:RGBProcess	16	static
../Core/Src/main.c:350:6:setRGBcolor	32	static
../Core/Src/main.c:366:6:sendRGBcolor	8	static
../Core/Src/main.c:370:6:mergeChild	40	static
../Core/Src/main.c:399:6:SystemClock_Config	88	static
../Core/Src/main.c:443:6:HAL_UART_RxCpltCallback	16	static
../Core/Src/main.c:462:6:HAL_UART_ErrorCallback	16	static
../Core/Src/main.c:480:6:findBestParent	24	static
../Core/Src/main.c:501:6:handleUARTMessages	56	static
../Core/Src/main.c:560:6:addUSBReport	24	static
../Core/Src/main.c:568:6:matrixScan	16	static
../Core/Src/main.c:590:6:encoderProcess	32	static
../Core/Src/main.c:614:6:resetReport	8	static
../Core/Src/main.c:624:6:Error_Handler	4	static,ignoring_inline_asm
