../Core/Src/main.c:69:6:pq_init	1
../Core/Src/main.c:76:6:pq_push	2
../Core/Src/main.c:86:6:pq_pop	2
../Core/Src/main.c:217:5:main	7
../Core/Src/main.c:337:6:RGBProcess	2
../Core/Src/main.c:350:6:setRGBcolor	4
../Core/Src/main.c:366:6:sendRGBcolor	1
../Core/Src/main.c:370:6:mergeChild	7
../Core/Src/main.c:399:6:SystemClock_Config	3
../Core/Src/main.c:443:6:HAL_UART_RxCpltCallback	5
../Core/Src/main.c:462:6:HAL_UART_ErrorCallback	5
../Core/Src/main.c:480:6:findBestParent	4
../Core/Src/main.c:501:6:handleUARTMessages	14
../Core/Src/main.c:560:6:addUSBReport	3
../Core/Src/main.c:568:6:matrixScan	5
../Core/Src/main.c:590:6:encoderProcess	9
../Core/Src/main.c:614:6:resetReport	1
../Core/Src/main.c:624:6:Error_Handler	1
